D/Hwmsen_sensors(  699): virtual int Hwmsen::enable(int32_t, int): handle 0, enable or disable 0!
D/Hwmsen_sensors(  699): active_sensors =0
D/SensorService(  699): ~SensorEventConnection(0xb82e4e88)
D/SensorService(  699): 0 active sensors
D/KeyguardViewMediator(  815): >>>onScreenTurnedOff(3) ---ScreenOff Before--synchronized (this)
D/KeyguardViewMediator(  815): onScreenTurnedOff(3) ---ScreenOff mScreenOn = false; Before--boolean lockImmediately
D/KeyguardViewMediator(  815): onScreenTurnedOff(3) ---ScreenOff mScreenOn = false; After--boolean lockImmediately=true, mExitSecureCallback=null, mShowing=false, mIsIPOShutDown = false
D/KeyguardViewMediator(  815): notifyScreenOffLocked
D/KeyguardViewMediator(  815): onScreenTurnedOff() - call doKeyguardLaterLocked().
D/KeyguardViewMediator(  815): doKeyguardLaterLocked() is called.
V/SettingsInterface(  815):  from settings cache , name = screen_off_timeout , value = 60000
V/SettingsInterface(  815):  from settings cache , name = lock_screen_lock_after_timeout , value = null
D/PowerManagerNotifier(  699): updatePendingBroadcastLocked mBroadcastInProgress = false, mPendingGoToSleepBroadcast = true, mPendingWakeUpBroadcast = false, mActualInteractiveState = 2, mBroadcastedInteractiveState = 1
D/PowerManagerService(  699): Acquiring suspend blocker "PowerManagerService.Broadcasts".
D/PowerManagerNotifier(  699): sendNextBroadcast, mBroadcastedInteractiveState = 1, mActualInteractiveState = 2
D/PowerManagerNotifier(  699): sendGoToSleepBroadcast
D/PowerManagerNotifier(  699): sendGoToSleepBroadcast - sendOrderedBroadcastAsUser
V/ActivityManager(  699): Broadcast: Intent { act=android.intent.action.SCREEN_OFF flg=0x50000010 } ordered=true userid=-1 callerApp=ProcessRecord{cf3a7d7 699:system/1000}
D/FeatureProxyBase(  699): FeatureProxyBase class constructor
D/FeatureProxyBase(  699): getService(), serviceName = multiwindow_service_v1
D/ActivityThread(  699): BDC-Calling finishReceiver: IIntentReceiver=35d17070
D/FeatureProxyBase(  699): FeatureProxyBase class constructor
D/FeatureProxyBase(  699): getService(), serviceName = multiwindow_service_v1
D/FeatureProxyBase(  699): FeatureProxyBase class constructor
D/FeatureProxyBase(  699): getService(), serviceName = multiwindow_service_v1
I/PowerManagerService(  699): canDreamLocked mWakefulness = 3, mDreamsSupportedConfig = true, mDreamsEnabledSetting = true, mDisplayPowerRequest.isBrightOrDim() = true, mSmartBookForceBacklightOff = false, mUserActivitySummary = 4, mBootCompleted = true
I/PowerManagerService(  699): handleSandman startDreaming = true
D/KeyguardViewMediator(  815): doKeyguardLaterLocked enter displayTimeout=60000, lockAfterTimeout=5000, policyTimeout=0, timeout=5000
V/SettingsInterface(  699):  from settings cache , name = doze_enabled , value = null
D/PowerManagerService(  699): reallyGoToSleepNoUpdateLocked: eventTime=1558626, uid=1000
I/PowerManagerService(  699): Sleeping (uid 1000)...
D/PowerManagerNotifier(  699): onWakefulnessChangeStarted: wakefulness=0, reason=2
D/PowerManagerService(  699): updateWakeLockSummaryLocked: mWakefulness=Asleep, mWakeLockSummary=0x0
D/PowerManagerService(  699): updateUserActivitySummaryLocked: mWakefulness=Asleep, mUserActivitySummary=0x0, nextTimeout=0 (1558626 ms ago)
D/PowerManagerService(  699): mDisplayPowerRequest.policy = 0
D/PowerManagerService(  699): isWfdEnabled() mWfdStatus=WifiDisplayStatus{featureState=0, scanState=0, activeDisplayState=0, activeDisplay=null, displays=[], sessionInfo=WifiDisplaySessionInfo: C/O:Client,GId:,Pp:,SId:0,IP:}, return false
D/DisplayPowerController(  699): requestPowerState: policy=OFF, useProximitySensor=false, screenBrightness=102, screenAutoBrightnessAdjustment=0.0, useAutoBrightness=false, blockScreenOn=false, lowPowerMode=false, boostScreenBrightness=false, dozeScreenBrightness=-1, dozeScreenState=UNKNOWN, waitForNegativeProximity=false
I/PowerManagerService(  699): setBrightness mButtonLight 0.
D/PowerManagerService(  699): updateDisplayPowerStateLocked: mDisplayReady=false, policy=0, mWakefulness=0, mWakeLockSummary=0x0, mUserActivitySummary=0x0, mBootCompleted=true, mScreenBrightnessBoostInProgress=false
I/BufferQueue(  166): [unnamed-166-17](this:0xb89ca048,id:17,api:0,p:-1,c:-1) BufferQueue core=(166:/system/bin/surfaceflinger)
I/BufferQueueConsumer(  166): [unnamed-166-17](this:0xb89ca048,id:17,api:0,p:-1,c:166) connect(C): consumer=(166:/system/bin/surfaceflinger) controlledByApp=false
I/BufferQueueConsumer(  166): [unnamed-166-17](this:0xb89ca048,id:17,api:0,p:-1,c:166) setConsumerName: unnamed-166-17
I/BufferQueueConsumer(  166): [ColorFade](this:0xb89ca048,id:17,api:0,p:-1,c:166) setConsumerName: ColorFade
I/BufferQueueConsumer(  166): [ColorFade](this:0xb89ca048,id:17,api:0,p:-1,c:166) setDefaultBufferSize: width=320 height=240
D/ActivityThread(  699): BDC-Calling finishReceiver: IIntentReceiver=1841b740
D/FeatureProxyBase(  699): FeatureProxyBase class constructor
D/FeatureProxyBase(  699): getService(), serviceName = multiwindow_service_v1
V/AlarmManager(  699): APP set(PendingIntent{3d6ebf21: PendingIntentRecord{1ae99f46 com.android.systemui broadcastIntent}}) : type=2 triggerAtTime=1721286 win=0 tElapsed=1721301 maxElapsed=1721301 interval=0 standalone=true alarmClockInfo = null
D/AlarmManager(  699):  whichBatch = -1
D/AlarmManager(  699): set alarm to RTC 1721301
I/SurfaceFlinger(  166): [Built-in Screen (type:0)] fps:0.243896,dur:4100.10,max:4100.10,min:4100.10
D/KeyguardViewMediator(  815): setting alarm to turn off keyguard, seq = 3
D/KeyguardViewMediator(  815): handleNotifyScreenOff
D/KeyguardViewMediator(  815): <<<onScreenTurnedOff(3) ---ScreenOff After--synchronized (this)
D/FeatureProxyBase(  699): FeatureProxyBase class constructor
D/FeatureProxyBase(  699): getService(), serviceName = multiwindow_service_v1
D/Surface (  699): Surface::connect(this=0xb858ce80,api=1)
I/BufferQueueProducer(  166): [ColorFade](this:0xb89ca048,id:17,api:1,p:699,c:166) connect(P): api=1 producer=(699:system_server) producerControlledByApp=false
D/ActivityThread(  699): BDC-Calling finishReceiver: IIntentReceiver=182b076c
D/FeatureProxyBase(  699): FeatureProxyBase class constructor
D/FeatureProxyBase(  699): getService(), serviceName = multiwindow_service_v1
I/BufferQueueProducer(  166): [ColorFade](this:0xb89ca048,id:17,api:1,p:699,c:166) new GraphicBuffer needed
I/[MALI][Gralloc](  166): usage: 0xf02, format: 1 stride: 320 vertical_stride: 240 size: 307200
D/GraphicBuffer(  166): alloc, handle(0xb89d1890) (w:320 h:240 s:320 f:0x1 u:0x000f02) err(0)
D/GraphicBuffer(  699): register, handle(0xb84a4fa0) (w:320 h:240 s:320 f:0x1 u:0x000f02)
D/BufferQueueProducer(  166): [ColorFade](this:0xb89ca048,id:17,api:1,p:699,c:166) cancelBuffer: slot 0
I/MaliEGL (  699): [Mali]window_type=1, is_framebuffer=0, errnum = 0
I/MaliEGL (  699): [Mali]surface->num_buffers=4, surface->num_frames=3, win_min_undequeued=1
I/MaliEGL (  699): [Mali]max_allowed_dequeued_buffers=3
D/Surface (  699): Surface::setBufferCount(this=0xb858ce80,bufferCount=4)
I/BufferQueueProducer(  166): [ColorFade](this:0xb89ca048,id:17,api:1,p:699,c:166) setBufferCount: count = 4
D/GraphicBuffer(  166): free, handle(0xb89d1890) (w:320 h:240 s:320 f:0x1 u:0x000f02)
I/BufferQueueConsumer(  166): [ColorFade](this:0xb89ca048,id:17,api:1,p:699,c:166) getReleasedBuffers: returning mask 0xffffffffffffffff
D/GraphicBuffer(  699): unregister, handle(0xb84a4fa0) (w:320 h:240 s:320 f:0x1 u:0x000f02)
D/MALI    (  699): _egl_make_current:857: [MALI] make current with display 0x1, context 0x40000001, state 0xb8548548
D/MALI    (  699): _egl_make_current:872: [MALI] Map __dpy 0x1 to dpy 0xb83a7b20
D/MALI    (  699): _egl_make_current:906: [MALI] Map __ctx 0x40000001 to ctx 0xb854b8b8
D/Surface (  699): Surface::setBuffersDimensions(this=0xb858ce80,w=320,h=240)
I/BufferQueueProducer(  166): [ColorFade](this:0xb89ca048,id:17,api:1,p:699,c:166) new GraphicBuffer needed
I/[MALI][Gralloc](  166): usage: 0xf02, format: 1 stride: 320 vertical_stride: 240 size: 307200
D/GraphicBuffer(  166): alloc, handle(0xb89d1890) (w:320 h:240 s:320 f:0x1 u:0x000f02) err(0)
D/FeatureProxyBase(  699): FeatureProxyBase class constructor
D/FeatureProxyBase(  699): getService(), serviceName = multiwindow_service_v1
D/GraphicBuffer(  699): register, handle(0xb84a4fa0) (w:320 h:240 s:320 f:0x1 u:0x000f02)
I/BufferQueue(  699): [unnamed-699-3](this:0xb860c090,id:3,api:0,p:-1,c:-1) BufferQueue core=(699:system_server)
I/BufferQueueConsumer(  699): [unnamed-699-3](this:0xb860c090,id:3,api:0,p:-1,c:699) connect(C): consumer=(699:system_server) controlledByApp=true
I/BufferQueueConsumer(  699): [unnamed-699-3](this:0xb860c090,id:3,api:0,p:-1,c:699) setConsumerName: unnamed-699-3
D/Surface (  166): Surface::connect(this=0xb896bbf0,api=1)
I/BufferQueueProducer(  699): [unnamed-699-3](this:0xb860c090,id:3,api:1,p:166,c:699) connect(P): api=1 producer=(166:/system/bin/surfaceflinger) producerControlledByApp=false
D/Surface (  166): Surface::setBuffersDimensions(this=0xb896bbf0,w=320,h=240)
I/BufferQueueProducer(  699): [unnamed-699-3](this:0xb860c090,id:3,api:1,p:166,c:699) new GraphicBuffer needed
I/[MALI][Gralloc](  166): usage: 0x333, format: 1 stride: 320 vertical_stride: 240 size: 307200
D/GraphicBuffer(  166): alloc, handle(0xb898a3e8) (w:320 h:240 s:320 f:0x1 u:0x000333) err(0)
D/GraphicBuffer(  699): register, handle(0xb85c81e8) (w:320 h:240 s:320 f:0x1 u:0x000333)
D/GraphicBuffer(  166): free, handle(0xb898a3e8) (w:320 h:240 s:320 f:0x1 u:0x000333)
D/GraphicBuffer(  166): register, handle(0xb898a548) (w:320 h:240 s:320 f:0x1 u:0x000333)
V/KeyguardStatusView(  815): Disable transport text marquee
D/Surface (  166): Surface::disconnect(this=0xb896bbf0,api=1)
D/GraphicBuffer(  166): unregister, handle(0xb898a548) (w:320 h:240 s:320 f:0x1 u:0x000333)
I/BufferQueueProducer(  699): [unnamed-699-3](this:0xb860c090,id:3,api:1,p:-1,c:699) disconnect(P): api 1
I/BufferQueueConsumer(  699): [unnamed-699-3](this:0xb860c090,id:3,api:1,p:-1,c:699) getReleasedBuffers: returning mask 0xffffffffffffffff
I/BufferQueueConsumer(  699): [unnamed-699-3](this:0xb860c090,id:3,api:1,p:-1,c:-1) disconnect(C)
D/GraphicBuffer(  699): unregister, handle(0xb85c81e8) (w:320 h:240 s:320 f:0x1 u:0x000333)
D/ActivityThread(  699): BDC-Calling finishReceiver: IIntentReceiver=1a916f1b
D/FeatureProxyBase(  699): FeatureProxyBase class constructor
D/FeatureProxyBase(  699): getService(), serviceName = multiwindow_service_v1
D/MALI    (  699): _egl_make_current:857: [MALI] make current with display 0x1, context 0x0, state 0xb8548548
D/MALI    (  699): _egl_make_current:861: [MALI] make draw buffer NULL
D/MALI    (  699): _egl_make_current:866: [MALI] make read buffer NULL
D/MALI    (  699): _egl_make_current:872: [MALI] Map __dpy 0x1 to dpy 0xb83a7b20
D/MALI    (  699): _egl_make_current:906: [MALI] Map __ctx 0x0 to ctx 0x0
D/MALI    (  699): _egl_make_current:857: [MALI] make current with display 0x1, context 0x40000001, state 0xb8548548
D/MALI    (  699): _egl_make_current:872: [MALI] Map __dpy 0x1 to dpy 0xb83a7b20
D/MALI    (  699): _egl_make_current:906: [MALI] Map __ctx 0x40000001 to ctx 0xb854b8b8
D/MALI    (  699): _egl_make_current:857: [MALI] make current with display 0x1, context 0x0, state 0xb8548548
D/MALI    (  699): _egl_make_current:861: [MALI] make draw buffer NULL
D/MALI    (  699): _egl_make_current:866: [MALI] make read buffer NULL
D/MALI    (  699): _egl_make_current:872: [MALI] Map __dpy 0x1 to dpy 0xb83a7b20
D/MALI    (  699): _egl_make_current:906: [MALI] Map __ctx 0x0 to ctx 0x0
D/MALI    (  699): _egl_make_current:857: [MALI] make current with display 0x1, context 0x40000001, state 0xb8548548
D/MALI    (  699): _egl_make_current:872: [MALI] Map __dpy 0x1 to dpy 0xb83a7b20
D/MALI    (  699): _egl_make_current:906: [MALI] Map __ctx 0x40000001 to ctx 0xb854b8b8
D/FeatureProxyBase(  699): FeatureProxyBase class constructor
D/FeatureProxyBase(  699): getService(), serviceName = multiwindow_service_v1
V/InputMethodManager( 1234): START INPUT: com.android.internal.policy.impl.PhoneWindow$DecorView{71d3f52 V.E..... R....... 0,0-320,240} ic=null tba=android.view.inputmethod.EditorInfo@18b0bed8 controlFlags=#100
D/ActivityThread(  699): BDC-Calling finishReceiver: IIntentReceiver=20d15248
D/FeatureProxyBase(  699): FeatureProxyBase class constructor
D/FeatureProxyBase(  699): getService(), serviceName = multiwindow_service_v1
D/MALI    (  699): _egl_make_current:857: [MALI] make current with display 0x1, context 0x0, state 0xb8548548
D/MALI    (  699): _egl_make_current:861: [MALI] make draw buffer NULL
D/MALI    (  699): _egl_make_current:866: [MALI] make read buffer NULL
D/MALI    (  699): _egl_make_current:872: [MALI] Map __dpy 0x1 to dpy 0xb83a7b20
D/MALI    (  699): _egl_make_current:906: [MALI] Map __ctx 0x0 to ctx 0x0
D/MALI    (  699): _egl_make_current:857: [MALI] make current with display 0x1, context 0x40000001, state 0xb8548548
D/MALI    (  699): _egl_make_current:872: [MALI] Map __dpy 0x1 to dpy 0xb83a7b20
D/MALI    (  699): _egl_make_current:906: [MALI] Map __ctx 0x40000001 to ctx 0xb854b8b8
D/Surface (  699): Surface::setBuffersDimensions(this=0xb858ce80,w=320,h=240)
I/BufferQueueProducer(  166): [ColorFade](this:0xb89ca048,id:17,api:1,p:699,c:166) new GraphicBuffer needed
I/[MALI][Gralloc](  166): usage: 0xf02, format: 1 stride: 320 vertical_stride: 240 size: 307200
D/GraphicBuffer(  166): alloc, handle(0xb89d10b8) (w:320 h:240 s:320 f:0x1 u:0x000f02) err(0)
D/GraphicBuffer(  699): register, handle(0xb854e838) (w:320 h:240 s:320 f:0x1 u:0x000f02)
D/FeatureProxyBase(  699): FeatureProxyBase class constructor
D/FeatureProxyBase(  699): getService(), serviceName = multiwindow_service_v1
D/ActivityThread(  699): BDC-Calling finishReceiver: IIntentReceiver=aabce67
D/FeatureProxyBase(  699): FeatureProxyBase class constructor
D/FeatureProxyBase(  699): getService(), serviceName = multiwindow_service_v1
D/MALI    (  699): _egl_make_current:857: [MALI] make current with display 0x1, context 0x0, state 0xb8548548
D/MALI    (  699): _egl_make_current:861: [MALI] make draw buffer NULL
D/MALI    (  699): _egl_make_current:866: [MALI] make read buffer NULL
D/MALI    (  699): _egl_make_current:872: [MALI] Map __dpy 0x1 to dpy 0xb83a7b20
D/MALI    (  699): _egl_make_current:906: [MALI] Map __ctx 0x0 to ctx 0x0
D/MALI    (  699): _egl_make_current:857: [MALI] make current with display 0x1, context 0x40000001, state 0xb8548548
D/MALI    (  699): _egl_make_current:872: [MALI] Map __dpy 0x1 to dpy 0xb83a7b20
D/MALI    (  699): _egl_make_current:906: [MALI] Map __ctx 0x40000001 to ctx 0xb854b8b8
D/Surface (  699): Surface::setBuffersDimensions(this=0xb858ce80,w=320,h=240)
I/BufferQueueProducer(  166): [ColorFade](this:0xb89ca048,id:17,api:1,p:699,c:166) new GraphicBuffer needed
I/[MALI][Gralloc](  166): usage: 0xf02, format: 1 stride: 320 vertical_stride: 240 size: 307200
D/FeatureProxyBase(  699): FeatureProxyBase class constructor
D/FeatureProxyBase(  699): getService(), serviceName = multiwindow_service_v1
D/GraphicBuffer(  166): alloc, handle(0xb8988458) (w:320 h:240 s:320 f:0x1 u:0x000f02) err(0)
D/GraphicBuffer(  699): register, handle(0xb8513ad8) (w:320 h:240 s:320 f:0x1 u:0x000f02)
E/WifiTrafficPoller(  699): ENABLE_TRAFFIC_STATS_POLL false Token 18
D/WifiStateMachine(  699): onReceive, action:android.intent.action.SCREEN_OFF
D/ActivityThread(  699): BDC-Calling finishReceiver: IIntentReceiver=35b3edba
D/FeatureProxyBase(  699): FeatureProxyBase class constructor
I/PerfService(  166): PerfServiceNative_notifyDisplayType:0
D/FeatureProxyBase(  699): getService(), serviceName = multiwindow_service_v1
E/WifiStateMachine(  699):  ConnectedState (when=0 what=131167!CMD_SCREEN_STATE_CHANGED{ when=-1ms what=131167 target=com.android.internal.util.StateMachine$SmHandler } 0 0
D/PerfServiceManager(  699): [PerfService] notifyDisplayType:0 
D/MALI    (  699): _egl_make_current:857: [MALI] make current with display 0x1, context 0x0, state 0xb8548548
D/MALI    (  699): _egl_make_current:861: [MALI] make draw buffer NULL
D/MALI    (  699): _egl_make_current:866: [MALI] make read buffer NULL
D/MALI    (  699): _egl_make_current:872: [MALI] Map __dpy 0x1 to dpy 0xb83a7b20
D/MALI    (  699): _egl_make_current:906: [MALI] Map __ctx 0x0 to ctx 0x0
E/WifiStateMachine(  699):  L2ConnectedState (when=-1ms what=131167!CMD_SCREEN_STATE_CHANGED{ when=-1ms what=131167 target=com.android.internal.util.StateMachine$SmHandler } 0 0
D/FeatureProxyBase(  699): FeatureProxyBase class constructor
D/FeatureProxyBase(  699): getService(), serviceName = multiwindow_service_v1
D/DisplayPowerController(  699): Unfinished business...
E/WifiStateMachine(  699):  ConnectModeState (when=-2ms what=131167!CMD_SCREEN_STATE_CHANGED{ when=-2ms what=131167 target=com.android.internal.util.StateMachine$SmHandler } 0 0
E/WifiStateMachine(  699):  DriverStartedState (when=-3ms what=131167!CMD_SCREEN_STATE_CHANGED{ when=-3ms what=131167 target=com.android.internal.util.StateMachine$SmHandler } 0 0
E/WifiStateMachine(  699):  SupplicantStartedState (when=-3ms what=131167!CMD_SCREEN_STATE_CHANGED{ when=-3ms what=131167 target=com.android.internal.util.StateMachine$SmHandler } 0 0
E/WifiStateMachine(  699):  DefaultState (when=-4ms what=131167!CMD_SCREEN_STATE_CHANGED{ when=-4ms what=131167 target=com.android.internal.util.StateMachine$SmHandler } 0 0
D/ActivityThread(  699): BDC-Calling finishReceiver: IIntentReceiver=12ed7916
D/FeatureProxyBase(  699): FeatureProxyBase class constructor
D/FeatureProxyBase(  699): getService(), serviceName = multiwindow_service_v1
D/PowerManagerService(  699): acquireWakeLockInternal: lock=679986277, flags=0x1, tag="WifiSuspend", ws=null, uid=1000, pid=699
D/FeatureProxyBase(  699): FeatureProxyBase class constructor
D/PowerManagerService(  699): updateWakeLockSummaryLocked: mWakefulness=Asleep, mWakeLockSummary=0x1
D/PowerManagerService(  699): updateUserActivitySummaryLocked: mWakefulness=Asleep, mUserActivitySummary=0x0, nextTimeout=0 (1558744 ms ago)
D/FeatureProxyBase(  699): getService(), serviceName = multiwindow_service_v1
D/PowerManagerService(  699): mDisplayPowerRequest.policy = 0
D/PowerManagerService(  699): isWfdEnabled() mWfdStatus=WifiDisplayStatus{featureState=0, scanState=0, activeDisplayState=0, activeDisplay=null, displays=[], sessionInfo=WifiDisplaySessionInfo: C/O:Client,GId:,Pp:,SId:0,IP:}, return false
D/DisplayPowerController(  699): requestPowerState: policy=OFF, useProximitySensor=false, screenBrightness=102, screenAutoBrightnessAdjustment=0.0, useAutoBrightness=false, blockScreenOn=false, lowPowerMode=false, boostScreenBrightness=false, dozeScreenBrightness=-1, dozeScreenState=UNKNOWN, waitForNegativeProximity=false
I/PowerManagerService(  699): setBrightness mButtonLight 0.
D/PowerManagerService(  699): updateDisplayPowerStateLocked: mDisplayReady=false, policy=0, mWakefulness=0, mWakeLockSummary=0x1, mUserActivitySummary=0x0, mBootCompleted=true, mScreenBrightnessBoostInProgress=false
D/PowerManagerService(  699): Acquiring suspend blocker "PowerManagerService.WakeLocks".
D/PowerManagerNotifier(  699): onWakeLockAcquired: flags=1, tag="WifiSuspend", packageName=android, ownerUid=1000, ownerPid=699, workSource=null
D/AudioSystem(  699): +setParameters(): screen_state=off 
E/WifiStateMachine(  699): cancelDelayedScan -> 27
D/WifiStateMachine(  699): backgroundScan enabled=false startBackgroundScanIfNeeded:false
E/WifiStateMachine(  699): handleScreenStateChanged Exit: false
D/AudioFlinger(  189): setParameters(): io 0, keyvalue screen_state=off, calling pid 699
D/AudioALSAHardware(  189): +setParameters(): screen_state=off
E/WifiStateMachine(  699):  ConnectedState (when=-5ms what=131154CMD_ENABLE_RSSI_POLL{ when=-5ms what=131154 target=com.android.internal.util.StateMachine$SmHandler } 0 0
D/AudioALSAStreamOut(  189): +setLowLatencyMode(), mode 0
D/AudioALSAHardware(  189): -setParameters(): screen_state=off 
D/usb_audio_hw(  189): audio_hw:usb adev_set_parameters(screen_state=off)
D/AudioSystem(  699): -setParameters(): screen_state=off 
D/ActivityThread(  699): BDC-Calling finishReceiver: IIntentReceiver=154bf080
E/WifiStateMachine(  699):  L2ConnectedState (when=-6ms what=131154CMD_ENABLE_RSSI_POLL{ when=-6ms what=131154 target=com.android.internal.util.StateMachine$SmHandler } 0 0
D/FeatureProxyBase(  699): FeatureProxyBase class constructor
D/FeatureProxyBase(  699): getService(), serviceName = multiwindow_service_v1
E/WifiStateMachine(  699):  ConnectedState (when=-2ms what=131158 arg1=1CMD_SET_SUSPEND_OPT_ENABLED{ when=-2ms what=131158 arg1=1 target=com.android.internal.util.StateMachine$SmHandler } 1 0
E/WifiStateMachine(  699):  L2ConnectedState (when=-3ms what=131158 arg1=1CMD_SET_SUSPEND_OPT_ENABLED{ when=-3ms what=131158 arg1=1 target=com.android.internal.util.StateMachine$SmHandler } 1 0
D/FeatureProxyBase(  699): FeatureProxyBase class constructor
D/FeatureProxyBase(  699): getService(), serviceName = multiwindow_service_v1
E/WifiStateMachine(  699):  ConnectModeState (when=-3ms what=131158 arg1=1CMD_SET_SUSPEND_OPT_ENABLED{ when=-3ms what=131158 arg1=1 target=com.android.internal.util.StateMachine$SmHandler } 1 0
E/WifiStateMachine(  699):  DriverStartedState (when=-3ms what=131158 arg1=1CMD_SET_SUSPEND_OPT_ENABLED{ when=-3ms what=131158 arg1=1 target=com.android.internal.util.StateMachine$SmHandler } 1 0
V/AlarmManager(  699): APP set(PendingIntent{223541e1: PendingIntentRecord{1fc5cb06 android broadcastIntent}}) : type=2 triggerAtTime=5976413 win=300000 tElapsed=5976413 maxElapsed=6276413 interval=0 standalone=false alarmClockInfo = null
D/AlarmManager(  699): remove(operation) changed bounds; rebatching operation = PendingIntent{223541e1: PendingIntentRecord{1fc5cb06 android broadcastIntent}}
D/AlarmManager(  699): rebatchAllAlarmsLocked begin oldBatches count = 12
D/AlarmManager(  699): rebatchAllAlarmsLocked  batch.size() = 1
D/AlarmManager(  699):  whichBatch = -1
D/AlarmManager(  699): set alarm to RTC 1721286
D/AlarmManager(  699): rebatchAllAlarmsLocked  batch.size() = 1
D/AlarmManager(  699):  whichBatch = -1
D/AlarmManager(  699): rebatchAllAlarmsLocked  batch.size() = 1
D/AlarmManager(  699):  whichBatch = -1
D/AlarmManager(  699): rebatchAllAlarmsLocked  batch.size() = 2
D/AlarmManager(  699):  whichBatch = -2
D/AlarmManager(  699):  whichBatch = -2
D/AlarmManager(  699): rebatchAllAlarmsLocked  batch.size() = 1
D/AlarmManager(  699):  whichBatch = -1
D/AlarmManager(  699): rebatchAllAlarmsLocked  batch.size() = 1
D/AlarmManager(  699):  whichBatch = -2
D/AlarmManager(  699): rebatchAllAlarmsLocked  batch.size() = 1
D/AlarmManager(  699):  whichBatch = -1
D/AlarmManager(  699): rebatchAllAlarmsLocked  batch.size() = 1
D/AlarmManager(  699):  whichBatch = -1
D/AlarmManager(  699): rebatchAllAlarmsLocked  batch.size() = 1
D/AlarmManager(  699):  whichBatch = -1
D/AlarmManager(  699): rebatchAllAlarmsLocked  batch.size() = 1
D/AlarmManager(  699):  whichBatch = -1
D/MALI    (  699): _egl_make_current:857: [MALI] make current with display 0x1, context 0x40000001, state 0xb8548548
D/MALI    (  699): _egl_make_current:872: [MALI] Map __dpy 0x1 to dpy 0xb83a7b20
D/MALI    (  699): _egl_make_current:906: [MALI] Map __ctx 0x40000001 to ctx 0xb854b8b8
D/AlarmManager(  699): rebatchAllAlarmsLocked  batch.size() = 2
D/Surface (  699): Surface::setBuffersDimensions(this=0xb858ce80,w=320,h=240)
D/AlarmManager(  699):  whichBatch = -2
I/BufferQueueProducer(  166): [ColorFade](this:0xb89ca048,id:17,api:1,p:699,c:166) new GraphicBuffer needed
I/[MALI][Gralloc](  166): usage: 0xf02, format: 1 stride: 320 vertical_stride: 240 size: 307200
D/AlarmManager(  699):  whichBatch = 10
D/AlarmManager(  699):  alarm = Alarm{20e0e6cd type 3 when 86421728 android} add to Batch{15a2eb82 num=1 start=52010849 end=89731674}
D/AlarmManager(  699): rebatchAllAlarmsLocked  batch.size() = 1
D/GraphicBuffer(  166): alloc, handle(0xb89c5d60) (w:320 h:240 s:320 f:0x1 u:0x000f02) err(0)
D/AlarmManager(  699):  whichBatch = -1
D/AlarmManager(  699): rebatchAllAlarmsLocked end
D/AlarmManager(  699):  whichBatch = 5
D/AlarmManager(  699):  alarm = Alarm{2ac1293 type 2 when 5976413 android} add to Batch{19ee2d0 num=1 start=3624206 end=6324206}
D/ActivityThread(  699): BDC-Calling finishReceiver: IIntentReceiver=1aed2d7d
D/FeatureProxyBase(  699): FeatureProxyBase class constructor
D/FeatureProxyBase(  699): getService(), serviceName = multiwindow_service_v1
D/FeatureProxyBase(  699): FeatureProxyBase class constructor
D/FeatureProxyBase(  699): getService(), serviceName = multiwindow_service_v1
D/GraphicBuffer(  699): register, handle(0xb854aa30) (w:320 h:240 s:320 f:0x1 u:0x000f02)
D/PerfService(  699): [PerfService] Intent.ACTION_SCREEN_OFF 
D/ActivityThread(  699): BDC-Calling finishReceiver: IIntentReceiver=1302850f
D/PerfServiceManager(  699): [PerfService] MESSAGE_USER_DISABLE_ALL 
D/FeatureProxyBase(  699): FeatureProxyBase class constructor
D/FeatureProxyBase(  699): getService(), serviceName = multiwindow_service_v1
D/FeatureProxyBase(  699): FeatureProxyBase class constructor
D/MALI    (  699): _egl_make_current:857: [MALI] make current with display 0x1, context 0x0, state 0xb8548548
D/MALI    (  699): _egl_make_current:861: [MALI] make draw buffer NULL
D/MALI    (  699): _egl_make_current:866: [MALI] make read buffer NULL
D/FeatureProxyBase(  699): getService(), serviceName = multiwindow_service_v1
D/MALI    (  699): _egl_make_current:872: [MALI] Map __dpy 0x1 to dpy 0xb83a7b20
D/MALI    (  699): _egl_make_current:906: [MALI] Map __ctx 0x0 to ctx 0x0
D/WifiService(  699): onReceive, action:android.intent.action.SCREEN_OFF
D/ActivityThread(  699): BDC-Calling finishReceiver: IIntentReceiver=b52ccd0
D/WifiController(  699): DeviceActiveState{ when=0 what=155651 target=com.android.internal.util.StateMachine$SmHandler }
D/WifiController(  699): StaEnabledState{ when=0 what=155651 target=com.android.internal.util.StateMachine$SmHandler }
D/WifiController(  699): DefaultState{ when=0 what=155651 target=com.android.internal.util.StateMachine$SmHandler }
D/FeatureProxyBase(  699): FeatureProxyBase class constructor
D/WifiController(  699): wifiSleepPolicy:2
D/FeatureProxyBase(  699): getService(), serviceName = multiwindow_service_v1
E/WifiStateMachine(  699): setSuspendOptimizationsNative: 4 true -want true stack:setSuspendOptimizationsNative - access$16600 - processMessage - processMsg
D/FeatureProxyBase(  699): FeatureProxyBase class constructor
D/FeatureProxyBase(  699): getService(), serviceName = multiwindow_service_v1
E/WifiStateMachine(  699): setSuspendOptimizationsNative do it 4 true stack:setSuspendOptimizationsNative - access$16600 - processMessage - processMsg
E/native  (  699): do suspend true
D/WifiHW  (  699): enter -->wifi_send_command cmd=IFNAME=wlan0 DRIVER SETSUSPENDMODE 1
D/wpa_supplicant(  938): wlan0: Control interface command 'DRIVER SETSUSPENDMODE 1'
D/wpa_supplicant(  938): iface wlan0 recv cmd SETSUSPENDMODE 1
D/wpa_supplicant(  938): nl80211: Test Mode buflen = 12, ifindex=10
D/ActivityThread(  699): BDC-Calling finishReceiver: IIntentReceiver=1c0302da
D/FeatureProxyBase(  699): FeatureProxyBase class constructor
D/FeatureProxyBase(  699): getService(), serviceName = multiwindow_service_v1
D/FeatureProxyBase(  699): FeatureProxyBase class constructor
D/FeatureProxyBase(  699): getService(), serviceName = multiwindow_service_v1
D/ActivityThread(  815): BDC-Calling finishReceiver: IIntentReceiver=3598c9e4
D/FeatureProxyBase(  699): FeatureProxyBase class constructor
D/FeatureProxyBase(  699): getService(), serviceName = multiwindow_service_v1
D/FeatureProxyBase(  699): FeatureProxyBase class constructor
D/FeatureProxyBase(  699): getService(), serviceName = multiwindow_service_v1
D/ActivityThread(  815): BDC-Calling finishReceiver: IIntentReceiver=d79977
D/DisplayPowerState(  699): setColorFadeLevel: level=0.98429155
D/MALI    (  699): _egl_make_current:857: [MALI] make current with display 0x1, context 0x40000001, state 0xb8548548
D/MALI    (  699): _egl_make_current:872: [MALI] Map __dpy 0x1 to dpy 0xb83a7b20
D/MALI    (  699): _egl_make_current:906: [MALI] Map __ctx 0x40000001 to ctx 0xb854b8b8
D/Surface (  699): Surface::setBuffersDimensions(this=0xb858ce80,w=320,h=240)
D/FeatureProxyBase(  699): FeatureProxyBase class constructor
D/FeatureProxyBase(  699): getService(), serviceName = multiwindow_service_v1
D/MALI    (  699): _egl_make_current:857: [MALI] make current with display 0x1, context 0x0, state 0xb8548548
D/MALI    (  699): _egl_make_current:861: [MALI] make draw buffer NULL
D/MALI    (  699): _egl_make_current:866: [MALI] make read buffer NULL
D/MALI    (  699): _egl_make_current:872: [MALI] Map __dpy 0x1 to dpy 0xb83a7b20
D/MALI    (  699): _egl_make_current:906: [MALI] Map __ctx 0x0 to ctx 0x0
D/DisplayPowerState(  699): Screen ready
D/FeatureProxyBase(  699): FeatureProxyBase class constructor
D/FeatureProxyBase(  699): getService(), serviceName = multiwindow_service_v1
V/PhoneStatusBar(  815): onReceive: Intent { act=android.intent.action.SCREEN_OFF flg=0x50000010 }
D/ActivityThread(  815): BDC-Calling finishReceiver: IIntentReceiver=428e74a
D/FeatureProxyBase(  699): FeatureProxyBase class constructor
D/FeatureProxyBase(  699): getService(), serviceName = multiwindow_service_v1
D/FeatureProxyBase(  699): FeatureProxyBase class constructor
D/FeatureProxyBase(  699): getService(), serviceName = multiwindow_service_v1
V/PhoneStatusBar(  815): hiding heads up window
D/ActivityThread(  699): BDC-Calling finishReceiver: IIntentReceiver=efe5aac
D/FeatureProxyBase(  699): FeatureProxyBase class constructor
D/FeatureProxyBase(  699): getService(), serviceName = multiwindow_service_v1
D/FeatureProxyBase(  699): FeatureProxyBase class constructor
D/FeatureProxyBase(  699): getService(), serviceName = multiwindow_service_v1
D/GpsLocationProvider(  699): receive broadcast intent, action: android.intent.action.SCREEN_OFF
V/NetworkStats(  699): setKernelCounterSet uid=10003 set=0
V/SettingsInterface(  699):  from settings cache , name = batterySaverGpsMode , value = null
D/ActivityThread(  699): BDC-Calling finishReceiver: IIntentReceiver=29d45ea7
V/NetworkStats(  699): setKernelCounterSet uid=10006 set=0
V/NetworkStats(  699): setKernelCounterSet uid=10012 set=0
D/FeatureProxyBase(  699): FeatureProxyBase class constructor
D/wpa_supplicant(  938): ret = 0, nl=-1203661792
D/wpa_supplicant(  938): wpa_driver_nl80211_driver_cmd: ret = 0 used = 2 total = 4096
I/wpa_supplicant(  938): wpa_driver_nl80211_driver_cmd: buf =  ret = 2 used = 2 total = 4096
D/FeatureProxyBase(  699): getService(), serviceName = multiwindow_service_v1
D/WifiHW  (  699): leave --> reply=
D/PowerManagerService(  699): releaseWakeLockInternal: lock=679986277 [WifiSuspend], flags=0x0, total_time=36ms
D/PowerManagerNotifier(  699): onWakeLockReleased: flags=1, tag="WifiSuspend", packageName=android, ownerUid=1000, ownerPid=699, workSource=null
D/PowerManagerService(  699): updateWakeLockSummaryLocked: mWakefulness=Asleep, mWakeLockSummary=0x0
D/PowerManagerService(  699): updateUserActivitySummaryLocked: mWakefulness=Asleep, mUserActivitySummary=0x0, nextTimeout=0 (1558781 ms ago)
D/PowerManagerService(  699): mDisplayPowerRequest.policy = 0
D/FeatureProxyBase(  699): FeatureProxyBase class constructor
D/PowerManagerService(  699): isWfdEnabled() mWfdStatus=WifiDisplayStatus{featureState=0, scanState=0, activeDisplayState=0, activeDisplay=null, displays=[], sessionInfo=WifiDisplaySessionInfo: C/O:Client,GId:,Pp:,SId:0,IP:}, return false
D/DisplayPowerController(  699): requestPowerState: policy=OFF, useProximitySensor=false, screenBrightness=102, screenAutoBrightnessAdjustment=0.0, useAutoBrightness=false, blockScreenOn=false, lowPowerMode=false, boostScreenBrightness=false, dozeScreenBrightness=-1, dozeScreenState=UNKNOWN, waitForNegativeProximity=false
D/FeatureProxyBase(  699): getService(), serviceName = multiwindow_service_v1
I/PowerManagerService(  699): setBrightness mButtonLight 0.
D/PowerManagerService(  699): updateDisplayPowerStateLocked: mDisplayReady=false, policy=0, mWakefulness=0, mWakeLockSummary=0x0, mUserActivitySummary=0x0, mBootCompleted=true, mScreenBrightnessBoostInProgress=false
D/PowerManagerService(  699): Releasing suspend blocker "PowerManagerService.WakeLocks".
E/WifiStateMachine(  699):  ConnectedState (when=-37ms what=131248M_CMD_NOTIFY_SCREEN_OFF{ when=-37ms what=131248 target=com.android.internal.util.StateMachine$SmHandler } 0 0
D/ConnectivityService(  699): onUidRulesChanged(uid=10003, uidRules=0)
D/ConnectivityService(  699): onUidRulesChanged(uid=10006, uidRules=0)
D/ConnectivityService(  699): onUidRulesChanged(uid=10012, uidRules=0)
E/WifiStateMachine(  699):  L2ConnectedState (when=-37ms what=131248M_CMD_NOTIFY_SCREEN_OFF{ when=-37ms what=131248 target=com.android.internal.util.StateMachine$SmHandler } 0 0
E/WifiStateMachine(  699):  ConnectModeState (when=-38ms what=131248M_CMD_NOTIFY_SCREEN_OFF{ when=-38ms what=131248 target=com.android.internal.util.StateMachine$SmHandler } 0 0
E/WifiStateMachine(  699):  DriverStartedState (when=-38ms what=131248M_CMD_NOTIFY_SCREEN_OFF{ when=-38ms what=131248 target=com.android.internal.util.StateMachine$SmHandler } 0 0
D/ActivityThread( 1187): BDC-Calling finishReceiver: IIntentReceiver=29d307f1
E/WifiStateMachine(  699):  SupplicantStartedState (when=-39ms what=131248M_CMD_NOTIFY_SCREEN_OFF{ when=-39ms what=131248 target=com.android.internal.util.StateMachine$SmHandler } 0 0
D/FeatureProxyBase(  699): FeatureProxyBase class constructor
D/FeatureProxyBase(  699): getService(), serviceName = multiwindow_service_v1
E/WifiStateMachine(  699):  DefaultState (when=-39ms what=131248M_CMD_NOTIFY_SCREEN_OFF{ when=-39ms what=131248 target=com.android.internal.util.StateMachine$SmHandler } 0 0
D/DisplayPowerState(  699): setColorFadeLevel: level=0.9381534
D/MALI    (  699): _egl_make_current:857: [MALI] make current with display 0x1, context 0x40000001, state 0xb8548548
D/MALI    (  699): _egl_make_current:872: [MALI] Map __dpy 0x1 to dpy 0xb83a7b20
D/MALI    (  699): _egl_make_current:906: [MALI] Map __ctx 0x40000001 to ctx 0xb854b8b8
D/Surface (  699): Surface::setBuffersDimensions(this=0xb858ce80,w=320,h=240)
D/FeatureProxyBase(  699): FeatureProxyBase class constructor
D/FeatureProxyBase(  699): getService(), serviceName = multiwindow_service_v1
W/hwcomposer(  166): [JOB] (0) Timed out waiting for vsync...
D/MALI    (  699): _egl_make_current:857: [MALI] make current with display 0x1, context 0x0, state 0xb8548548
D/MALI    (  699): _egl_make_current:861: [MALI] make draw buffer NULL
D/MALI    (  699): _egl_make_current:866: [MALI] make read buffer NULL
D/MALI    (  699): _egl_make_current:872: [MALI] Map __dpy 0x1 to dpy 0xb83a7b20
D/MALI    (  699): _egl_make_current:906: [MALI] Map __ctx 0x0 to ctx 0x0
D/DisplayPowerState(  699): Screen ready
D/Launcher3( 1234): Launcher, ACTION_SCREEN_OFF: mPendingAddInfo = Item(id=-1 type=0 container=-1 screen=-1 cellX=-1 cellY=-1 spanX=1 spanY=1 dropPos=null unreadNum=0 user=UserHandle{0}), mAppsCustomizeTabHost = com.android.launcher3.AppsCustomizeTabHost{395c6a0c G.E..... ......ID 0,0-320,240 #7f11001c app:id/apps_customize_pane}, this = com.android.launcher3.Launcher$14@35c4b8e6
D/Launcher3( 1234): Launcher, showWorkspace: animated = false, mState = WORKSPACE
D/ActivityThread( 1234): BDC-Calling finishReceiver: IIntentReceiver=12f3f43e
D/FeatureProxyBase(  699): FeatureProxyBase class constructor
D/FeatureProxyBase(  699): getService(), serviceName = multiwindow_service_v1
D/DisplayPowerState(  699): setColorFadeLevel: level=0.8644843
D/MALI    (  699): _egl_make_current:857: [MALI] make current with display 0x1, context 0x40000001, state 0xb8548548
D/MALI    (  699): _egl_make_current:872: [MALI] Map __dpy 0x1 to dpy 0xb83a7b20
D/MALI    (  699): _egl_make_current:906: [MALI] Map __ctx 0x40000001 to ctx 0xb854b8b8
D/Surface (  699): Surface::setBuffersDimensions(this=0xb858ce80,w=320,h=240)
D/FeatureProxyBase(  699): FeatureProxyBase class constructor
D/FeatureProxyBase(  699): getService(), serviceName = multiwindow_service_v1
D/MALI    (  699): _egl_make_current:857: [MALI] make current with display 0x1, context 0x0, state 0xb8548548
D/MALI    (  699): _egl_make_current:861: [MALI] make draw buffer NULL
D/MALI    (  699): _egl_make_current:866: [MALI] make read buffer NULL
D/MALI    (  699): _egl_make_current:872: [MALI] Map __dpy 0x1 to dpy 0xb83a7b20
D/MALI    (  699): _egl_make_current:906: [MALI] Map __ctx 0x0 to ctx 0x0
D/DisplayPowerState(  699): Screen ready
D/NetworkController.MobileSignalController(1)(  815): onDataActivity: direction=0
D/NetworkController.MobileSignalController(1)(  815): isDirty : false
D/DisplayPowerState(  699): setColorFadeLevel: level=0.76791346
D/MALI    (  699): _egl_make_current:857: [MALI] make current with display 0x1, context 0x40000001, state 0xb8548548
D/MALI    (  699): _egl_make_current:872: [MALI] Map __dpy 0x1 to dpy 0xb83a7b20
D/MALI    (  699): _egl_make_current:906: [MALI] Map __ctx 0x40000001 to ctx 0xb854b8b8
D/Surface (  699): Surface::setBuffersDimensions(this=0xb858ce80,w=320,h=240)
W/hwcomposer(  166): [JOB] (0) Timed out waiting for vsync...
D/MALI    (  699): _egl_make_current:857: [MALI] make current with display 0x1, context 0x0, state 0xb8548548
D/MALI    (  699): _egl_make_current:861: [MALI] make draw buffer NULL
D/MALI    (  699): _egl_make_current:866: [MALI] make read buffer NULL
D/MALI    (  699): _egl_make_current:872: [MALI] Map __dpy 0x1 to dpy 0xb83a7b20
D/MALI    (  699): _egl_make_current:906: [MALI] Map __ctx 0x0 to ctx 0x0
D/DisplayPowerState(  699): Screen ready
D/ActivityThread( 1187): BDC-Calling finishReceiver: IIntentReceiver=30abffd6
D/NetworkController.MobileSignalController(1)(  815): onDataActivity: direction=0
D/NetworkController.MobileSignalController(1)(  815): isDirty : false
D/FeatureProxyBase(  699): FeatureProxyBase class constructor
D/FeatureProxyBase(  699): getService(), serviceName = multiwindow_service_v1
D/FeatureProxyBase(  699): FeatureProxyBase class constructor
D/FeatureProxyBase(  699): getService(), serviceName = multiwindow_service_v1
D/PowerManagerService(  699): acquireWakeLockInternal: lock=45796721, flags=0x1, tag="RILJ", ws=null, uid=1001, pid=1187
D/PowerManagerService(  699): updateWakeLockSummaryLocked: mWakefulness=Asleep, mWakeLockSummary=0x1
D/PowerManagerService(  699): updateUserActivitySummaryLocked: mWakefulness=Asleep, mUserActivitySummary=0x0, nextTimeout=0 (1558836 ms ago)
D/PowerManagerService(  699): mDisplayPowerRequest.policy = 0
D/PowerManagerService(  699): isWfdEnabled() mWfdStatus=WifiDisplayStatus{featureState=0, scanState=0, activeDisplayState=0, activeDisplay=null, displays=[], sessionInfo=WifiDisplaySessionInfo: C/O:Client,GId:,Pp:,SId:0,IP:}, return false
D/DisplayPowerController(  699): requestPowerState: policy=OFF, useProximitySensor=false, screenBrightness=102, screenAutoBrightnessAdjustment=0.0, useAutoBrightness=false, blockScreenOn=false, lowPowerMode=false, boostScreenBrightness=false, dozeScreenBrightness=-1, dozeScreenState=UNKNOWN, waitForNegativeProximity=false
I/PowerManagerService(  699): setBrightness mButtonLight 0.
D/PowerManagerService(  699): updateDisplayPowerStateLocked: mDisplayReady=false, policy=0, mWakefulness=0, mWakeLockSummary=0x1, mUserActivitySummary=0x0, mBootCompleted=true, mScreenBrightnessBoostInProgress=false
D/PowerManagerService(  699): Acquiring suspend blocker "PowerManagerService.WakeLocks".
D/PowerManagerNotifier(  699): onWakeLockAcquired: flags=1, tag="RILJ", packageName=com.android.phone, ownerUid=1001, ownerPid=1187, workSource=null
I/art     ( 1187): Background sticky concurrent mark sweep GC freed 7571(900KB) AllocSpace objects, 0(0B) LOS objects, 20% free, 3MB/4MB, paused 5.068ms total 28.558ms
D/ActivityThread( 1187): BDC-Calling finishReceiver: IIntentReceiver=16b35257
D/FeatureProxyBase(  699): FeatureProxyBase class constructor
D/FeatureProxyBase(  699): getService(), serviceName = multiwindow_service_v1
D/FeatureProxyBase(  699): FeatureProxyBase class constructor
D/FeatureProxyBase(  699): getService(), serviceName = multiwindow_service_v1
D/ActivityThread( 1187): BDC-Calling finishReceiver: IIntentReceiver=13bac144
D/FeatureProxyBase(  699): FeatureProxyBase class constructor
D/FeatureProxyBase(  699): getService(), serviceName = multiwindow_service_v1
D/FeatureProxyBase(  699): FeatureProxyBase class constructor
D/FeatureProxyBase(  699): getService(), serviceName = multiwindow_service_v1
D/NetworkController.MobileSignalController(1)(  815): onDataActivity: direction=0
D/NetworkController.MobileSignalController(1)(  815): isDirty : false
D/NetworkController.MobileSignalController(1)(  815): onDataActivity: direction=0
D/NetworkController.MobileSignalController(1)(  815): isDirty : false
D/ActivityThread( 1187): BDC-Calling finishReceiver: IIntentReceiver=bff322d
D/FeatureProxyBase(  699): FeatureProxyBase class constructor
D/FeatureProxyBase(  699): getService(), serviceName = multiwindow_service_v1
D/PowerManagerService(  699): releaseWakeLockInternal: lock=45796721 [RILJ], flags=0x0, total_time=9ms
D/PowerManagerNotifier(  699): onWakeLockReleased: flags=1, tag="RILJ", packageName=com.android.phone, ownerUid=1001, ownerPid=1187, workSource=null
D/PowerManagerService(  699): updateWakeLockSummaryLocked: mWakefulness=Asleep, mWakeLockSummary=0x0
D/PowerManagerService(  699): updateUserActivitySummaryLocked: mWakefulness=Asleep, mUserActivitySummary=0x0, nextTimeout=0 (1558846 ms ago)
D/PowerManagerService(  699): mDisplayPowerRequest.policy = 0
D/PowerManagerService(  699): isWfdEnabled() mWfdStatus=WifiDisplayStatus{featureState=0, scanState=0, activeDisplayState=0, activeDisplay=null, displays=[], sessionInfo=WifiDisplaySessionInfo: C/O:Client,GId:,Pp:,SId:0,IP:}, return false
D/DisplayPowerController(  699): requestPowerState: policy=OFF, useProximitySensor=false, screenBrightness=102, screenAutoBrightnessAdjustment=0.0, useAutoBrightness=false, blockScreenOn=false, lowPowerMode=false, boostScreenBrightness=false, dozeScreenBrightness=-1, dozeScreenState=UNKNOWN, waitForNegativeProximity=false
D/FeatureProxyBase(  699): FeatureProxyBase class constructor
I/PowerManagerService(  699): setBrightness mButtonLight 0.
D/PowerManagerService(  699): updateDisplayPowerStateLocked: mDisplayReady=false, policy=0, mWakefulness=0, mWakeLockSummary=0x0, mUserActivitySummary=0x0, mBootCompleted=true, mScreenBrightnessBoostInProgress=false
D/FeatureProxyBase(  699): getService(), serviceName = multiwindow_service_v1
D/PowerManagerService(  699): Releasing suspend blocker "PowerManagerService.WakeLocks".
D/ActivityThread( 1187): BDC-Calling finishReceiver: IIntentReceiver=18c04362
D/FeatureProxyBase(  699): FeatureProxyBase class constructor
D/FeatureProxyBase(  699): getService(), serviceName = multiwindow_service_v1
D/FeatureProxyBase(  699): FeatureProxyBase class constructor
D/FeatureProxyBase(  699): getService(), serviceName = multiwindow_service_v1
D/DisplayPowerState(  699): setColorFadeLevel: level=0.51570535
D/MALI    (  699): _egl_make_current:857: [MALI] make current with display 0x1, context 0x40000001, state 0xb8548548
D/MALI    (  699): _egl_make_current:872: [MALI] Map __dpy 0x1 to dpy 0xb83a7b20
D/MALI    (  699): _egl_make_current:906: [MALI] Map __ctx 0x40000001 to ctx 0xb854b8b8
D/Surface (  699): Surface::setBuffersDimensions(this=0xb858ce80,w=320,h=240)
D/MALI    (  699): _egl_make_current:857: [MALI] make current with display 0x1, context 0x0, state 0xb8548548
D/MALI    (  699): _egl_make_current:861: [MALI] make draw buffer NULL
D/MALI    (  699): _egl_make_current:866: [MALI] make read buffer NULL
D/MALI    (  699): _egl_make_current:872: [MALI] Map __dpy 0x1 to dpy 0xb83a7b20
D/MALI    (  699): _egl_make_current:906: [MALI] Map __ctx 0x0 to ctx 0x0
D/DisplayPowerState(  699): Screen ready
D/FeatureProxyBase(  699): FeatureProxyBase class constructor
D/FeatureProxyBase(  699): getService(), serviceName = multiwindow_service_v1
D/ActivityThread( 1187): BDC-Calling finishReceiver: IIntentReceiver=1e30bcf3
D/PowerManagerNotifier(  699): mGoToSleepBroadcastDone - sendNextBroadcast
D/FeatureProxyBase(  699): FeatureProxyBase class constructor
D/PowerManagerNotifier(  699): sendNextBroadcast, mBroadcastedInteractiveState = 2, mActualInteractiveState = 2
D/PowerManagerNotifier(  699): finishPendingBroadcastLocked
D/PowerManagerService(  699): Releasing suspend blocker "PowerManagerService.Broadcasts".
D/FeatureProxyBase(  699): getService(), serviceName = multiwindow_service_v1
D/ActivityThread( 1187): SVC-Calling onStartCommand: com.android.stk.StkAppService@24aca025, flags=0, startId=8
D/FeatureProxyBase(  699): FeatureProxyBase class constructor
D/FeatureProxyBase(  699): getService(), serviceName = multiwindow_service_v1
D/ActivityThread( 1187): SVC-SERVICE_ARGS handled : 0 / ServiceArgsData{token=android.os.BinderProxy@c51cc1c startId=8 args=Intent { cmp=com.android.stk/.StkAppService (has extras) }}
D/FeatureProxyBase(  699): FeatureProxyBase class constructor
D/FeatureProxyBase(  699): getService(), serviceName = multiwindow_service_v1
D/DisplayPowerState(  699): setColorFadeLevel: level=0.2871104
D/MALI    (  699): _egl_make_current:857: [MALI] make current with display 0x1, context 0x40000001, state 0xb8548548
D/MALI    (  699): _egl_make_current:872: [MALI] Map __dpy 0x1 to dpy 0xb83a7b20
D/MALI    (  699): _egl_make_current:906: [MALI] Map __ctx 0x40000001 to ctx 0xb854b8b8
D/Surface (  699): Surface::setBuffersDimensions(this=0xb858ce80,w=320,h=240)
D/MALI    (  699): _egl_make_current:857: [MALI] make current with display 0x1, context 0x0, state 0xb8548548
D/MALI    (  699): _egl_make_current:861: [MALI] make draw buffer NULL
D/MALI    (  699): _egl_make_current:866: [MALI] make read buffer NULL
D/MALI    (  699): _egl_make_current:872: [MALI] Map __dpy 0x1 to dpy 0xb83a7b20
D/MALI    (  699): _egl_make_current:906: [MALI] Map __ctx 0x0 to ctx 0x0
D/DisplayPowerState(  699): Screen ready
D/DisplayPowerState(  699): setColorFadeLevel: level=0.10492253
D/MALI    (  699): _egl_make_current:857: [MALI] make current with display 0x1, context 0x40000001, state 0xb8548548
D/MALI    (  699): _egl_make_current:872: [MALI] Map __dpy 0x1 to dpy 0xb83a7b20
D/MALI    (  699): _egl_make_current:906: [MALI] Map __ctx 0x40000001 to ctx 0xb854b8b8
D/Surface (  699): Surface::setBuffersDimensions(this=0xb858ce80,w=320,h=240)
D/MALI    (  699): _egl_make_current:857: [MALI] make current with display 0x1, context 0x0, state 0xb8548548
D/MALI    (  699): _egl_make_current:861: [MALI] make draw buffer NULL
D/MALI    (  699): _egl_make_current:866: [MALI] make read buffer NULL
D/MALI    (  699): _egl_make_current:872: [MALI] Map __dpy 0x1 to dpy 0xb83a7b20
D/MALI    (  699): _egl_make_current:906: [MALI] Map __ctx 0x0 to ctx 0x0
D/DisplayPowerState(  699): Screen ready
D/DisplayPowerState(  699): setColorFadeLevel: level=0.008856356
D/MALI    (  699): _egl_make_current:857: [MALI] make current with display 0x1, context 0x40000001, state 0xb8548548
D/MALI    (  699): _egl_make_current:872: [MALI] Map __dpy 0x1 to dpy 0xb83a7b20
D/MALI    (  699): _egl_make_current:906: [MALI] Map __ctx 0x40000001 to ctx 0xb854b8b8
D/Surface (  699): Surface::setBuffersDimensions(this=0xb858ce80,w=320,h=240)
D/MALI    (  699): _egl_make_current:857: [MALI] make current with display 0x1, context 0x0, state 0xb8548548
D/MALI    (  699): _egl_make_current:861: [MALI] make draw buffer NULL
D/MALI    (  699): _egl_make_current:866: [MALI] make read buffer NULL
D/MALI    (  699): _egl_make_current:872: [MALI] Map __dpy 0x1 to dpy 0xb83a7b20
D/MALI    (  699): _egl_make_current:906: [MALI] Map __ctx 0x0 to ctx 0x0
D/DisplayPowerState(  699): Screen ready
D/DisplayPowerState(  699): setColorFadeLevel: level=0.0
D/MALI    (  699): _egl_make_current:857: [MALI] make current with display 0x1, context 0x40000001, state 0xb8548548
D/MALI    (  699): _egl_make_current:872: [MALI] Map __dpy 0x1 to dpy 0xb83a7b20
D/MALI    (  699): _egl_make_current:906: [MALI] Map __ctx 0x40000001 to ctx 0xb854b8b8
D/Surface (  699): Surface::setBuffersDimensions(this=0xb858ce80,w=320,h=240)
D/MALI    (  699): _egl_make_current:857: [MALI] make current with display 0x1, context 0x0, state 0xb8548548
D/MALI    (  699): _egl_make_current:861: [MALI] make draw buffer NULL
D/MALI    (  699): _egl_make_current:866: [MALI] make read buffer NULL
D/MALI    (  699): _egl_make_current:872: [MALI] Map __dpy 0x1 to dpy 0xb83a7b20
D/MALI    (  699): _egl_make_current:906: [MALI] Map __ctx 0x0 to ctx 0x0
D/DisplayPowerState(  699): Requesting new screen state: state=ON, backlight=0
D/DisplayPowerState(  699): Screen not ready
D/DisplayPowerState(  699): PhotonicModulator mActualBacklight  10
D/DisplayPowerState(  699): setScreenState: state=1
D/DisplayPowerState(  699): Updating screen state: state=ON, backlight=0, backlightChanged=true
D/lights  (  699): write_int open fd=242
D/DisplayPowerState(  699): Requesting new screen state: state=OFF, backlight=0
D/DisplayPowerState(  699): Screen not ready
D/DisplayPowerState(  699): PhotonicModulator setBrightness  0
D/DisplayPowerState(  699): PhotonicModulator mActualBacklight  0
D/DisplayPowerState(  699): Updating screen state: state=OFF, backlight=0, backlightChanged=false
D/DisplayManagerService(  699): Update global display state for DisplayDeviceInfo{"Built-in Screen": uniqueId="local:0", 320 x 240, 62.68 fps, supportedRefreshRates [62.68], density 120, 120.0 x 120.0 dpi, appVsyncOff 0, presDeadline 16954052, touch INTERNAL, rotation 0, type BUILT_IN, state ON, subtype 0, FLAG_DEFAULT_DISPLAY, FLAG_ROTATES_WITH_CONTENT, FLAG_SECURE, FLAG_SUPPORTS_PROTECTED_BUFFERS}
D/LocalDisplayAdapter(  699): requestDisplayState(OFF, id=0)
