D/StorageNotification(  815): updateUsbMassStorageNotification - isStorageCanShared=false,available=false
D/VoldConnector(  699): SND -> {14 volume shared /storage/sdcard1 ums}
D/FrameworkListener(  165): dispatchCommand data = (14 volume shared /storage/sdcard1 ums)
D/VoldCmdListener(  165): volume shared /storage/sdcard1 ums
D/SocketClient(  165): SocketClient sendData done: 212 14 Share disabled
V/ActivityManager(  699): Broadcast: Intent { act=android.intent.action.UMS_DISCONNECTED flg=0x10 } ordered=false userid=-1 callerApp=ProcessRecord{cf3a7d7 699:system/1000}
I/Tethering(  699): StateReceiver onReceive action:android.hardware.usb.action.USB_STATE
I/Tethering(  699): StateReceiver onReceive action synchronized: usbConnected = true usbConfigured = false, mRndisEnabled = false, mUsbTetherRequested = false
I/Tethering(  699): StateReceiver onReceive action synchronized: mUsbTetherEnabled = false
I/Tethering(  699): StateReceiver onReceive action:android.hardware.usb.action.USB_STATE
I/Tethering(  699): StateReceiver onReceive action synchronized: usbConnected = true usbConfigured = true, mRndisEnabled = false, mUsbTetherRequested = false
I/Tethering(  699): StateReceiver onReceive action synchronized: mUsbTetherEnabled = false
D/ActivityThread(  699): BDC-Calling finishReceiver: IIntentReceiver=20d15248
D/FeatureProxyBase(  699): FeatureProxyBase class constructor
D/FeatureProxyBase(  699): getService(), serviceName = multiwindow_service_v1
D/VoldConnector(  699): RCV <- {212 14 Share disabled}
D/VoldConnector(  699): RMV <- {212 14 Share disabled}
I/MountService(  699): isUsbMassStorageEnabled: false
D/PowerManagerService(  699): releaseWakeLockInternal: lock=83714539 [RILJ], flags=0x0, total_time=97ms
D/PowerManagerNotifier(  699): onWakeLockReleased: flags=1, tag="RILJ", packageName=com.android.phone, ownerUid=1001, ownerPid=1187, workSource=null
D/PowerManagerService(  699): updateWakeLockSummaryLocked: mWakefulness=Awake, mWakeLockSummary=0x0
D/PowerManagerService(  699): updateUserActivitySummaryLocked: mWakefulness=Awake, mUserActivitySummary=0x1, nextTimeout=1558560 (in 58596 ms)
D/PowerManagerService(  699): mDisplayPowerRequest.policy = 3
D/PowerManagerService(  699): isWfdEnabled() mWfdStatus=WifiDisplayStatus{featureState=0, scanState=0, activeDisplayState=0, activeDisplay=null, displays=[], sessionInfo=WifiDisplaySessionInfo: C/O:Client,GId:,Pp:,SId:0,IP:}, return false
D/DisplayPowerController(  699): requestPowerState: policy=BRIGHT, useProximitySensor=false, screenBrightness=102, screenAutoBrightnessAdjustment=0.0, useAutoBrightness=false, blockScreenOn=false, lowPowerMode=false, boostScreenBrightness=false, dozeScreenBrightness=-1, dozeScreenState=UNKNOWN, waitForNegativeProximity=false
I/PowerManagerService(  699): setBrightness mButtonLight 0.
D/FeatureProxyBase(  699): FeatureProxyBase class constructor
D/PowerManagerService(  699): updateDisplayPowerStateLocked: mDisplayReady=false, policy=3, mWakefulness=1, mWakeLockSummary=0x0, mUserActivitySummary=0x1, mBootCompleted=true, mScreenBrightnessBoostInProgress=false
D/PowerManagerService(  699): Releasing suspend blocker "PowerManagerService.WakeLocks".
D/FeatureProxyBase(  699): getService(), serviceName = multiwindow_service_v1
D/StorageNotification(  815): updateUsbMassStorageNotification - [false]
D/StorageNotification(  815): setUsbStorageNotification - visible: {false}
D/StorageNotification(  815): setUsbStorageNotification - mIsLastVisible: false
D/StorageNotification(  815): onUsbMassStorageConnectionChangedAsync - Disconnect
D/StorageNotification(  815): onUsbMassStorageConnectionChangedAsync - mLastConnected: false
D/PhoneStatusBar(  815): addNotification key=-1|android|17040644|null|1000
V/StatusBar(  815): mDeviceProvisioned == false
D/ActivityThread(  699): BDC-Calling finishReceiver: IIntentReceiver=aabce67
D/FeatureProxyBase(  699): FeatureProxyBase class constructor
D/FeatureProxyBase(  699): getService(), serviceName = multiwindow_service_v1
V/SettingsInterface( 1187):  from settings cache , name = auto_time_zone , value = 1
D/AlarmManagerService(  699): Kernel timezone updated to -60 minutes west of GMT
D/FeatureProxyBase(  699): FeatureProxyBase class constructor
D/FeatureProxyBase(  699): getService(), serviceName = multiwindow_service_v1
D/ActivityThread(  794): BDC-Calling onReceive: intent=Intent { act=android.hardware.usb.action.USB_STATE flg=0x20000010 cmp=com.android.providers.media/.MtpReceiver (has extras) }, receiver=com.android.providers.media.MtpReceiver@10abbde4
V/ActivityManager(  699): Broadcast sticky: Intent { act=android.intent.action.NETWORK_SET_TIMEZONE flg=0x20000010 (has extras) } ordered=false userid=-1 callerApp=ProcessRecord{1d7f1e2b 1187:com.android.phone/1001}
D/FeatureProxyBase(  699): FeatureProxyBase class constructor
D/FeatureProxyBase(  699): getService(), serviceName = multiwindow_service_v1
D/FeatureProxyBase(  699): FeatureProxyBase class constructor
D/FeatureProxyBase(  699): getService(), serviceName = multiwindow_service_v1
E/WifiTrafficPoller(  699): ENABLE_TRAFFIC_STATS_POLL true Token 17
E/WifiTrafficPoller(  699):  packet count Tx=65 Rx=37
D/NetworkTimeUpdateService(  699): mNitzReceiver Receive ACTION_NETWORK_SET_TIMEZONE
D/WifiStateMachine(  699): onReceive, action:android.intent.action.SCREEN_ON
D/ActivityThread(  699): BDC-Calling finishReceiver: IIntentReceiver=35b3edba
D/FeatureProxyBase(  699): FeatureProxyBase class constructor
E/WifiStateMachine(  699):  ConnectedState (when=0 what=131167 arg1=1CMD_SCREEN_STATE_CHANGED{ when=0 what=131167 arg1=1 target=com.android.internal.util.StateMachine$SmHandler } 1 0
D/FeatureProxyBase(  699): getService(), serviceName = multiwindow_service_v1
E/WifiStateMachine(  699):  L2ConnectedState (when=-1ms what=131167 arg1=1CMD_SCREEN_STATE_CHANGED{ when=-1ms what=131167 arg1=1 target=com.android.internal.util.StateMachine$SmHandler } 1 0
E/WifiStateMachine(  699):  ConnectModeState (when=-1ms what=131167 arg1=1CMD_SCREEN_STATE_CHANGED{ when=-1ms what=131167 arg1=1 target=com.android.internal.util.StateMachine$SmHandler } 1 0
E/WifiStateMachine(  699):  DriverStartedState (when=-1ms what=131167 arg1=1CMD_SCREEN_STATE_CHANGED{ when=-1ms what=131167 arg1=1 target=com.android.internal.util.StateMachine$SmHandler } 1 0
E/WifiStateMachine(  699):  SupplicantStartedState (when=-2ms what=131167 arg1=1CMD_SCREEN_STATE_CHANGED{ when=-2ms what=131167 arg1=1 target=com.android.internal.util.StateMachine$SmHandler } 1 0
E/WifiStateMachine(  699):  DefaultState (when=-2ms what=131167 arg1=1CMD_SCREEN_STATE_CHANGED{ when=-2ms what=131167 arg1=1 target=com.android.internal.util.StateMachine$SmHandler } 1 0
E/WifiStateMachine(  699): cancelDelayedScan -> 22
E/WifiStateMachine(  699): startDelayedScan send -> 23 milli 500
D/WifiStateMachine(  699): backgroundScan enabled=false startBackgroundScanIfNeeded:false
E/WifiStateMachine(  699): handleScreenStateChanged Exit: true
D/FeatureProxyBase(  699): FeatureProxyBase class constructor
D/FeatureProxyBase(  699): getService(), serviceName = multiwindow_service_v1
D/ActivityThread(  699): BDC-Calling finishReceiver: IIntentReceiver=12ed7916
D/FeatureProxyBase(  699): FeatureProxyBase class constructor
D/FeatureProxyBase(  699): getService(), serviceName = multiwindow_service_v1
D/FeatureProxyBase(  699): FeatureProxyBase class constructor
D/FeatureProxyBase(  699): getService(), serviceName = multiwindow_service_v1
D/AudioSystem(  699): +setParameters(): screen_state=on 
D/AudioFlinger(  189): setParameters(): io 0, keyvalue screen_state=on, calling pid 699
D/AudioALSAHardware(  189): +setParameters(): screen_state=on
D/AudioALSAStreamOut(  189): +setLowLatencyMode(), mode 1
D/AudioALSAHardware(  189): -setParameters(): screen_state=on 
D/usb_audio_hw(  189): audio_hw:usb adev_set_parameters(screen_state=on)
D/AudioSystem(  699): -setParameters(): screen_state=on 
D/ActivityThread(  699): BDC-Calling finishReceiver: IIntentReceiver=154bf080
D/FeatureProxyBase(  699): FeatureProxyBase class constructor
D/FeatureProxyBase(  699): getService(), serviceName = multiwindow_service_v1
V/SettingsInterface( 1187):  from settings cache , name = multi_sim_voice_call , value = 1
E/WifiStateMachine(  699):  ConnectedState (when=-14ms what=131154 arg1=1!CMD_ENABLE_RSSI_POLL{ when=-14ms what=131154 arg1=1 target=com.android.internal.util.StateMachine$SmHandler } 1 0
D/FeatureProxyBase(  699): FeatureProxyBase class constructor
D/FeatureProxyBase(  699): getService(), serviceName = multiwindow_service_v1
E/WifiStateMachine(  699):  L2ConnectedState (when=-15ms what=131154 arg1=1!CMD_ENABLE_RSSI_POLL{ when=-15ms what=131154 arg1=1 target=com.android.internal.util.StateMachine$SmHandler } 1 0
D/WifiHW  (  699): enter -->wifi_send_command cmd=IFNAME=wlan0 SIGNAL_POLL
D/wpa_supplicant(  938): wlan0: BSS: Remove id 8 BSSID 62:4c:7d:6d:9c:ec SSID 'TECNO SPARK 4' due to wpa_bss_flush_by_age
D/wpa_supplicant(  938): CTRL_IFACE monitor sent successfully to /data/misc/wifi/sockets/wpa_ctrl_699-2\x00
D/wpa_supplicant(  938): wlan0: BSS: Remove id 9 BSSID fa:28:06:d2:d9:ae SSID 'SamT' due to wpa_bss_flush_by_age
D/WifiHW  (  699): [1] get event: IFNAME=wlan0 <3>CTRL-EVENT-BSS-REMOVED 8 62:4c:7d:6d:9c:ec
D/WifiHW  (  699): [2] get event: IFNAME=wlan0 CTRL-EVENT-BSS-REMOVED 8 62:4c:7d:6d:9c:ec
D/wpa_supplicant(  938): CTRL_IFACE monitor sent successfully to /data/misc/wifi/sockets/wpa_ctrl_699-2\x00
D/wpa_supplicant(  938): wlan0: Control interface command 'SIGNAL_POLL'
D/WifiMonitor(  699): Event [IFNAME=wlan0 CTRL-EVENT-BSS-REMOVED 8 62:4c:7d:6d:9c:ec]
D/WifiHW  (  699): enter -->wifi_wait_on_socket buflen=2048
D/WifiHW  (  699): enter -->wifi_ctrl_recv
D/WifiHW  (  699): [1] get event: IFNAME=wlan0 <3>CTRL-EVENT-BSS-REMOVED 9 fa:28:06:d2:d9:ae
D/WifiHW  (  699): [2] get event: IFNAME=wlan0 CTRL-EVENT-BSS-REMOVED 9 fa:28:06:d2:d9:ae
D/WifiMonitor(  699): Event [IFNAME=wlan0 CTRL-EVENT-BSS-REMOVED 9 fa:28:06:d2:d9:ae]
D/WifiHW  (  699): enter -->wifi_wait_on_socket buflen=2048
D/WifiHW  (  699): enter -->wifi_ctrl_recv
D/ActivityThread(  699): BDC-Calling finishReceiver: IIntentReceiver=1aed2d7d
D/FeatureProxyBase(  699): FeatureProxyBase class constructor
D/FeatureProxyBase(  699): getService(), serviceName = multiwindow_service_v1
V/MediaProvider(  794): delete>>>: uri=content://media/none/mtp_connected, match=705, userWhere=null, whereArgs=null, caller pid = 794
V/MediaProvider(  794): delete: match = 705, MTP_CONNECTED= 705
V/MediaProvider(  794): there is no MtpService, recount!! 
V/MediaProvider(  794): delete<<<: uri=content://media/none/mtp_connected, count=0
D/ActivityThread(  794): BDC-RECEIVER handled : 0 / ReceiverData{intent=Intent { act=android.hardware.usb.action.USB_STATE flg=0x20000010 cmp=com.android.providers.media/.MtpReceiver (has extras) } packageName=com.android.providers.media resultCode=-1 resultData=null resultExtras=null}
D/FeatureProxyBase(  699): FeatureProxyBase class constructor
D/FeatureProxyBase(  699): getService(), serviceName = multiwindow_service_v1
D/PerfService(  699): [PerfService] Intent.ACTION_SCREEN_ON 
D/ActivityThread(  699): BDC-Calling finishReceiver: IIntentReceiver=1302850f
D/FeatureProxyBase(  699): FeatureProxyBase class constructor
D/FeatureProxyBase(  699): getService(), serviceName = multiwindow_service_v1
D/PerfServiceManager(  699): [PerfService] MESSAGE_USER_RESTORE_ALL 
D/FeatureProxyBase(  699): FeatureProxyBase class constructor
D/FeatureProxyBase(  699): getService(), serviceName = multiwindow_service_v1
D/FeatureProxyBase(  699): FeatureProxyBase class constructor
D/FeatureProxyBase(  699): getService(), serviceName = multiwindow_service_v1
D/FeatureProxyBase(  699): FeatureProxyBase class constructor
D/FeatureProxyBase(  699): getService(), serviceName = multiwindow_service_v1
D/WifiService(  699): onReceive, action:android.intent.action.SCREEN_ON
D/ActivityThread(  699): BDC-Calling finishReceiver: IIntentReceiver=b52ccd0
D/WifiController(  699): DeviceActiveState{ when=0 what=155650 target=com.android.internal.util.StateMachine$SmHandler }
D/WifiController(  699): StaEnabledState{ when=0 what=155650 target=com.android.internal.util.StateMachine$SmHandler }
D/WifiController(  699): DefaultState{ when=0 what=155650 target=com.android.internal.util.StateMachine$SmHandler }
D/AlarmManager(  699): manual remove option = PendingIntent{31646ef6: PendingIntentRecord{29d662f7 android broadcastIntent}}
D/FeatureProxyBase(  699): FeatureProxyBase class constructor
D/FeatureProxyBase(  699): getService(), serviceName = multiwindow_service_v1
D/WifiHW  (  699): leave --> reply=RSSI=-34
D/WifiHW  (  699): LINKSPEED=65
D/WifiHW  (  699): NOISE=9999
D/WifiHW  (  699): FREQUENCY=2427
D/WifiHW  (  699): 
V/ActivityManager(  699): Broadcast sticky: Intent { act=android.intent.action.SERVICE_STATE flg=0x10 (has extras) } ordered=false userid=-1 callerApp=ProcessRecord{cf3a7d7 699:system/1000}
I/WifiStateMachine(  699): fetchRssiLinkSpeedAndFrequencyNative, newRssi:-34, newLinkSpeed:65, SSID:"Frankdroid7"
D/WifiStateMachine(  699): mLastSignalLevel:4, newSignalLevel:4
E/WifiConfigStore(  699): updateConfiguration freq=2427 BSSID=1a:19:d6:47:d1:7d RSSI=-34 "Frankdroid7"WPA_PSK
E/WifiStateMachine(  699):  ConnectedState (when=-34ms what=131127!CMD_ENABLE_ALL_NETWORKS{ when=-35ms what=131127 target=com.android.internal.util.StateMachine$SmHandler } 0 0
D/FeatureProxyBase(  699): FeatureProxyBase class constructor
E/WifiStateMachine(  699):  L2ConnectedState (when=-35ms what=131127!CMD_ENABLE_ALL_NETWORKS{ when=-35ms what=131127 target=com.android.internal.util.StateMachine$SmHandler } 0 0
D/FeatureProxyBase(  699): getService(), serviceName = multiwindow_service_v1
E/WifiStateMachine(  699):  ConnectModeState (when=-36ms what=131127!CMD_ENABLE_ALL_NETWORKS{ when=-36ms what=131127 target=com.android.internal.util.StateMachine$SmHandler } 0 0
E/WifiStateMachine(  699):  ConnectedState (when=-36ms what=131158!CMD_SET_SUSPEND_OPT_ENABLED{ when=-36ms what=131158 target=com.android.internal.util.StateMachine$SmHandler } 0 0
E/WifiStateMachine(  699):  L2ConnectedState (when=-37ms what=131158!CMD_SET_SUSPEND_OPT_ENABLED{ when=-37ms what=131158 target=com.android.internal.util.StateMachine$SmHandler } 0 0
D/ActivityThread(  699): BDC-Calling finishReceiver: IIntentReceiver=1c0302da
D/FeatureProxyBase(  699): FeatureProxyBase class constructor
D/FeatureProxyBase(  699): getService(), serviceName = multiwindow_service_v1
E/WifiStateMachine(  699):  ConnectModeState (when=-38ms what=131158!CMD_SET_SUSPEND_OPT_ENABLED{ when=-38ms what=131158 target=com.android.internal.util.StateMachine$SmHandler } 0 0
E/WifiStateMachine(  699):  DriverStartedState (when=-39ms what=131158!CMD_SET_SUSPEND_OPT_ENABLED{ when=-39ms what=131158 target=com.android.internal.util.StateMachine$SmHandler } 0 0
D/FeatureProxyBase(  699): FeatureProxyBase class constructor
D/FeatureProxyBase(  699): getService(), serviceName = multiwindow_service_v1
E/WifiStateMachine(  699): setSuspendOptimizationsNative: 4 false -want true stack:setSuspendOptimizationsNative - access$16600 - processMessage - processMsg
E/native  (  699): do suspend false
D/WifiHW  (  699): enter -->wifi_send_command cmd=IFNAME=wlan0 DRIVER SETSUSPENDMODE 0
D/wpa_supplicant(  938): wlan0: Control interface command 'DRIVER SETSUSPENDMODE 0'
D/wpa_supplicant(  938): iface wlan0 recv cmd SETSUSPENDMODE 0
D/wpa_supplicant(  938): nl80211: Test Mode buflen = 12, ifindex=10
D/WifiStateMachine(  699): onReceive, action:android.intent.action.SERVICE_STATE
D/WifiStateMachine(  699): mReceiver: ACTION_SERVICE_STATE_CHANGED
D/WifiStateMachine(  699): ServiceState: 0 :62120
D/NotificationMgr( 1187): updateNetworkSelection()...state = 0 new network 
D/wpa_supplicant(  938): ret = 0, nl=-1203661792
D/wpa_supplicant(  938): wpa_driver_nl80211_driver_cmd: ret = 0 used = 2 total = 4096
I/wpa_supplicant(  938): wpa_driver_nl80211_driver_cmd: buf =  ret = 2 used = 2 total = 4096
D/WifiHW  (  699): leave --> reply=
E/WifiStateMachine(  699):  ConnectedState (when=-62ms what=131249!M_CMD_NOTIFY_SCREEN_ON{ when=-62ms what=131249 target=com.android.internal.util.StateMachine$SmHandler } 0 0
E/WifiStateMachine(  699):  L2ConnectedState (when=-62ms what=131249!M_CMD_NOTIFY_SCREEN_ON{ when=-62ms what=131249 target=com.android.internal.util.StateMachine$SmHandler } 0 0
E/WifiStateMachine(  699):  ConnectModeState (when=-62ms what=131249!M_CMD_NOTIFY_SCREEN_ON{ when=-62ms what=131249 target=com.android.internal.util.StateMachine$SmHandler } 0 0
E/WifiStateMachine(  699):  DriverStartedState (when=-63ms what=131249!M_CMD_NOTIFY_SCREEN_ON{ when=-63ms what=131249 target=com.android.internal.util.StateMachine$SmHandler } 0 0
E/WifiStateMachine(  699):  SupplicantStartedState (when=-63ms what=131249!M_CMD_NOTIFY_SCREEN_ON{ when=-63ms what=131249 target=com.android.internal.util.StateMachine$SmHandler } 0 0
E/WifiStateMachine(  699):  DefaultState (when=-63ms what=131249!M_CMD_NOTIFY_SCREEN_ON{ when=-64ms what=131249 target=com.android.internal.util.StateMachine$SmHandler } 0 0
E/WifiStateMachine(  699):  ConnectedState (when=-64ms what=131129!CMD_CLEAR_BLACKLIST{ when=-64ms what=131129 target=com.android.internal.util.StateMachine$SmHandler } 0 0
E/WifiStateMachine(  699):  L2ConnectedState (when=-64ms what=131129!CMD_CLEAR_BLACKLIST{ when=-64ms what=131129 target=com.android.internal.util.StateMachine$SmHandler } 0 0
E/WifiStateMachine(  699):  ConnectModeState (when=-65ms what=131129!CMD_CLEAR_BLACKLIST{ when=-65ms what=131129 target=com.android.internal.util.StateMachine$SmHandler } 0 0
D/WifiHW  (  699): enter -->wifi_send_command cmd=IFNAME=wlan0 BLACKLIST clear
D/wpa_supplicant(  938): wlan0: Control interface command 'BLACKLIST clear'
D/WifiHW  (  699): leave --> reply=OK
D/WifiHW  (  699): 
V/StatusBar(  815): mDeviceProvisioned == false
V/StatusBar(  815): mDeviceProvisioned == false
V/StatusBar(  815): mDeviceProvisioned == false
V/StatusBar(  815): mDeviceProvisioned == false
D/PhoneStatusBar(  815): refreshing icons: 1 notifications, mNotificationIcons=com.android.systemui.statusbar.phone.IconMerger{3ef2bbda V.E..... ........ 0,0-198,27 #7f110149 app:id/notificationIcons}
D/DefaultStatusBarPlmnPlugin(  815): into supportCustomizeCarrierLabel: false
V/SettingsInterface( 1187):  from settings cache , name = multi_sim_voice_call , value = 1
D/NetworkController(  815): Check isEmergencyOnly, voiceSubId: 1
D/DefaultStatusBarPlmnPlugin(  815): into supportCustomizeCarrierLabel: false
V/SettingsInterface( 1187):  from settings cache , name = multi_sim_voice_call , value = 1
D/NetworkController(  815): Check isEmergencyOnly, voiceSubId: 1
D/NetworkController.MobileSignalController(1)(  815): onServiceStateChanged voiceState=0 dataState=0
D/NetworkController.MobileSignalController(1)(  815): getDataNetworkTypeFromService: mNetworkType= Type_3G, DataNetType= 10 / 10, CS=10, PS=10, mDataState -1
D/NetworkController.MobileSignalController(1)(  815): updateNetworkType: DataState= -1, getDataNetworkType= 10
D/NetworkController.MobileSignalController(1)(  815): updateNetworkType: DataNetType=10 / 10
D/NetworkController.MobileSignalController(1)(  815): updateNetworkType: mNetworkType= Type_3G
D/NetworkController.MobileSignalController(1)(  815): updateTelephonySignalStrength: hasService=true ss=SignalStrength: 14 99 -120 -160 -120 0 -1 99 2147483647 2147483647 2147483647 2147483647 gsm|lte -316 -349 -32
D/NetworkController.MobileSignalController(1)(  815): isCdma: mSignalStrength = SignalStrength: 14 99 -120 -160 -120 0 -1 99 2147483647 2147483647 2147483647 2147483647 gsm|lte -316 -349 -32
D/NetworkController.MobileSignalController(1)(  815): isRoaming: mServiceState = 0 0 voice home data home Airtel BeSafe Airtel 62120 Airtel BeSafe Airtel 62120  HSPA HSPA CSS not supported -1 -1 RoamInd=-1 DefRoamInd=-1 EmergOnly=false Ril Voice Regist state: 1 Ril Data Regist state: 1 mProprietaryDataRadioTechnology: 0 mCdmaNetWorkMode: 0
V/SettingsInterface( 1187):  from settings cache , name = multi_sim_data_call , value = 1
I/NetworkController.MobileSignalController(1)(  815): [CMCC Performance test][SystemUI][Statusbar] show signal end [1657760]
D/NetworkController.MobileSignalController(1)(  815): isDirty : false
D/NetworkController.MobileSignalController(1)(  815): updateVoLTE: DataNetType=10,DataState=-1,IMSState=0,mUsedVoLTESubID=0
D/NetworkController.MobileSignalController(1)(  815): Used VoLTE SubID = 0,not SubID = 1
D/ActivityThread(  815): BDC-Calling finishReceiver: IIntentReceiver=d79977
D/FeatureProxyBase(  699): FeatureProxyBase class constructor
D/FeatureProxyBase(  699): getService(), serviceName = multiwindow_service_v1
D/FeatureProxyBase(  699): FeatureProxyBase class constructor
D/FeatureProxyBase(  699): getService(), serviceName = multiwindow_service_v1
D/MALI    (  815): _egl_make_current:857: [MALI] make current with display 0x1, context 0x40000001, state 0xb8480288
D/MALI    (  815): _egl_make_current:872: [MALI] Map __dpy 0x1 to dpy 0xb83a7b20
D/MALI    (  815): _egl_make_current:906: [MALI] Map __ctx 0x40000001 to ctx 0xb84882d8
D/Surface (  815): Surface::setBuffersDimensions(this=0xb847bb40,w=320,h=27)
V/PhoneStatusBar(  815): onReceive: Intent { act=android.intent.action.SCREEN_ON flg=0x50000010 }
D/ActivityThread(  815): BDC-Calling finishReceiver: IIntentReceiver=428e74a
D/FeatureProxyBase(  699): FeatureProxyBase class constructor
D/FeatureProxyBase(  699): getService(), serviceName = multiwindow_service_v1
D/ActivityThread(  699): BDC-Calling finishReceiver: IIntentReceiver=efe5aac
V/NetworkStats(  699): setKernelCounterSet uid=10003 set=1
D/FeatureProxyBase(  699): FeatureProxyBase class constructor
D/FeatureProxyBase(  699): getService(), serviceName = multiwindow_service_v1
V/NetworkStats(  699): setKernelCounterSet uid=10006 set=1
V/NetworkStats(  699): setKernelCounterSet uid=10012 set=1
D/Surface (  815): Surface::setBuffersDimensions(this=0xb847bb40,w=320,h=27)
D/ConnectivityService(  699): onUidRulesChanged(uid=10003, uidRules=0)
D/ConnectivityService(  699): onUidRulesChanged(uid=10006, uidRules=0)
D/ConnectivityService(  699): onUidRulesChanged(uid=10012, uidRules=0)
D/FeatureProxyBase(  699): FeatureProxyBase class constructor
D/FeatureProxyBase(  699): getService(), serviceName = multiwindow_service_v1
D/FeatureProxyBase(  699): FeatureProxyBase class constructor
D/GpsLocationProvider(  699): receive broadcast intent, action: android.intent.action.SCREEN_ON
D/FeatureProxyBase(  699): getService(), serviceName = multiwindow_service_v1
V/SettingsInterface(  699):  from settings cache , name = batterySaverGpsMode , value = null
D/ActivityThread(  699): BDC-Calling finishReceiver: IIntentReceiver=29d45ea7
D/FeatureProxyBase(  699): FeatureProxyBase class constructor
D/FeatureProxyBase(  699): getService(), serviceName = multiwindow_service_v1
D/FeatureProxyBase(  699): FeatureProxyBase class constructor
D/FeatureProxyBase(  699): getService(), serviceName = multiwindow_service_v1
V/SettingsInterface( 1187):  from settings cache , name = preferred_network_mode1 , value = 0
D/PowerManagerService(  699): acquireWakeLockInternal: lock=486872670, flags=0x1, tag="RILJ", ws=null, uid=1001, pid=1187
D/PowerManagerService(  699): updateWakeLockSummaryLocked: mWakefulness=Awake, mWakeLockSummary=0x1
D/PowerManagerService(  699): updateUserActivitySummaryLocked: mWakefulness=Awake, mUserActivitySummary=0x1, nextTimeout=1558560 (in 58446 ms)
D/PowerManagerService(  699): mDisplayPowerRequest.policy = 3
D/PowerManagerService(  699): isWfdEnabled() mWfdStatus=WifiDisplayStatus{featureState=0, scanState=0, activeDisplayState=0, activeDisplay=null, displays=[], sessionInfo=WifiDisplaySessionInfo: C/O:Client,GId:,Pp:,SId:0,IP:}, return false
D/DisplayPowerController(  699): requestPowerState: policy=BRIGHT, useProximitySensor=false, screenBrightness=102, screenAutoBrightnessAdjustment=0.0, useAutoBrightness=false, blockScreenOn=false, lowPowerMode=false, boostScreenBrightness=false, dozeScreenBrightness=-1, dozeScreenState=UNKNOWN, waitForNegativeProximity=false
I/PowerManagerService(  699): setBrightness mButtonLight 0.
D/PowerManagerService(  699): updateDisplayPowerStateLocked: mDisplayReady=false, policy=3, mWakefulness=1, mWakeLockSummary=0x1, mUserActivitySummary=0x1, mBootCompleted=true, mScreenBrightnessBoostInProgress=false
D/PowerManagerService(  699): Acquiring suspend blocker "PowerManagerService.WakeLocks".
D/PowerManagerNotifier(  699): onWakeLockAcquired: flags=1, tag="RILJ", packageName=com.android.phone, ownerUid=1001, ownerPid=1187, workSource=null
D/PowerManagerService(  699): acquireWakeLockInternal: lock=486872670, flags=0x1, tag="RILJ", ws=null, uid=1001, pid=1187
D/PowerManagerService(  699): updateWakeLockSummaryLocked: mWakefulness=Awake, mWakeLockSummary=0x1
D/PowerManagerService(  699): updateUserActivitySummaryLocked: mWakefulness=Awake, mUserActivitySummary=0x1, nextTimeout=1558560 (in 58444 ms)
D/PowerManagerService(  699): mDisplayPowerRequest.policy = 3
D/PowerManagerService(  699): isWfdEnabled() mWfdStatus=WifiDisplayStatus{featureState=0, scanState=0, activeDisplayState=0, activeDisplay=null, displays=[], sessionInfo=WifiDisplaySessionInfo: C/O:Client,GId:,Pp:,SId:0,IP:}, return false
D/DisplayPowerController(  699): requestPowerState: policy=BRIGHT, useProximitySensor=false, screenBrightness=102, screenAutoBrightnessAdjustment=0.0, useAutoBrightness=false, blockScreenOn=false, lowPowerMode=false, boostScreenBrightness=false, dozeScreenBrightness=-1, dozeScreenState=UNKNOWN, waitForNegativeProximity=false
I/PowerManagerService(  699): setBrightness mButtonLight 0.
D/PowerManagerService(  699): updateDisplayPowerStateLocked: mDisplayReady=false, policy=3, mWakefulness=1, mWakeLockSummary=0x1, mUserActivitySummary=0x1, mBootCompleted=true, mScreenBrightnessBoostInProgress=false
D/PowerManagerService(  699): acquireWakeLockInternal: lock=486872670, flags=0x1, tag="RILJ", ws=null, uid=1001, pid=1187
D/PowerManagerService(  699): updateWakeLockSummaryLocked: mWakefulness=Awake, mWakeLockSummary=0x1
D/PowerManagerService(  699): updateUserActivitySummaryLocked: mWakefulness=Awake, mUserActivitySummary=0x1, nextTimeout=1558560 (in 58443 ms)
D/PowerManagerService(  699): mDisplayPowerRequest.policy = 3
D/PowerManagerService(  699): isWfdEnabled() mWfdStatus=WifiDisplayStatus{featureState=0, scanState=0, activeDisplayState=0, activeDisplay=null, displays=[], sessionInfo=WifiDisplaySessionInfo: C/O:Client,GId:,Pp:,SId:0,IP:}, return false
D/DisplayPowerController(  699): requestPowerState: policy=BRIGHT, useProximitySensor=false, screenBrightness=102, screenAutoBrightnessAdjustment=0.0, useAutoBrightness=false, blockScreenOn=false, lowPowerMode=false, boostScreenBrightness=false, dozeScreenBrightness=-1, dozeScreenState=UNKNOWN, waitForNegativeProximity=false
I/PowerManagerService(  699): setBrightness mButtonLight 0.
D/PowerManagerService(  699): updateDisplayPowerStateLocked: mDisplayReady=false, policy=3, mWakefulness=1, mWakeLockSummary=0x1, mUserActivitySummary=0x1, mBootCompleted=true, mScreenBrightnessBoostInProgress=false
D/PowerManagerService(  699): acquireWakeLockInternal: lock=486872670, flags=0x1, tag="RILJ", ws=null, uid=1001, pid=1187
D/PowerManagerService(  699): updateWakeLockSummaryLocked: mWakefulness=Awake, mWakeLockSummary=0x1
D/PowerManagerService(  699): updateUserActivitySummaryLocked: mWakefulness=Awake, mUserActivitySummary=0x1, nextTimeout=1558560 (in 58442 ms)
D/PowerManagerService(  699): mDisplayPowerRequest.policy = 3
D/PowerManagerService(  699): isWfdEnabled() mWfdStatus=WifiDisplayStatus{featureState=0, scanState=0, activeDisplayState=0, activeDisplay=null, displays=[], sessionInfo=WifiDisplaySessionInfo: C/O:Client,GId:,Pp:,SId:0,IP:}, return false
D/DisplayPowerController(  699): requestPowerState: policy=BRIGHT, useProximitySensor=false, screenBrightness=102, screenAutoBrightnessAdjustment=0.0, useAutoBrightness=false, blockScreenOn=false, lowPowerMode=false, boostScreenBrightness=false, dozeScreenBrightness=-1, dozeScreenState=UNKNOWN, waitForNegativeProximity=false
I/PowerManagerService(  699): setBrightness mButtonLight 0.
D/PowerManagerService(  699): updateDisplayPowerStateLocked: mDisplayReady=false, policy=3, mWakefulness=1, mWakeLockSummary=0x1, mUserActivitySummary=0x1, mBootCompleted=true, mScreenBrightnessBoostInProgress=false
D/ActivityThread( 1187): BDC-Calling finishReceiver: IIntentReceiver=29d307f1
D/FeatureProxyBase(  699): FeatureProxyBase class constructor
D/FeatureProxyBase(  699): getService(), serviceName = multiwindow_service_v1
D/FeatureProxyBase(  699): FeatureProxyBase class constructor
D/FeatureProxyBase(  699): getService(), serviceName = multiwindow_service_v1
D/Surface (  815): Surface::setBuffersDimensions(this=0xb847bb40,w=320,h=27)
D/NetworkController.MobileSignalController(1)(  815): onDataActivity: direction=0
D/NetworkController.MobileSignalController(1)(  815): isDirty : false
D/ActivityThread( 1187): BDC-Calling finishReceiver: IIntentReceiver=30abffd6
D/FeatureProxyBase(  699): FeatureProxyBase class constructor
D/FeatureProxyBase(  699): getService(), serviceName = multiwindow_service_v1
D/FeatureProxyBase(  699): FeatureProxyBase class constructor
D/FeatureProxyBase(  699): getService(), serviceName = multiwindow_service_v1
D/lights  (  699): write_int open fd=230
D/PowerManagerService(  699): acquireWakeLockInternal: lock=486872670, flags=0x1, tag="RILJ", ws=null, uid=1001, pid=1187
D/PowerManagerService(  699): updateWakeLockSummaryLocked: mWakefulness=Awake, mWakeLockSummary=0x1
D/PowerManagerService(  699): updateUserActivitySummaryLocked: mWakefulness=Awake, mUserActivitySummary=0x1, nextTimeout=1558560 (in 58432 ms)
D/PowerManagerService(  699): mDisplayPowerRequest.policy = 3
D/PowerManagerService(  699): isWfdEnabled() mWfdStatus=WifiDisplayStatus{featureState=0, scanState=0, activeDisplayState=0, activeDisplay=null, displays=[], sessionInfo=WifiDisplaySessionInfo: C/O:Client,GId:,Pp:,SId:0,IP:}, return false
D/DisplayPowerController(  699): requestPowerState: policy=BRIGHT, useProximitySensor=false, screenBrightness=102, screenAutoBrightnessAdjustment=0.0, useAutoBrightness=false, blockScreenOn=false, lowPowerMode=false, boostScreenBrightness=false, dozeScreenBrightness=-1, dozeScreenState=UNKNOWN, waitForNegativeProximity=false
I/PowerManagerService(  699): setBrightness mButtonLight 0.
D/PowerManagerService(  699): updateDisplayPowerStateLocked: mDisplayReady=false, policy=3, mWakefulness=1, mWakeLockSummary=0x1, mUserActivitySummary=0x1, mBootCompleted=true, mScreenBrightnessBoostInProgress=false
D/ActivityThread( 1187): BDC-Calling finishReceiver: IIntentReceiver=16b35257
D/FeatureProxyBase(  699): FeatureProxyBase class constructor
D/FeatureProxyBase(  699): getService(), serviceName = multiwindow_service_v1
D/FeatureProxyBase(  699): FeatureProxyBase class constructor
D/FeatureProxyBase(  699): getService(), serviceName = multiwindow_service_v1
D/ActivityThread( 1187): BDC-Calling finishReceiver: IIntentReceiver=13bac144
D/FeatureProxyBase(  699): FeatureProxyBase class constructor
D/FeatureProxyBase(  699): getService(), serviceName = multiwindow_service_v1
D/FeatureProxyBase(  699): FeatureProxyBase class constructor
D/FeatureProxyBase(  699): getService(), serviceName = multiwindow_service_v1
D/ActivityThread( 1187): BDC-Calling finishReceiver: IIntentReceiver=bff322d
D/FeatureProxyBase(  699): FeatureProxyBase class constructor
D/FeatureProxyBase(  699): getService(), serviceName = multiwindow_service_v1
D/FeatureProxyBase(  699): FeatureProxyBase class constructor
D/FeatureProxyBase(  699): getService(), serviceName = multiwindow_service_v1
D/ActivityThread( 1187): BDC-Calling finishReceiver: IIntentReceiver=18c04362
D/Surface (  815): Surface::setBuffersDimensions(this=0xb847bb40,w=320,h=27)
D/NetworkController.MobileSignalController(1)(  815): onDataActivity: direction=0
D/NetworkController.MobileSignalController(1)(  815): isDirty : false
D/NetworkController.MobileSignalController(1)(  815): onDataActivity: direction=0
D/NetworkController.MobileSignalController(1)(  815): isDirty : false
D/NetworkController.MobileSignalController(1)(  815): onDataActivity: direction=0
D/NetworkController.MobileSignalController(1)(  815): isDirty : false
D/PowerManagerNotifier(  699): mWakeUpBroadcastDone - sendNextBroadcast
D/PowerManagerNotifier(  699): sendNextBroadcast, mBroadcastedInteractiveState = 1, mActualInteractiveState = 1
D/PowerManagerNotifier(  699): finishPendingBroadcastLocked
D/FeatureProxyBase(  699): FeatureProxyBase class constructor
D/PowerManagerService(  699): Releasing suspend blocker "PowerManagerService.Broadcasts".
D/FeatureProxyBase(  699): getService(), serviceName = multiwindow_service_v1
D/FeatureProxyBase(  699): FeatureProxyBase class constructor
D/FeatureProxyBase(  699): getService(), serviceName = multiwindow_service_v1
D/DisplayPowerState(  699): PhotonicModulator setBrightness  102
D/DisplayPowerState(  699): PhotonicModulator mActualBacklight  102
D/DisplayPowerState(  699): Screen ready
D/DisplayPowerController(  699): Animating brightness: target=102, rate=0
D/DisplayPowerController(  699): Display ready!
D/DisplayPowerController(  699): Finished business...
D/PowerManagerService(  699): mDisplayPowerRequest.policy = 3
D/PowerManagerService(  699): isWfdEnabled() mWfdStatus=WifiDisplayStatus{featureState=0, scanState=0, activeDisplayState=0, activeDisplay=null, displays=[], sessionInfo=WifiDisplaySessionInfo: C/O:Client,GId:,Pp:,SId:0,IP:}, return false
D/DisplayPowerController(  699): requestPowerState: policy=BRIGHT, useProximitySensor=false, screenBrightness=102, screenAutoBrightnessAdjustment=0.0, useAutoBrightness=false, blockScreenOn=false, lowPowerMode=false, boostScreenBrightness=false, dozeScreenBrightness=-1, dozeScreenState=UNKNOWN, waitForNegativeProximity=false
I/PowerManagerService(  699): setBrightness mButtonLight 0.
D/PowerManagerService(  699): updateDisplayPowerStateLocked: mDisplayReady=true, policy=3, mWakefulness=1, mWakeLockSummary=0x1, mUserActivitySummary=0x1, mBootCompleted=true, mScreenBrightnessBoostInProgress=false
D/PowerManagerNotifier(  699): onWakefulnessChangeFinished: wakefulness=1
V/SettingsInterface( 1187):  from settings cache , name = auto_time_zone , value = 1
D/AlarmManagerService(  699): Kernel timezone updated to -60 minutes west of GMT
V/ActivityManager(  699): Broadcast sticky: Intent { act=android.intent.action.NETWORK_SET_TIMEZONE flg=0x20000010 (has extras) } ordered=false userid=-1 callerApp=ProcessRecord{1d7f1e2b 1187:com.android.phone/1001}
D/PowerManagerService(  699): releaseWakeLockInternal: lock=486872670 [RILJ], flags=0x0, total_time=41ms
D/PowerManagerNotifier(  699): onWakeLockReleased: flags=1, tag="RILJ", packageName=com.android.phone, ownerUid=1001, ownerPid=1187, workSource=null
D/NetworkTimeUpdateService(  699): mNitzReceiver Receive ACTION_NETWORK_SET_TIMEZONE
D/Surface (  815): Surface::setBuffersDimensions(this=0xb847bb40,w=320,h=27)
D/PowerManagerService(  699): updateWakeLockSummaryLocked: mWakefulness=Awake, mWakeLockSummary=0x0
D/PowerManagerService(  699): updateUserActivitySummaryLocked: mWakefulness=Awake, mUserActivitySummary=0x1, nextTimeout=1558560 (in 58405 ms)
D/PowerManagerService(  699): mDisplayPowerRequest.policy = 3
D/PowerManagerService(  699): isWfdEnabled() mWfdStatus=WifiDisplayStatus{featureState=0, scanState=0, activeDisplayState=0, activeDisplay=null, displays=[], sessionInfo=WifiDisplaySessionInfo: C/O:Client,GId:,Pp:,SId:0,IP:}, return false
D/DisplayPowerController(  699): requestPowerState: policy=BRIGHT, useProximitySensor=false, screenBrightness=102, screenAutoBrightnessAdjustment=0.0, useAutoBrightness=false, blockScreenOn=false, lowPowerMode=false, boostScreenBrightness=false, dozeScreenBrightness=-1, dozeScreenState=UNKNOWN, waitForNegativeProximity=false
I/PowerManagerService(  699): setBrightness mButtonLight 0.
D/PowerManagerService(  699): updateDisplayPowerStateLocked: mDisplayReady=true, policy=3, mWakefulness=1, mWakeLockSummary=0x0, mUserActivitySummary=0x1, mBootCompleted=true, mScreenBrightnessBoostInProgress=false
D/PowerManagerService(  699): Releasing suspend blocker "PowerManagerService.WakeLocks".
V/SettingsInterface( 1187):  from settings cache , name = multi_sim_voice_call , value = 1
V/ActivityManager(  699): Broadcast sticky: Intent { act=android.intent.action.SERVICE_STATE flg=0x10 (has extras) } ordered=false userid=-1 callerApp=ProcessRecord{cf3a7d7 699:system/1000}
D/WifiStateMachine(  699): onReceive, action:android.intent.action.SERVICE_STATE
D/WifiStateMachine(  699): mReceiver: ACTION_SERVICE_STATE_CHANGED
D/WifiStateMachine(  699): ServiceState: 0 :62120
D/NotificationMgr( 1187): updateNetworkSelection()...state = 0 new network 
W/hwcomposer(  166): [JOB] (0) Timed out waiting for vsync...
D/Surface (  815): Surface::setBuffersDimensions(this=0xb847bb40,w=320,h=27)
D/NetworkController.MobileSignalController(1)(  815): onServiceStateChanged voiceState=0 dataState=0
D/NetworkController.MobileSignalController(1)(  815): getDataNetworkTypeFromService: mNetworkType= Type_3G, DataNetType= 10 / 10, CS=10, PS=10, mDataState -1
D/NetworkController.MobileSignalController(1)(  815): updateNetworkType: DataState= -1, getDataNetworkType= 10
D/NetworkController.MobileSignalController(1)(  815): updateNetworkType: DataNetType=10 / 10
D/NetworkController.MobileSignalController(1)(  815): updateNetworkType: mNetworkType= Type_3G
D/NetworkController.MobileSignalController(1)(  815): updateTelephonySignalStrength: hasService=true ss=SignalStrength: 14 99 -120 -160 -120 0 -1 99 2147483647 2147483647 2147483647 2147483647 gsm|lte -316 -349 -32
D/NetworkController.MobileSignalController(1)(  815): isCdma: mSignalStrength = SignalStrength: 14 99 -120 -160 -120 0 -1 99 2147483647 2147483647 2147483647 2147483647 gsm|lte -316 -349 -32
D/NetworkController.MobileSignalController(1)(  815): isRoaming: mServiceState = 0 0 voice home data home Airtel BeSafe Airtel 62120 Airtel BeSafe Airtel 62120  HSPA HSPA CSS not supported 0 0 RoamInd=0 DefRoamInd=0 EmergOnly=false Ril Voice Regist state: 1 Ril Data Regist state: 1 mProprietaryDataRadioTechnology: 0 mCdmaNetWorkMode: 0
V/SettingsInterface( 1187):  from settings cache , name = multi_sim_data_call , value = 1
I/NetworkController.MobileSignalController(1)(  815): [CMCC Performance test][SystemUI][Statusbar] show signal end [1657835]
D/NetworkController.MobileSignalController(1)(  815): isDirty : false
D/NetworkController.MobileSignalController(1)(  815): updateVoLTE: DataNetType=10,DataState=-1,IMSState=0,mUsedVoLTESubID=0
D/NetworkController.MobileSignalController(1)(  815): Used VoLTE SubID = 0,not SubID = 1
D/Surface (  815): Surface::setBuffersDimensions(this=0xb847bb40,w=320,h=27)
W/hwcomposer(  166): [JOB] (0) Timed out waiting for vsync...
D/Surface (  815): Surface::setBuffersDimensions(this=0xb847bb40,w=320,h=27)
D/Surface (  815): Surface::setBuffersDimensions(this=0xb847bb40,w=320,h=27)
D/USDKServer(  167): [BOX] [send_to_pos   ]hexdump:02 1B 00 06 62 1E 00 02 64 00 
D/USDKServer(  167): [BOX] [send_to_pos   ]hexdump:1C 40 
D/USDKServer(  167): [BOX] read_pos ret_val=9 data=02
D/USDKServer(  167): [BOX] [1 recv raw dat]hexdump:02 1B 00 05 62 1E 00 00 00 
D/USDKServer(  167): [BOX] read_pos ret_val=2 data=79
D/USDKServer(  167): [BOX] [2 recv raw dat]hexdump:79 40 
I/USDKServer(  167): [USDK] pos_msg_loop get myFrame=1B cType=0x62, cCMD=0x1E cSTACode=0x00
I/USDKServer(  167): [USDK] send_and_recv_timeout recv myFrame=1B cType=0x62, cCMD=0x1E cSTACode=0x00 timeout_ms=500
D/IUSDKService(  815): [USDK] BpUSDKService send_and_recv_timeout cSTX=0x02 cFrame=0x1B cTotleLen16=5 cType=0x62 cCMD=0x1E cSTACode=0x00 cLen16=0 cLrc=0x79 cETX=0x40 ret=0x00
D/SignWarningWindowEx(  815): recv.cSTACode 0
D/USDKServer(  167): [BOX] [send_to_pos   ]hexdump:02 1C 00 04 6C 05 00 00 
D/USDKServer(  167): [BOX] [send_to_pos   ]hexdump:6D 40 
D/USDKServer(  167): [BOX] read_pos ret_val=9 data=02
D/USDKServer(  167): [BOX] [1 recv raw dat]hexdump:02 1C 00 09 6C 05 00 00 04 
D/USDKServer(  167): [BOX] read_pos ret_val=6 data=00
D/USDKServer(  167): [BOX] [2 recv raw dat]hexdump:00 00 00 00 64 40 
I/USDKServer(  167): [USDK] pos_msg_loop get myFrame=1C cType=0x6C, cCMD=0x05 cSTACode=0x00
I/USDKServer(  167): [USDK] send_and_recv_timeout recv myFrame=1C cType=0x6C, cCMD=0x05 cSTACode=0x00 timeout_ms=500
D/IUSDKService(  815): [USDK] BpUSDKService send_and_recv_timeout cSTX=0x02 cFrame=0x1C cTotleLen16=9 cType=0x6C cCMD=0x05 cSTACode=0x00 cLen16=4 cLrc=0x64 cETX=0x40 ret=0x00
D/SignWarningWindowEx(  815): getSPTrigerSequence recv.cSTACode 0
V/ActivityManager(  699): Broadcast: Intent { act=android.intent.action.DeviceLocked flg=0x10 (has extras) } ordered=false userid=0 callerApp=ProcessRecord{3454b48 815:com.android.systemui/u0a6}
D/hxw:signwindow,imei(  815): phoneType:5 imeiStr:865913037465778
V/ActivityManager(  699): Broadcast sticky: Intent { act=android.intent.action.SIG_STR flg=0x20000010 (has extras) } ordered=false userid=-1 callerApp=ProcessRecord{cf3a7d7 699:system/1000}
D/hxw:signwindow,imei(  815): phoneType:1 imeiStr:865913037465786
D/SignWarningWindowEx(  815): autoShow no efused
D/SignWarningWindowEx(  815): DEBUG
V/PhoneWindow(  815): DecorView setVisiblity: visibility = 0 ,Parent =ViewRoot{26185054 ,ident = 2}, this =com.android.internal.policy.impl.PhoneWindow$DecorView{4b08209 V.E..... R.....ID 0,0-320,240}
D/Surface (  815): Surface::setBuffersDimensions(this=0xb847bb40,w=320,h=27)
D/MALI    (  815): _egl_make_current:857: [MALI] make current with display 0x1, context 0x40000001, state 0xb8480288
D/MALI    (  815): _egl_make_current:872: [MALI] Map __dpy 0x1 to dpy 0xb83a7b20
D/MALI    (  815): _egl_make_current:906: [MALI] Map __ctx 0x40000001 to ctx 0xb84882d8
D/Surface (  815): Surface::setBuffersDimensions(this=0xb84b4378,w=320,h=240)
D/PerfServiceManager(  699): [PerfService] notifyFrameUpdate - bDuringTouchBoost:false 
D/NetworkController.MobileSignalController(1)(  815): onSignalStrengthsChanged signalStrength=SignalStrength: 14 99 -120 -160 -120 0 -1 99 2147483647 2147483647 2147483647 2147483647 gsm|lte -320 -353 -33 level=3
D/NetworkController.MobileSignalController(1)(  815): updateTelephonySignalStrength: hasService=true ss=SignalStrength: 14 99 -120 -160 -120 0 -1 99 2147483647 2147483647 2147483647 2147483647 gsm|lte -320 -353 -33
D/NetworkController.MobileSignalController(1)(  815): isCdma: mSignalStrength = SignalStrength: 14 99 -120 -160 -120 0 -1 99 2147483647 2147483647 2147483647 2147483647 gsm|lte -320 -353 -33
D/NetworkController.MobileSignalController(1)(  815): isRoaming: mServiceState = 0 0 voice home data home Airtel BeSafe Airtel 62120 Airtel BeSafe Airtel 62120  HSPA HSPA CSS not supported 0 0 RoamInd=0 DefRoamInd=0 EmergOnly=false Ril Voice Regist state: 1 Ril Data Regist state: 1 mProprietaryDataRadioTechnology: 0 mCdmaNetWorkMode: 0
V/SettingsInterface( 1187):  from settings cache , name = multi_sim_data_call , value = 1
I/NetworkController.MobileSignalController(1)(  815): [CMCC Performance test][SystemUI][Statusbar] show signal end [1657957]
D/NetworkController.MobileSignalController(1)(  815): isDirty : false
D/MALI    (  815): _egl_make_current:857: [MALI] make current with display 0x1, context 0x40000001, state 0xb8480288
D/MALI    (  815): _egl_make_current:872: [MALI] Map __dpy 0x1 to dpy 0xb83a7b20
D/MALI    (  815): _egl_make_current:906: [MALI] Map __ctx 0x40000001 to ctx 0xb84882d8
D/Surface (  815): Surface::setBuffersDimensions(this=0xb847bb40,w=320,h=27)
D/Surface (  815): Surface::setBuffersDimensions(this=0xb847bb40,w=320,h=27)
D/Surface (  815): Surface::setBuffersDimensions(this=0xb847bb40,w=320,h=27)
D/Surface (  815): Surface::setBuffersDimensions(this=0xb847bb40,w=320,h=27)
D/OpenGLRenderer(  815): [ANR Warning] task (syncAndDrawFrame) is waiting for:
D/OpenGLRenderer(  815): TaskQueue:
D/OpenGLRenderer(  815):   (0xb8573fd8, notifyFramePending) post at 1500433077086, wait in 0ms
D/Surface (  815): Surface::setBuffersDimensions(this=0xb847bb40,w=320,h=27)
W/hwcomposer(  166): [JOB] (0) Timed out waiting for vsync...
D/Surface (  815): Surface::setBuffersDimensions(this=0xb847bb40,w=320,h=27)
E/WifiStateMachine(  699):  ConnectedState (when=-2ms what=131143 arg1=-2 arg2=23) !CMD_START_SCAN -2 23 ic=0 proc(ms):501 dur:1222 cnt=23 rssi=-34 f=2427 sc=60 link=65 tx=0.0, 0.0, 0.0  rx=0.0 fiv=20000 [on:0 tx:0 rx:0 period:165081] from screen [on:0 period:-1467189376]
E/WifiStateMachine(  699):  L2ConnectedState (when=-3ms what=131143 arg1=-2 arg2=23) !CMD_START_SCAN -2 23 ic=0 proc(ms):503 dur:1222 cnt=23 rssi=-34 f=2427 sc=60 link=65 tx=0.0, 0.0, 0.0  rx=0.0 fiv=20000 [on:0 tx:0 rx:0 period:1] from screen [on:0 period:-1467189375]
E/WifiStateMachine(  699): WifiStateMachine CMD_START_SCAN source -2 txSuccessRate=0.00 rxSuccessRate=0.00 targetRoamBSSID=any RSSI=-34
E/WifiStateMachine(  699): startDelayedScan send -> 24 milli 20000
E/WifiStateMachine(  699): WifiStateMachine CMD_START_SCAN with age=185152 interval=20000 maxinterval=300000
E/WifiStateMachine(  699): WifiStateMachine CMD_START_SCAN try full band scan age=185152 interval=20000 maxinterval=300000
E/WifiStateMachine(  699): WifiStateMachine CMD_START_SCAN full=true
E/WifiStateMachine(  699): WifiStateMachine CMD_START_SCAN bump interval =30000
E/WifiStateMachine(  699): stopReconnectWifi Wfd=false StopScan=false mDontReconnectAndScan=false
D/WifiHW  (  699): enter -->wifi_send_command cmd=IFNAME=wlan0 SCAN TYPE=ONLY
D/wpa_supplicant(  938): wlan0: Control interface command 'SCAN TYPE=ONLY'
D/wpa_supplicant(  938): hw.num_modes = 2
D/wpa_supplicant(  938): wlan0: Setting scan request: 0.000000 sec
D/WifiHW  (  699): leave --> reply=OK
D/WifiHW  (  699): 
D/wpa_supplicant(  938): wlan0: Starting AP scan for wildcard SSID
D/wpa_supplicant(  938): WPS: Building WPS IE for Probe Request
D/wpa_supplicant(  938): WPS:  * Version (hardcoded 0x10)
D/wpa_supplicant(  938): WPS:  * Request Type
D/wpa_supplicant(  938): WPS:  * Config Methods (4288)
D/wpa_supplicant(  938): WPS:  * UUID-E
D/wpa_supplicant(  938): WPS:  * Primary Device Type
D/wpa_supplicant(  938): WPS:  * RF Bands (1)
D/wpa_supplicant(  938): WPS:  * Association State
D/wpa_supplicant(  938): WPS:  * Configuration Error (0)
D/wpa_supplicant(  938): WPS:  * Device Password ID (0)
D/wpa_supplicant(  938): WPS:  * Manufacturer
D/wpa_supplicant(  938): WPS:  * Model Name
D/wpa_supplicant(  938): WPS:  * Model Number
D/wpa_supplicant(  938): WPS:  * Device Name
D/wpa_supplicant(  938): WPS:  * Version2 (0x20)
D/wpa_supplicant(  938): P2P: * P2P IE header
D/wpa_supplicant(  938): P2P: * Capability dev=25 group=00
D/wpa_supplicant(  938): P2P: * Listen Channel: Regulatory Class 81 Channel 11
D/wpa_supplicant(  938): wlan0: Add radio work 'scan'@0xb842c508
E/WifiStateMachine(  699): [1,622,030,448,515 ms] noteScanstart no scan source uid -2
D/wpa_supplicant(  938): wlan0: First radio work item in the queue - schedule start immediately
D/wpa_supplicant(  938): wlan0: Starting radio work 'scan'@0xb842c508 after 0.000093 second wait
D/wpa_supplicant(  938): wlan0: nl80211: scan request
D/wpa_supplicant(  938): nl80211: Scan SSID - hexdump(len=0): [NULL]
D/wpa_supplicant(  938): nl80211: Scan extra IEs - hexdump(len=144): dd 7b 00 50 f2 04 10 4a 00 01 10 10 3a 00 01 00 10 08 00 02 42 88 10 47 00 10 95 4e 49 7b 4c c2 5e f0 a5 8b 09 8e cd 7f 90 be 10 54 00 08 00 0a 00 50 f2 04 00 05 10 3c 00 01 01 10 02 00 02 00 00 10 09 00 02 00 00 10 12 00 02 00 00 10 21 00 07 54 6f 70 77 69 73 65 10 23 00 05 4d 50 33 35 50 10 24 00 05 4d 50 33 35 50 10 11 00 05 50 32 36 30 33 10 49 00 06 00 37 2a 00 01 20 dd 11 50 6f 9a 09 02 02 00 25 00 06 05 00 4e 47 04 51 0b
D/[BT3.0+HS]PAL(  233): == chip_reset_fd is set ==
D/wpa_supplicant(  938): Scan requested (ret=0) - scan timeout 30 seconds
D/[BT3.0+HS]PAL(  233): 
D/[BT3.0+HS]PAL(  233): invalid reply message
D/[BT3.0+HS]PAL(  233): 
D/wpa_supplicant(  938): nl80211: Event message available
D/wpa_supplicant(  938): nl80211: Drv Event 33 (NL80211_CMD_TRIGGER_SCAN) received for wlan0
D/wpa_supplicant(  938): wlan0: nl80211: Scan trigger
D/wpa_supplicant(  938): wlan0: Event SCAN_STARTED (49) received
D/wpa_supplicant(  938): wlan0: Own scan request started a scan in 0.000205 seconds
D/wpa_supplicant(  938): CTRL_IFACE monitor sent successfully to /data/misc/wifi/sockets/wpa_ctrl_699-2\x00
D/WifiHW  (  699): [1] get event: IFNAME=wlan0 <3>CTRL-EVENT-SCAN-STARTED 
D/WifiHW  (  699): [2] get event: IFNAME=wlan0 CTRL-EVENT-SCAN-STARTED 
D/WifiMonitor(  699): Event [IFNAME=wlan0 CTRL-EVENT-SCAN-STARTED ]
E/WifiMonitor(  699): handleEvent unknown: 15  CTRL-EVENT-SCAN-STARTED 
D/WifiHW  (  699): enter -->wifi_wait_on_socket buflen=2048
D/WifiHW  (  699): enter -->wifi_ctrl_recv
D/Surface (  815): Surface::setBuffersDimensions(this=0xb847bb40,w=320,h=27)
D/Surface (  815): Surface::setBuffersDimensions(this=0xb847bb40,w=320,h=27)
D/Surface (  815): Surface::setBuffersDimensions(this=0xb847bb40,w=320,h=27)
D/Surface (  815): Surface::setBuffersDimensions(this=0xb847bb40,w=320,h=27)
D/Surface (  815): Surface::setBuffersDimensions(this=0xb847bb40,w=320,h=27)
D/Surface (  815): Surface::setBuffersDimensions(this=0xb847bb40,w=320,h=27)
D/Surface (  815): Surface::setBuffersDimensions(this=0xb847bb40,w=320,h=27)
W/hwcomposer(  166): [JOB] (0) Timed out waiting for vsync...
E/WifiTrafficPoller(  699): TRAFFIC_STATS_POLL true Token 18 num clients 6
E/WifiTrafficPoller(  699):  packet count Tx=65 Rx=37
D/[BT3.0+HS]PAL(  233): == chip_reset_fd is set ==
D/[BT3.0+HS]PAL(  233): 
D/[BT3.0+HS]PAL(  233): invalid reply message
D/[BT3.0+HS]PAL(  233): 
D/wifi2agps(  207): scan result, found 3 APs
D/agps    (  207): [WIFI2AGPS] wifi2agps_scanned
