D/[BT3.0+HS]PAL(  233): == chip_reset_fd is set ==
D/[BT3.0+HS]PAL(  233): 
D/[BT3.0+HS]PAL(  233): invalid reply message
D/[BT3.0+HS]PAL(  233): 
D/agps    (  205): [agps][n][WIFI] wifi_scanned  count=22 timestamp=1501747 num=3
D/wpa_supplicant(  938): RTM_NEWLINK: ifi_index=10 ifname=wlan0 wext ifi_family=0 ifi_flags=0x11043 ([UP][RUNNING][LOWER_UP])
D/wpa_supplicant(  938): RTM_NEWLINK: ifi_index=10 ifname=wlan0 wext ifi_family=0 ifi_flags=0x11043 ([UP][RUNNING][LOWER_UP])
D/wpa_supplicant(  938): nl80211: Event message available
D/wpa_supplicant(  938): nl80211: Drv Event 34 (NL80211_CMD_NEW_SCAN_RESULTS) received for wlan0
D/wpa_supplicant(  938): wlan0: nl80211: New scan results available
D/wpa_supplicant(  938): nl80211: Scan included frequencies: 2412 2417 2422 2427 2432 2437 2442 2447 2452 2457 2462 2467 2472
D/wpa_supplicant(  938): wlan0: Event SCAN_RESULTS (3) received
D/wpa_supplicant(  938): wlan0: Scan completed in 1.259071 seconds
D/wpa_supplicant(  938): nl80211: Associated on 2427 MHz
D/wpa_supplicant(  938): nl80211: Associated with 1a:19:d6:47:d1:7d
D/wpa_supplicant(  938): nl80211: Received scan results (3 BSSes)
D/wpa_supplicant(  938): nl80211: Scan results indicate BSS status with 1a:19:d6:47:d1:7d as associated
D/wpa_supplicant(  938): wlan0: BSS: Start scan result update 21
D/wpa_supplicant(  938): wlan0: BSS: Add new id 10 BSSID 62:4c:7d:6d:9c:ec SSID 'TECNO SPARK 4'
D/wpa_supplicant(  938): CTRL_IFACE monitor sent successfully to /data/misc/wifi/sockets/wpa_ctrl_699-2\x00
D/wpa_supplicant(  938): wlan0: BSS: Add new id 11 BSSID fa:28:06:d2:d9:ae SSID 'SamT'
D/WifiHW  (  699): [1] get event: IFNAME=wlan0 <3>CTRL-EVENT-BSS-ADDED 10 62:4c:7d:6d:9c:ec
D/WifiHW  (  699): [2] get event: IFNAME=wlan0 CTRL-EVENT-BSS-ADDED 10 62:4c:7d:6d:9c:ec
D/wpa_supplicant(  938): CTRL_IFACE monitor sent successfully to /data/misc/wifi/sockets/wpa_ctrl_699-2\x00
D/wpa_supplicant(  938): BSS: last_scan_res_used=3/32
D/wpa_supplicant(  938): wlan0: Scan-only results received
D/wpa_supplicant(  938): CTRL_IFACE monitor sent successfully to /data/misc/wifi/sockets/wpa_ctrl_699-2\x00
D/wpa_supplicant(  938): wlan0: Radio work 'scan'@0xb842c508 done in 1.261379 seconds
D/WifiMonitor(  699): Event [IFNAME=wlan0 CTRL-EVENT-BSS-ADDED 10 62:4c:7d:6d:9c:ec]
I/Netd    (  185): Get netlink event, ifname: wlan0 action: 4
D/SocketClient(  185): SocketClient sendData done: 600 Iface linkstate wlan0 up
D/WifiHW  (  699): enter -->wifi_wait_on_socket buflen=2048
D/WifiHW  (  699): enter -->wifi_ctrl_recv
I/Netd    (  185): Get netlink event, ifname: wlan0 action: 4
D/WifiHW  (  699): [1] get event: IFNAME=wlan0 <3>CTRL-EVENT-BSS-ADDED 11 fa:28:06:d2:d9:ae
D/WifiHW  (  699): [2] get event: IFNAME=wlan0 CTRL-EVENT-BSS-ADDED 11 fa:28:06:d2:d9:ae
D/SocketClient(  185): SocketClient sendData done: 600 Iface linkstate wlan0 up
D/NetdConnector(  699): RCV <- {600 Iface linkstate wlan0 up}
D/WifiMonitor(  699): Event [IFNAME=wlan0 CTRL-EVENT-BSS-ADDED 11 fa:28:06:d2:d9:ae]
D/WifiHW  (  699): enter -->wifi_wait_on_socket buflen=2048
D/WifiHW  (  699): enter -->wifi_ctrl_recv
D/WifiHW  (  699): [1] get event: IFNAME=wlan0 <3>CTRL-EVENT-SCAN-RESULTS 
D/WifiHW  (  699): [2] get event: IFNAME=wlan0 CTRL-EVENT-SCAN-RESULTS 
D/NetdConnector(  699): RCV <- {600 Iface linkstate wlan0 up}
D/WifiHW  (  699): enter -->wifi_wait_on_socket buflen=2048
D/WifiHW  (  699): enter -->wifi_ctrl_recv
D/NetworkManagementService(  699): onEvent:600 Iface linkstate wlan0 up:5
D/Tethering(  699): interfaceLinkStateChanged wlan0, true
D/Tethering(  699): interfaceStatusChanged wlan0, true
E/WifiStateMachine(  699):  ConnectedState (when=-1ms what=147461!SCAN_RESULTS_EVENT 0 0 found=3 known=1 got=3 bcn=0 con=1
D/NetworkManagementService(  699): onEvent:600 Iface linkstate wlan0 up:5
D/Tethering(  699): interfaceLinkStateChanged wlan0, true
D/Tethering(  699): interfaceStatusChanged wlan0, true
E/WifiStateMachine(  699):  L2ConnectedState (when=-1ms what=147461!SCAN_RESULTS_EVENT 0 0 found=3 known=1 got=3 bcn=0 con=1
E/WifiStateMachine(  699):  ConnectModeState (when=-2ms what=147461!SCAN_RESULTS_EVENT 0 0 found=3 known=1 got=3 bcn=0 con=1
E/WifiStateMachine(  699):  DriverStartedState (when=-3ms what=147461!SCAN_RESULTS_EVENT 0 0 found=3 known=1 got=3 bcn=0 con=1
E/WifiStateMachine(  699):  SupplicantStartedState (when=-4ms what=147461!SCAN_RESULTS_EVENT 0 0 found=3 known=1 got=3 bcn=0 con=1
E/WifiStateMachine(  699): [1,622,030,449,783 ms] noteScanEnd no scan source onTime=0
D/WifiHW  (  699): enter -->wifi_send_command cmd=IFNAME=wlan0 BSS RANGE=0- MASK=0x21987
D/wpa_supplicant(  938): wlan0: Control interface command 'BSS RANGE=0- MASK=0x21987'
D/WifiHW  (  699): leave --> reply=id=0
D/WifiHW  (  699): bssid=1a:19:d6:47:d1:7d
D/WifiHW  (  699): freq=2427
D/WifiHW  (  699): level=-39
D/WifiHW  (  699): tsf=0000001659408488
D/WifiHW  (  699): flags=[WPA2-PSK-CCMP][ESS]
D/WifiHW  (  699): ssid=Frankdroid7
D/WifiHW  (  699): ====
D/WifiHW  (  699): id=10
D/WifiHW  (  699): bssid=62:4c:7d:6d:9c:ec
D/WifiHW  (  699): freq=2412
D/WifiHW  (  699): level=-84
D/WifiHW  (  699): tsf=0000001658242202
D/WifiHW  (  699): flags=[WPA2-PSK-CCMP][ESS]
D/WifiHW  (  699): ssid=TECNO SPARK 4
D/WifiHW  (  699): ====
D/WifiHW  (  699): id=11
D/WifiHW  (  699): bssid=fa:28:06:d2:d9:ae
D/WifiHW  (  699): freq=2437
D/WifiHW  (  699): level=-89
D/WifiHW  (  699): tsf=0000001658600955
D/WifiHW  (  699): flags=[WPA2-PSK-CCMP][ESS]
D/WifiHW  (  699): ssid=SamT
D/WifiHW  (  699): ####
D/WifiNative-wlan0(  699): scan result len: 4096
E/WifiStateMachine(  699): wifi setScanResults statecom.android.server.wifi.WifiStateMachine$ConnectedState@119cfaa4 sup_state=COMPLETED debouncing=false mConnectionRequests=1 selection=<none>
E/WifiConfigStore(  699): updateSavedNetworkHistory(): try "Frankdroid7"WPA_PSK SSID="Frankdroid7" Frankdroid7 [WPA2-PSK-CCMP][ESS] ajst=0
E/WifiConfigStore(  699):         got known scan result 1a:19:d6:47:d1:7d key : "Frankdroid7"WPA_PSK num: 1 rssi=-39 freq=2427
V/SettingsInterface(  699):  from settings cache , name = network_scorer_app , value = null
D/WifiHW  (  699): enter -->wifi_send_command cmd=IFNAME=wlan0 STATUS-NO_EVENTS
D/wpa_supplicant(  938): wlan0: Control interface command 'STATUS-NO_EVENTS'
D/WifiHW  (  699): leave --> reply=bssid=1a:19:d6:47:d1:7d
D/WifiHW  (  699): freq=2427
D/WifiHW  (  699): ssid=Frankdroid7
D/WifiHW  (  699): id=0
D/WifiHW  (  699): mode=station
D/WifiHW  (  699): pairwise_cipher=CCMP
D/WifiHW  (  699): group_cipher=CCMP
D/WifiHW  (  699): key_mgmt=WPA2-PSK
D/WifiHW  (  699): wpa_state=COMPLETED
D/WifiHW  (  699): ip_address=192.168.43.45
D/WifiHW  (  699): p2p_device_address=ce:5f:bf:e4:1d:ab
D/WifiHW  (  699): address=cc:5f:bf:e4:1d:ab
D/WifiHW  (  699): uuid=954e497b-4cc2-5ef0-a58b-098ecd7f90be
D/WifiHW  (  699): 
E/WifiAutoJoinController (  699): status: bssid=1a:19:d6:47:d1:7d
E/WifiAutoJoinController (  699): freq=2427
E/WifiAutoJoinController (  699): ssid=Frankdroid7
E/WifiAutoJoinController (  699): id=0
E/WifiAutoJoinController (  699): mode=station
E/WifiAutoJoinController (  699): pairwise_cipher=CCMP
E/WifiAutoJoinController (  699): group_cipher=CCMP
E/WifiAutoJoinController (  699): key_mgmt=WPA2-PSK
E/WifiAutoJoinController (  699): wpa_state=COMPLETED
E/WifiAutoJoinController (  699): ip_address=192.168.43.45
E/WifiAutoJoinController (  699): p2p_device_address=ce:5f:bf:e4:1d:ab
E/WifiAutoJoinController (  699): address=cc:5f:bf:e4:1d:ab
E/WifiAutoJoinController (  699): uuid=954e497b-4cc2-5ef0-a58b-098ecd7f90be
E/WifiAutoJoinController (  699): attemptAutoJoin() num recent config 1 current="Frankdroid7"WPA_PSK ---> suppNetId=0
E/WifiAutoJoinController (  699): Done attemptAutoJoin status=0
E/WifiConfigStore(  699):  writeKnownNetworkHistory() num networks:1 needWrite=false
E/WifiStateMachine(  699): mIsFullScanOngoing: true, mSendScanResultsBroadcast: false
E/WifiStateMachine(  699): mWifiOnScanCount: 20
V/ActivityManager(  699): Broadcast: Intent { act=android.net.wifi.SCAN_RESULTS flg=0x4000010 (has extras) } ordered=false userid=-1 callerApp=ProcessRecord{cf3a7d7 699:system/1000}
I/WifiNotificationController(  699): checkAndSetNotification, state:CONNECTED
E/WifiTrafficPoller(  699): TRAFFIC_STATS_POLL true Token 18 num clients 6
E/WifiTrafficPoller(  699):  packet count Tx=65 Rx=37
W/ADB_SERVICES(  253): create_local_service_socket() name=shell:getprop
W/ADB_SERVICES(  253): service_to_fd() name=shell:getprop
W/ADB_SERVICES(  253): read_meminfo() mem_free=25296
W/ADB_SERVICES(  253): create_subproc ret_fd=64 pid=2056
W/ADB_SERVICES(  253): LS(95): bound to 'shell:getprop' via 64
W/ADB_SERVICES( 2056): adb: unable to update oom_score_adj
D/BatteryService(  699): mBatteryVoltage=3917, batteryLevel=50
V/ActivityManager(  699): Broadcast sticky: Intent { act=android.intent.action.BATTERY_CHANGED flg=0x60000010 (has extras) } ordered=false userid=-1 callerApp=null
D/PowerManagerService(  699): updateIsPoweredLocked: wasPowered=true, mIsPowered=true, oldPlugType=2, mPlugType=2, mBatteryLevel=69
D/UsbDeviceManager(  699): onReceive - BATTERY_CHANGED - mPlugType: 2, mSettingUsbCharging: false, mConnected: true, mSettingUsbBicr: false
D/WifiService(  699): onReceive, action:android.intent.action.BATTERY_CHANGED
D/WifiController(  699): DeviceActiveState{ when=0 what=155652 arg1=2 target=com.android.internal.util.StateMachine$SmHandler }
D/WifiController(  699): StaEnabledState{ when=0 what=155652 arg1=2 target=com.android.internal.util.StateMachine$SmHandler }
D/WifiController(  699): DefaultState{ when=0 what=155652 arg1=2 target=com.android.internal.util.StateMachine$SmHandler }
D/WifiController(  699): battery changed pluggedType: 2
D/KeyguardUpdateMonitor(  815): received broadcast android.intent.action.BATTERY_CHANGED
D/KeyguardUpdateMonitor(  815): handleBatteryUpdate index=0 updateInteresting=false
D/Surface (  815): Surface::setBuffersDimensions(this=0xb847bb40,w=320,h=27)
D/PerfServiceManager(  699): [PerfService] notifyFrameUpdate - bDuringTouchBoost:false 
I/BufferQueueProducer(  166): [StatusBar](this:0xb897ec70,id:7,api:1,p:815,c:166) queueBuffer: fps=10.00 dur=2401.02 max=1615.80 min=3.49
I/thermal_repeater(  213): oh, queryMdThermalInfo (0)Bad file number
I/SurfaceFlinger(  166): [Built-in Screen (type:0)] fps:10.917813,dur:2473.02,max:1556.80,min:2.62
I/thermal_repeater(  213): [recvMdThermalInfo] ret=15, strLen=127,  2, 32767, -127
D/ADB_SERVICES(  253):  closing because is_eof=1 r=1 s->fde.force_eof=0
W/ADB_SERVICES(  253): entered. LS(95) fd=64
W/ADB_SERVICES(  253): create_local_service_socket() name=shell:getprop
W/ADB_SERVICES(  253): service_to_fd() name=shell:getprop
W/ADB_SERVICES(  253): read_meminfo() mem_free=25060
W/ADB_SERVICES(  253): create_subproc ret_fd=64 pid=2057
W/ADB_SERVICES(  253): LS(96): bound to 'shell:getprop' via 64
W/ADB_SERVICES( 2057): adb: unable to update oom_score_adj
D/ADB_SERVICES(  253):  closing because is_eof=1 r=1 s->fde.force_eof=0
W/ADB_SERVICES(  253): entered. LS(96) fd=64
E/WifiTrafficPoller(  699): TRAFFIC_STATS_POLL true Token 18 num clients 6
E/WifiTrafficPoller(  699):  packet count Tx=65 Rx=37
E/WifiStateMachine(  699):  ConnectedState (when=-5ms what=131155 arg1=6!CMD_RSSI_POLL 6 0 "Frankdroid7" 1a:19:d6:47:d1:7d rssi=-34 f=2427 sc=60 link=65 tx=0.0, 0.0, 0.0  rx=0.0 bcn=0 [on:0 tx:0 rx:0 period:2532] from screen [on:0 period:-1467186839] gl hn u24 rssi=-35 ag=0 hr ticks 0,0,0 ls-=0 [56,56,56,56,61] brc=0 lrc=0
E/WifiStateMachine(  699):  L2ConnectedState (when=-6ms what=131155 arg1=6!CMD_RSSI_POLL 6 0 "Frankdroid7" 1a:19:d6:47:d1:7d rssi=-34 f=2427 sc=60 link=65 tx=0.0, 0.0, 0.0  rx=0.0 bcn=0 [on:0 tx:0 rx:0 period:1] from screen [on:0 period:-1467186838] gl hn u24 rssi=-35 ag=0 hr ticks 0,0,0 ls-=0 [56,56,56,56,61] brc=0 lrc=0
E/WifiStateMachine(  699):  get link layer stats 0
D/WifiHW  (  699): enter -->wifi_send_command cmd=IFNAME=wlan0 SIGNAL_POLL
D/wpa_supplicant(  938): wlan0: Control interface command 'SIGNAL_POLL'
D/WifiHW  (  699): leave --> reply=RSSI=-34
D/WifiHW  (  699): LINKSPEED=65
D/WifiHW  (  699): NOISE=9999
D/WifiHW  (  699): FREQUENCY=2427
D/WifiHW  (  699): 
I/WifiStateMachine(  699): fetchRssiLinkSpeedAndFrequencyNative, newRssi:-34, newLinkSpeed:65, SSID:"Frankdroid7"
D/WifiStateMachine(  699): mLastSignalLevel:4, newSignalLevel:4
E/WifiConfigStore(  699): updateConfiguration freq=2427 BSSID=1a:19:d6:47:d1:7d RSSI=-36 "Frankdroid7"WPA_PSK
V/ActivityManager(  699): Broadcast sticky: Intent { act=android.net.wifi.RSSI_CHANGED flg=0x4000010 (has extras) } ordered=false userid=-1 callerApp=ProcessRecord{cf3a7d7 699:system/1000}
D/WifiWatchdogStateMachine(  699): RSSI current: 4 new: -34, 4
D/NetworkController(  815): onReceive: intent=Intent { act=android.net.wifi.RSSI_CHANGED flg=0x4000010 (has extras) }
D/NetworkController.WifiSignalController(  815): isDirty : false
D/NetworkController.WifiSignalController(  815): Change in state from: connected=true,enabled=true,level=4,inetCondition=1,iconGroup=IconGroup(Wi-Fi Icons),activityIn=false,activityOut=false,rssi=-40,networkType=null,lastModified=05-26 12:57:57,ssid="Frankdroid7"
D/NetworkController.WifiSignalController(  815): 	to: connected=true,enabled=true,level=4,inetCondition=1,iconGroup=IconGroup(Wi-Fi Icons),activityIn=false,activityOut=false,rssi=-34,networkType=null,lastModified=05-26 12:57:57,ssid="Frankdroid7"
D/NetworkController.WifiSignalController(  815): Wifi notifyListeners: level= 4, wifiActivity= 0
D/SignalClusterView(  815): setWifiIndicators, visible=true, strengthIcon=2130837927, contentDescription=Wifi signal full.
D/SignalClusterView(  815): apply(1), mMobileVisible= true, mIsAirplaneMode= false
D/SignalClusterView(  815): apply(), mNetworkType= Type_3G resId= 2130837879
D/NetworkController.WifiSignalController(  815): Wifi notifyListeners: level= 4, wifiActivity= 0
D/SignalClusterView(  815): setWifiIndicators, visible=true, strengthIcon=2130837927, contentDescription=Wifi signal full.
D/SignalClusterView(  815): apply(1), mMobileVisible= true, mIsAirplaneMode= false
D/SignalClusterView(  815): apply(), mNetworkType= Type_3G resId= 2130837879
D/NetworkController.WifiSignalController(  815): Wifi notifyListeners: level= 4, wifiActivity= 0
D/SignalClusterView(  815): setWifiIndicators, visible=true, strengthIcon=2130837927, contentDescription=Wifi signal full.
D/SignalClusterView(  815): apply(1), mMobileVisible= true, mIsAirplaneMode= false
D/SignalClusterView(  815): apply(), mNetworkType= Type_3G resId= 2130837879
V/SettingsInterface( 1187):  from settings cache , name = multi_sim_data_call , value = 1
D/DefaultStatusBarPlmnPlugin(  815): into supportCustomizeCarrierLabel: false
D/DefaultStatusBarPlmnPlugin(  815): into updateCarrierLabel, slotId=0, isSimInserted=true, isHasSimService=true
D/DefaultStatusBarPlmnPlugin(  815): into updateCarrierLabel, slotId=1, isSimInserted=false, isHasSimService=false
D/Surface (  815): Surface::setBuffersDimensions(this=0xb847bb40,w=320,h=27)
D/PerfServiceManager(  699): [PerfService] notifyFrameUpdate - bDuringTouchBoost:false 
D/Surface (  815): Surface::setBuffersDimensions(this=0xb847bb40,w=320,h=27)
D/Surface (  815): Surface::setBuffersDimensions(this=0xb847bb40,w=320,h=27)
D/Surface (  815): Surface::setBuffersDimensions(this=0xb847bb40,w=320,h=27)
D/Surface (  815): Surface::setBuffersDimensions(this=0xb847bb40,w=320,h=27)
W/hwcomposer(  166): [JOB] (0) Timed out waiting for vsync...
D/Surface (  815): Surface::setBuffersDimensions(this=0xb847bb40,w=320,h=27)
D/Surface (  815): Surface::setBuffersDimensions(this=0xb847bb40,w=320,h=27)
W/hwcomposer(  166): [JOB] (0) Timed out waiting for vsync...
D/Surface (  815): Surface::setBuffersDimensions(this=0xb847bb40,w=320,h=27)
D/Surface (  815): Surface::setBuffersDimensions(this=0xb847bb40,w=320,h=27)
D/Surface (  815): Surface::setBuffersDimensions(this=0xb847bb40,w=320,h=27)
I/BufferQueueProducer(  166): [StatusBar](this:0xb897ec70,id:7,api:1,p:815,c:166) queueBuffer: fps=9.89 dur=1011.30 max=765.27 min=13.37
D/OpenGLRenderer(  815): [ANR Warning] task (syncAndDrawFrame) is waiting for:
D/OpenGLRenderer(  815): TaskQueue:
D/OpenGLRenderer(  815):   (0xb85c1250, notifyFramePending) post at 1503324123855, wait in 0ms
D/Surface (  815): Surface::setBuffersDimensions(this=0xb847bb40,w=320,h=27)
I/SurfaceFlinger(  166): [Built-in Screen (type:0)] fps:9.633877,dur:1038.00,max:765.71,min:1.97
D/OpenGLRenderer(  815): [ANR Warning] task (syncAndDrawFrame) is waiting for:
D/OpenGLRenderer(  815): TaskQueue:
D/OpenGLRenderer(  815):   (0xb8661430, notifyFramePending) post at 1503355348625, wait in 0ms
D/Surface (  815): Surface::setBuffersDimensions(this=0xb847bb40,w=320,h=27)
D/OpenGLRenderer(  815): [ANR Warning] task (syncAndDrawFrame) is waiting for:
D/OpenGLRenderer(  815): TaskQueue:
D/OpenGLRenderer(  815):   (0xb8661430, notifyFramePending) post at 1503385049009, wait in 0ms
D/Surface (  815): Surface::setBuffersDimensions(this=0xb847bb40,w=320,h=27)
D/OpenGLRenderer(  815): [ANR Warning] task (syncAndDrawFrame) is waiting for:
D/OpenGLRenderer(  815): TaskQueue:
D/OpenGLRenderer(  815):   (0xb8661430, notifyFramePending) post at 1503415947009, wait in 0ms
D/Surface (  815): Surface::setBuffersDimensions(this=0xb847bb40,w=320,h=27)
D/OpenGLRenderer(  815): [ANR Warning] task (syncAndDrawFrame) is waiting for:
D/OpenGLRenderer(  815): TaskQueue:
D/OpenGLRenderer(  815):   (0xb8661430, notifyFramePending) post at 1503446125317, wait in 0ms
D/Surface (  815): Surface::setBuffersDimensions(this=0xb847bb40,w=320,h=27)
D/OpenGLRenderer(  815): [ANR Warning] task (syncAndDrawFrame) is waiting for:
D/OpenGLRenderer(  815): TaskQueue:
D/OpenGLRenderer(  815):   (0xb8661430, notifyFramePending) post at 1503475127086, wait in 0ms
D/PerfServiceManager(  699): [PerfService] notifyFrameUpdate - bDuringTouchBoost:false 
D/Surface (  815): Surface::setBuffersDimensions(this=0xb847bb40,w=320,h=27)
W/hwcomposer(  166): [JOB] (0) Timed out waiting for vsync...
D/OpenGLRenderer(  815): [ANR Warning] task (syncAndDrawFrame) is waiting for:
D/OpenGLRenderer(  815): TaskQueue:
D/OpenGLRenderer(  815):   (0xb8661430, notifyFramePending) post at 1503504193086, wait in 0ms
D/Surface (  815): Surface::setBuffersDimensions(this=0xb847bb40,w=320,h=27)
D/OpenGLRenderer(  815): [ANR Warning] task (syncAndDrawFrame) is waiting for:
D/OpenGLRenderer(  815): TaskQueue:
D/OpenGLRenderer(  815):   (0xb8661430, notifyFramePending) post at 1503534271932, wait in 0ms
D/Surface (  815): Surface::setBuffersDimensions(this=0xb847bb40,w=320,h=27)
D/OpenGLRenderer(  815): [ANR Warning] task (syncAndDrawFrame) is waiting for:
D/OpenGLRenderer(  815): TaskQueue:
D/OpenGLRenderer(  815):   (0xb85aa510, notifyFramePending) post at 1503564403855, wait in 0ms
D/Surface (  815): Surface::setBuffersDimensions(this=0xb847bb40,w=320,h=27)
D/OpenGLRenderer(  815): [ANR Warning] task (syncAndDrawFrame) is waiting for:
D/OpenGLRenderer(  815): TaskQueue:
D/OpenGLRenderer(  815):   (0xb8661430, notifyFramePending) post at 1503594716778, wait in 0ms
D/Surface (  815): Surface::setBuffersDimensions(this=0xb847bb40,w=320,h=27)
D/OpenGLRenderer(  815): [ANR Warning] task (syncAndDrawFrame) is waiting for:
D/OpenGLRenderer(  815): TaskQueue:
D/OpenGLRenderer(  815):   (0xb8661430, notifyFramePending) post at 1503624912317, wait in 0ms
D/Surface (  815): Surface::setBuffersDimensions(this=0xb847bb40,w=320,h=27)
D/Surface (  815): Surface::setBuffersDimensions(this=0xb847bb40,w=320,h=27)
E/WifiTrafficPoller(  699): TRAFFIC_STATS_POLL true Token 18 num clients 6
E/WifiTrafficPoller(  699):  packet count Tx=65 Rx=37
W/ADB_SERVICES(  253): create_local_service_socket() name=shell:getprop
W/ADB_SERVICES(  253): service_to_fd() name=shell:getprop
W/ADB_SERVICES(  253): read_meminfo() mem_free=25048
W/ADB_SERVICES(  253): create_subproc ret_fd=64 pid=2058
W/ADB_SERVICES(  253): LS(97): bound to 'shell:getprop' via 64
W/ADB_SERVICES( 2058): adb: unable to update oom_score_adj
D/ADB_SERVICES(  253):  closing because is_eof=1 r=-1 s->fde.force_eof=0
W/ADB_SERVICES(  253): entered. LS(97) fd=64
E/WifiTrafficPoller(  699): TRAFFIC_STATS_POLL true Token 18 num clients 6
E/WifiTrafficPoller(  699):  packet count Tx=65 Rx=37
D/NetworkController.MobileSignalController(1)(  815): onSignalStrengthsChanged signalStrength=SignalStrength: 14 99 -120 -160 -120 0 -1 99 2147483647 2147483647 2147483647 2147483647 gsm|lte -316 -351 -33 level=3
D/NetworkController.MobileSignalController(1)(  815): updateTelephonySignalStrength: hasService=true ss=SignalStrength: 14 99 -120 -160 -120 0 -1 99 2147483647 2147483647 2147483647 2147483647 gsm|lte -316 -351 -33
D/NetworkController.MobileSignalController(1)(  815): isCdma: mSignalStrength = SignalStrength: 14 99 -120 -160 -120 0 -1 99 2147483647 2147483647 2147483647 2147483647 gsm|lte -316 -351 -33
D/NetworkController.MobileSignalController(1)(  815): isRoaming: mServiceState = 0 0 voice home data home Airtel BeSafe Airtel 62120 Airtel BeSafe Airtel 62120  HSPA HSPA CSS not supported 0 0 RoamInd=0 DefRoamInd=0 EmergOnly=false Ril Voice Regist state: 1 Ril Data Regist state: 1 mProprietaryDataRadioTechnology: 0 mCdmaNetWorkMode: 0
V/SettingsInterface( 1187):  from settings cache , name = multi_sim_data_call , value = 1
I/NetworkController.MobileSignalController(1)(  815): [CMCC Performance test][SystemUI][Statusbar] show signal end [1663040]
D/NetworkController.MobileSignalController(1)(  815): isDirty : false
V/ActivityManager(  699): Broadcast sticky: Intent { act=android.intent.action.SIG_STR flg=0x20000010 (has extras) } ordered=false userid=-1 callerApp=ProcessRecord{cf3a7d7 699:system/1000}
W/ADB_SERVICES(  253): create_local_service_socket() name=shell:getprop
W/ADB_SERVICES(  253): service_to_fd() name=shell:getprop
W/ADB_SERVICES(  253): read_meminfo() mem_free=25048
W/ADB_SERVICES(  253): create_subproc ret_fd=64 pid=2059
W/ADB_SERVICES(  253): LS(98): bound to 'shell:getprop' via 64
W/ADB_SERVICES( 2059): adb: unable to update oom_score_adj
D/ADB_SERVICES(  253):  closing because is_eof=1 r=-1 s->fde.force_eof=0
W/ADB_SERVICES(  253): entered. LS(98) fd=64
E/WifiTrafficPoller(  699): TRAFFIC_STATS_POLL true Token 18 num clients 6
E/WifiTrafficPoller(  699):  packet count Tx=65 Rx=37
E/WifiStateMachine(  699):  ConnectedState (when=-4ms what=131155 arg1=6!CMD_RSSI_POLL 6 0 "Frankdroid7" 1a:19:d6:47:d1:7d rssi=-34 f=2427 sc=60 link=65 tx=0.0, 0.0, 0.0  rx=0.0 bcn=0 [on:0 tx:0 rx:0 period:2997] from screen [on:0 period:-1467183814] gl hn u24 rssi=-29 ag=0 hr ticks 0,0,0 ls-=0 [56,56,56,56,61] brc=0 lrc=0
E/WifiStateMachine(  699):  L2ConnectedState (when=-5ms what=131155 arg1=6!CMD_RSSI_POLL 6 0 "Frankdroid7" 1a:19:d6:47:d1:7d rssi=-34 f=2427 sc=60 link=65 tx=0.0, 0.0, 0.0  rx=0.0 bcn=0 [on:0 tx:0 rx:0 period:2] from screen [on:0 period:-1467183812] gl hn u24 rssi=-29 ag=0 hr ticks 0,0,0 ls-=0 [56,56,56,56,61] brc=0 lrc=0
E/WifiStateMachine(  699):  get link layer stats 0
D/WifiHW  (  699): enter -->wifi_send_command cmd=IFNAME=wlan0 SIGNAL_POLL
D/wpa_supplicant(  938): wlan0: Control interface command 'SIGNAL_POLL'
D/WifiHW  (  699): leave --> reply=RSSI=-35
D/WifiHW  (  699): LINKSPEED=65
D/WifiHW  (  699): NOISE=9999
D/WifiHW  (  699): FREQUENCY=2427
D/WifiHW  (  699): 
I/WifiStateMachine(  699): fetchRssiLinkSpeedAndFrequencyNative, newRssi:-35, newLinkSpeed:65, SSID:"Frankdroid7"
D/WifiStateMachine(  699): mLastSignalLevel:4, newSignalLevel:4
E/WifiConfigStore(  699): updateConfiguration freq=2427 BSSID=1a:19:d6:47:d1:7d RSSI=-35 "Frankdroid7"WPA_PSK
V/ActivityManager(  699): Broadcast sticky: Intent { act=android.net.wifi.RSSI_CHANGED flg=0x4000010 (has extras) } ordered=false userid=-1 callerApp=ProcessRecord{cf3a7d7 699:system/1000}
D/WifiWatchdogStateMachine(  699): RSSI current: 4 new: -35, 4
D/NetworkController(  815): onReceive: intent=Intent { act=android.net.wifi.RSSI_CHANGED flg=0x4000010 (has extras) }
D/NetworkController.WifiSignalController(  815): isDirty : false
D/NetworkController.WifiSignalController(  815): Change in state from: connected=true,enabled=true,level=4,inetCondition=1,iconGroup=IconGroup(Wi-Fi Icons),activityIn=false,activityOut=false,rssi=-34,networkType=null,lastModified=05-26 01:00:51,ssid="Frankdroid7"
D/NetworkController.WifiSignalController(  815): 	to: connected=true,enabled=true,level=4,inetCondition=1,iconGroup=IconGroup(Wi-Fi Icons),activityIn=false,activityOut=false,rssi=-35,networkType=null,lastModified=05-26 01:00:51,ssid="Frankdroid7"
D/NetworkController.WifiSignalController(  815): Wifi notifyListeners: level= 4, wifiActivity= 0
D/SignalClusterView(  815): setWifiIndicators, visible=true, strengthIcon=2130837927, contentDescription=Wifi signal full.
D/SignalClusterView(  815): apply(1), mMobileVisible= true, mIsAirplaneMode= false
D/SignalClusterView(  815): apply(), mNetworkType= Type_3G resId= 2130837879
D/NetworkController.WifiSignalController(  815): Wifi notifyListeners: level= 4, wifiActivity= 0
D/SignalClusterView(  815): setWifiIndicators, visible=true, strengthIcon=2130837927, contentDescription=Wifi signal full.
D/SignalClusterView(  815): apply(1), mMobileVisible= true, mIsAirplaneMode= false
D/SignalClusterView(  815): apply(), mNetworkType= Type_3G resId= 2130837879
D/NetworkController.WifiSignalController(  815): Wifi notifyListeners: level= 4, wifiActivity= 0
D/SignalClusterView(  815): setWifiIndicators, visible=true, strengthIcon=2130837927, contentDescription=Wifi signal full.
D/SignalClusterView(  815): apply(1), mMobileVisible= true, mIsAirplaneMode= false
D/SignalClusterView(  815): apply(), mNetworkType= Type_3G resId= 2130837879
V/SettingsInterface( 1187):  from settings cache , name = multi_sim_data_call , value = 1
D/DefaultStatusBarPlmnPlugin(  815): into supportCustomizeCarrierLabel: false
D/DefaultStatusBarPlmnPlugin(  815): into updateCarrierLabel, slotId=0, isSimInserted=true, isHasSimService=true
D/DefaultStatusBarPlmnPlugin(  815): into updateCarrierLabel, slotId=1, isSimInserted=false, isHasSimService=false
D/Surface (  815): Surface::setBuffersDimensions(this=0xb847bb40,w=320,h=27)
D/PerfServiceManager(  699): [PerfService] notifyFrameUpdate - bDuringTouchBoost:false 
I/BufferQueueProducer(  166): [StatusBar](this:0xb897ec70,id:7,api:1,p:815,c:166) queueBuffer: fps=4.66 dur=2791.54 max=2435.41 min=15.41
I/SurfaceFlinger(  166): [Built-in Screen (type:0)] fps:4.708828,dur:2760.77,max:2420.21,min:5.20
E/WifiTrafficPoller(  699): TRAFFIC_STATS_POLL true Token 18 num clients 6
E/WifiTrafficPoller(  699):  packet count Tx=65 Rx=37
I/thermal_repeater(  213): oh, queryMdThermalInfo (0)Bad file number
I/thermal_repeater(  213): [recvMdThermalInfo] ret=15, strLen=127,  2, 32767, -127
E/WifiTrafficPoller(  699): TRAFFIC_STATS_POLL true Token 18 num clients 6
E/WifiTrafficPoller(  699):  packet count Tx=65 Rx=37
E/WifiTrafficPoller(  699): TRAFFIC_STATS_POLL true Token 18 num clients 6
E/WifiTrafficPoller(  699):  packet count Tx=65 Rx=37
E/WifiStateMachine(  699):  ConnectedState (when=-4ms what=131155 arg1=6!CMD_RSSI_POLL 6 0 "Frankdroid7" 1a:19:d6:47:d1:7d rssi=-35 f=2427 sc=60 link=65 tx=0.0, 0.0, 0.0  rx=0.0 bcn=0 [on:0 tx:0 rx:0 period:2994] from screen [on:0 period:-1467180788] gl hn u24 rssi=-30 ag=0 hr ticks 0,0,0 ls-=0 [56,56,56,56,61] brc=0 lrc=0
E/WifiStateMachine(  699):  L2ConnectedState (when=-6ms what=131155 arg1=6!CMD_RSSI_POLL 6 0 "Frankdroid7" 1a:19:d6:47:d1:7d rssi=-35 f=2427 sc=60 link=65 tx=0.0, 0.0, 0.0  rx=0.0 bcn=0 [on:0 tx:0 rx:0 period:2] from screen [on:0 period:-1467180786] gl hn u24 rssi=-30 ag=0 hr ticks 0,0,0 ls-=0 [56,56,56,56,61] brc=0 lrc=0
E/WifiStateMachine(  699):  get link layer stats 0
D/WifiHW  (  699): enter -->wifi_send_command cmd=IFNAME=wlan0 SIGNAL_POLL
D/wpa_supplicant(  938): wlan0: Control interface command 'SIGNAL_POLL'
D/WifiHW  (  699): leave --> reply=RSSI=-35
D/WifiHW  (  699): LINKSPEED=65
D/WifiHW  (  699): NOISE=9999
D/WifiHW  (  699): FREQUENCY=2427
D/WifiHW  (  699): 
I/WifiStateMachine(  699): fetchRssiLinkSpeedAndFrequencyNative, newRssi:-35, newLinkSpeed:65, SSID:"Frankdroid7"
D/WifiStateMachine(  699): mLastSignalLevel:4, newSignalLevel:4
E/WifiConfigStore(  699): updateConfiguration freq=2427 BSSID=1a:19:d6:47:d1:7d RSSI=-35 "Frankdroid7"WPA_PSK
V/ActivityManager(  699): Broadcast sticky: Intent { act=android.net.wifi.RSSI_CHANGED flg=0x4000010 (has extras) } ordered=false userid=-1 callerApp=ProcessRecord{cf3a7d7 699:system/1000}
D/WifiWatchdogStateMachine(  699): RSSI current: 4 new: -35, 4
D/NetworkController(  815): onReceive: intent=Intent { act=android.net.wifi.RSSI_CHANGED flg=0x4000010 (has extras) }
D/NetworkController.WifiSignalController(  815): isDirty : false
E/WifiTrafficPoller(  699): TRAFFIC_STATS_POLL true Token 18 num clients 6
E/WifiTrafficPoller(  699):  packet count Tx=65 Rx=37
D/NetworkController.MobileSignalController(1)(  815): onSignalStrengthsChanged signalStrength=SignalStrength: 14 99 -120 -160 -120 0 -1 99 2147483647 2147483647 2147483647 2147483647 gsm|lte -316 -349 -32 level=3
D/NetworkController.MobileSignalController(1)(  815): updateTelephonySignalStrength: hasService=true ss=SignalStrength: 14 99 -120 -160 -120 0 -1 99 2147483647 2147483647 2147483647 2147483647 gsm|lte -316 -349 -32
D/NetworkController.MobileSignalController(1)(  815): isCdma: mSignalStrength = SignalStrength: 14 99 -120 -160 -120 0 -1 99 2147483647 2147483647 2147483647 2147483647 gsm|lte -316 -349 -32
D/NetworkController.MobileSignalController(1)(  815): isRoaming: mServiceState = 0 0 voice home data home Airtel BeSafe Airtel 62120 Airtel BeSafe Airtel 62120  HSPA HSPA CSS not supported 0 0 RoamInd=0 DefRoamInd=0 EmergOnly=false Ril Voice Regist state: 1 Ril Data Regist state: 1 mProprietaryDataRadioTechnology: 0 mCdmaNetWorkMode: 0
V/SettingsInterface( 1187):  from settings cache , name = multi_sim_data_call , value = 1
I/NetworkController.MobileSignalController(1)(  815): [CMCC Performance test][SystemUI][Statusbar] show signal end [1668161]
D/NetworkController.MobileSignalController(1)(  815): isDirty : false
V/ActivityManager(  699): Broadcast sticky: Intent { act=android.intent.action.SIG_STR flg=0x20000010 (has extras) } ordered=false userid=-1 callerApp=ProcessRecord{cf3a7d7 699:system/1000}
E/WifiTrafficPoller(  699): TRAFFIC_STATS_POLL true Token 18 num clients 6
E/WifiTrafficPoller(  699):  packet count Tx=65 Rx=37
V/AlarmManager(  699): Checking for alarms... rtc=1622030460000, elapsed=1669635
V/ActivityManager(  699): Broadcast: Intent { act=android.intent.action.TIME_TICK flg=0x50000114 (has extras) } ordered=true userid=-1 callerApp=null
D/FeatureProxyBase(  699): FeatureProxyBase class constructor
D/FeatureProxyBase(  699): getService(), serviceName = multiwindow_service_v1
V/AlarmManager(  699): sending alarm Alarm{184ca610 type 3 when 1669635 android} success
D/PowerManagerService(  699): acquireWakeLockInternal: lock=771617511, flags=0x40000001, tag="*alarm*", ws=WorkSource{1000}, uid=1000, pid=699
D/PowerManagerService(  699): updateWakeLockSummaryLocked: mWakefulness=Awake, mWakeLockSummary=0x1
D/PowerManagerService(  699): updateUserActivitySummaryLocked: mWakefulness=Awake, mUserActivitySummary=0x1, nextTimeout=1558560 (in 46582 ms)
D/PowerManagerService(  699): mDisplayPowerRequest.policy = 3
D/PowerManagerService(  699): isWfdEnabled() mWfdStatus=WifiDisplayStatus{featureState=0, scanState=0, activeDisplayState=0, activeDisplay=null, displays=[], sessionInfo=WifiDisplaySessionInfo: C/O:Client,GId:,Pp:,SId:0,IP:}, return false
D/DisplayPowerController(  699): requestPowerState: policy=BRIGHT, useProximitySensor=false, screenBrightness=102, screenAutoBrightnessAdjustment=0.0, useAutoBrightness=false, blockScreenOn=false, lowPowerMode=false, boostScreenBrightness=false, dozeScreenBrightness=-1, dozeScreenState=UNKNOWN, waitForNegativeProximity=false
I/PowerManagerService(  699): setBrightness mButtonLight 0.
D/PowerManagerService(  699): updateDisplayPowerStateLocked: mDisplayReady=true, policy=3, mWakefulness=1, mWakeLockSummary=0x1, mUserActivitySummary=0x1, mBootCompleted=true, mScreenBrightnessBoostInProgress=false
D/PowerManagerService(  699): Acquiring suspend blocker "PowerManagerService.WakeLocks".
D/PowerManagerNotifier(  699): onWakeLockAcquired: flags=1073741825, tag="*alarm*", packageName=android, ownerUid=1000, ownerPid=699, workSource=WorkSource{1000}
V/AlarmManager(  699): APP set(PendingIntent{18488c17: PendingIntentRecord{225cd804 android broadcastIntent}}) : type=3 triggerAtTime=1729634 win=0 tElapsed=1729634 maxElapsed=1729634 interval=0 standalone=true alarmClockInfo = null
D/AlarmManager(  699):  whichBatch = -1
D/AlarmManager(  699): set alarm to RTC 1729634
D/ActivityThread(  699): BDC-Calling finishReceiver: IIntentReceiver=1e772e58
D/FeatureProxyBase(  699): FeatureProxyBase class constructor
D/FeatureProxyBase(  699): getService(), serviceName = multiwindow_service_v1
D/FeatureProxyBase(  699): FeatureProxyBase class constructor
D/FeatureProxyBase(  699): getService(), serviceName = multiwindow_service_v1
D/KeyguardUpdateMonitor(  815): received broadcast android.intent.action.TIME_TICK
D/ActivityThread(  815): BDC-Calling finishReceiver: IIntentReceiver=19db5ca6
D/KeyguardUpdateMonitor(  815): handleTimeUpdate
D/AlarmManager(  699): getNextAlarmClockImpl is called before Lock 
D/AlarmManager(  699): getNextAlarmClockImpl is called in Lock 
V/SettingsInterface(  815):  from settings cache , name = time_12_24 , value = null
V/SettingsInterface(  815):  from settings cache , name = time_12_24 , value = null
D/FeatureProxyBase(  699): FeatureProxyBase class constructor
D/FeatureProxyBase(  699): getService(), serviceName = multiwindow_service_v1
D/FeatureProxyBase(  699): FeatureProxyBase class constructor
D/FeatureProxyBase(  699): getService(), serviceName = multiwindow_service_v1
D/ActivityThread(  815): BDC-Calling finishReceiver: IIntentReceiver=1d65d4b5
D/FeatureProxyBase(  699): FeatureProxyBase class constructor
D/FeatureProxyBase(  699): getService(), serviceName = multiwindow_service_v1
V/PhoneStatusBar(  815): onReceive: Intent { act=android.intent.action.TIME_TICK flg=0x50000114 (has extras) }
D/ActivityThread(  815): BDC-Calling finishReceiver: IIntentReceiver=428e74a
D/FeatureProxyBase(  699): FeatureProxyBase class constructor
D/FeatureProxyBase(  699): getService(), serviceName = multiwindow_service_v1
D/FeatureProxyBase(  699): FeatureProxyBase class constructor
D/FeatureProxyBase(  699): getService(), serviceName = multiwindow_service_v1
E/WifiTrafficPoller(  699): TRAFFIC_STATS_POLL true Token 18 num clients 6
E/WifiTrafficPoller(  699):  packet count Tx=65 Rx=37
V/SettingsInterface(  815):  from settings cache , name = time_12_24 , value = null
D/ActivityThread(  815): BDC-Calling finishReceiver: IIntentReceiver=291f36bb
D/FeatureProxyBase(  699): FeatureProxyBase class constructor
D/FeatureProxyBase(  699): getService(), serviceName = multiwindow_service_v1
D/FeatureProxyBase(  699): FeatureProxyBase class constructor
D/FeatureProxyBase(  699): getService(), serviceName = multiwindow_service_v1
D/FeatureProxyBase(  699): FeatureProxyBase class constructor
D/FeatureProxyBase(  699): getService(), serviceName = multiwindow_service_v1
D/Surface (  815): Surface::setBuffersDimensions(this=0xb847bb40,w=320,h=27)
D/PerfServiceManager(  699): [PerfService] notifyFrameUpdate - bDuringTouchBoost:false 
I/BufferQueueProducer(  166): [StatusBar](this:0xb897ec70,id:7,api:1,p:815,c:166) queueBuffer: fps=0.17 dur=5932.27 max=5932.27 min=5932.27
D/ActivityThread(  815): BDC-Calling finishReceiver: IIntentReceiver=149977d8
D/FeatureProxyBase(  699): FeatureProxyBase class constructor
D/FeatureProxyBase(  699): getService(), serviceName = multiwindow_service_v1
D/FeatureProxyBase(  699): FeatureProxyBase class constructor
D/FeatureProxyBase(  699): getService(), serviceName = multiwindow_service_v1
D/ActivityThread(  815): BDC-Calling finishReceiver: IIntentReceiver=10ec0731
D/FeatureProxyBase(  699): FeatureProxyBase class constructor
D/FeatureProxyBase(  699): getService(), serviceName = multiwindow_service_v1
D/FeatureProxyBase(  699): FeatureProxyBase class constructor
D/FeatureProxyBase(  699): getService(), serviceName = multiwindow_service_v1
D/ActivityThread(  815): BDC-Calling finishReceiver: IIntentReceiver=1f962e16
D/FeatureProxyBase(  699): FeatureProxyBase class constructor
D/FeatureProxyBase(  699): getService(), serviceName = multiwindow_service_v1
D/FeatureProxyBase(  699): FeatureProxyBase class constructor
D/FeatureProxyBase(  699): getService(), serviceName = multiwindow_service_v1
I/SurfaceFlinger(  166): [Built-in Screen (type:0)] fps:0.168508,dur:5934.43,max:5934.43,min:5934.43
D/ActivityThread(  815): BDC-Calling finishReceiver: IIntentReceiver=30008397
D/FeatureProxyBase(  699): FeatureProxyBase class constructor
D/FeatureProxyBase(  699): getService(), serviceName = multiwindow_service_v1
D/FeatureProxyBase(  699): FeatureProxyBase class constructor
D/FeatureProxyBase(  699): getService(), serviceName = multiwindow_service_v1
D/ActivityThread(  815): BDC-Calling finishReceiver: IIntentReceiver=361a3984
D/FeatureProxyBase(  699): FeatureProxyBase class constructor
D/FeatureProxyBase(  699): getService(), serviceName = multiwindow_service_v1
D/FeatureProxyBase(  699): FeatureProxyBase class constructor
D/FeatureProxyBase(  699): getService(), serviceName = multiwindow_service_v1
D/ActivityThread(  815): BDC-Calling finishReceiver: IIntentReceiver=6c8e56d
D/FeatureProxyBase(  699): FeatureProxyBase class constructor
D/FeatureProxyBase(  699): getService(), serviceName = multiwindow_service_v1
D/FeatureProxyBase(  699): FeatureProxyBase class constructor
D/FeatureProxyBase(  699): getService(), serviceName = multiwindow_service_v1
D/ActivityThread(  815): BDC-Calling finishReceiver: IIntentReceiver=24c3396a
D/FeatureProxyBase(  699): FeatureProxyBase class constructor
D/FeatureProxyBase(  699): getService(), serviceName = multiwindow_service_v1
D/AlarmManager(  699): onSendFinished begin
D/PowerManagerService(  699): releaseWakeLockInternal: lock=771617511 [*alarm*], flags=0x0, total_time=76ms
D/PowerManagerNotifier(  699): onWakeLockReleased: flags=1073741825, tag="*alarm*", packageName=android, ownerUid=1000, ownerPid=699, workSource=WorkSource{1000}
D/PowerManagerService(  699): updateWakeLockSummaryLocked: mWakefulness=Awake, mWakeLockSummary=0x0
D/PowerManagerService(  699): updateUserActivitySummaryLocked: mWakefulness=Awake, mUserActivitySummary=0x1, nextTimeout=1558560 (in 46506 ms)
D/PowerManagerService(  699): mDisplayPowerRequest.policy = 3
D/PowerManagerService(  699): isWfdEnabled() mWfdStatus=WifiDisplayStatus{featureState=0, scanState=0, activeDisplayState=0, activeDisplay=null, displays=[], sessionInfo=WifiDisplaySessionInfo: C/O:Client,GId:,Pp:,SId:0,IP:}, return false
D/DisplayPowerController(  699): requestPowerState: policy=BRIGHT, useProximitySensor=false, screenBrightness=102, screenAutoBrightnessAdjustment=0.0, useAutoBrightness=false, blockScreenOn=false, lowPowerMode=false, boostScreenBrightness=false, dozeScreenBrightness=-1, dozeScreenState=UNKNOWN, waitForNegativeProximity=false
I/PowerManagerService(  699): setBrightness mButtonLight 0.
D/PowerManagerService(  699): updateDisplayPowerStateLocked: mDisplayReady=true, policy=3, mWakefulness=1, mWakeLockSummary=0x0, mUserActivitySummary=0x1, mBootCompleted=true, mScreenBrightnessBoostInProgress=false
D/PowerManagerService(  699): Releasing suspend blocker "PowerManagerService.WakeLocks".
D/FeatureProxyBase(  699): FeatureProxyBase class constructor
D/FeatureProxyBase(  699): getService(), serviceName = multiwindow_service_v1
E/WifiStateMachine(  699):  ConnectedState (when=-4ms what=131155 arg1=6!CMD_RSSI_POLL 6 0 "Frankdroid7" 1a:19:d6:47:d1:7d rssi=-35 f=2427 sc=60 link=65 tx=0.0, 0.0, 0.0  rx=0.0 bcn=0 [on:0 tx:0 rx:0 period:3000] from screen [on:0 period:-1467177762] gl hn u24 rssi=-30 ag=0 hr ticks 0,0,0 ls-=0 [56,56,56,56,61] brc=0 lrc=0
E/WifiStateMachine(  699):  L2ConnectedState (when=-5ms what=131155 arg1=6!CMD_RSSI_POLL 6 0 "Frankdroid7" 1a:19:d6:47:d1:7d rssi=-35 f=2427 sc=60 link=65 tx=0.0, 0.0, 0.0  rx=0.0 bcn=0 [on:0 tx:0 rx:0 period:1] from screen [on:0 period:-1467177761] gl hn u24 rssi=-30 ag=0 hr ticks 0,0,0 ls-=0 [56,56,56,56,61] brc=0 lrc=0
E/WifiStateMachine(  699):  get link layer stats 0
D/WifiHW  (  699): enter -->wifi_send_command cmd=IFNAME=wlan0 SIGNAL_POLL
D/wpa_supplicant(  938): wlan0: Control interface command 'SIGNAL_POLL'
D/USDKServer(  167): [BOX] [send_to_pos   ]hexdump:02 1D 00 06 62 1E 00 02 64 00 
D/USDKServer(  167): [BOX] [send_to_pos   ]hexdump:1C 40 
D/USDKServer(  167): [BOX] read_pos ret_val=9 data=02
D/USDKServer(  167): [BOX] [1 recv raw dat]hexdump:02 1D 00 05 62 1E 00 00 00 
D/USDKServer(  167): [BOX] read_pos ret_val=2 data=79
D/USDKServer(  167): [BOX] [2 recv raw dat]hexdump:79 40 
I/USDKServer(  167): [USDK] pos_msg_loop get myFrame=1D cType=0x62, cCMD=0x1E cSTACode=0x00
I/USDKServer(  167): [USDK] send_and_recv_timeout recv myFrame=1D cType=0x62, cCMD=0x1E cSTACode=0x00 timeout_ms=500
D/IUSDKService(  815): [USDK] BpUSDKService send_and_recv_timeout cSTX=0x02 cFrame=0x1D cTotleLen16=5 cType=0x62 cCMD=0x1E cSTACode=0x00 cLen16=0 cLrc=0x79 cETX=0x40 ret=0x00
D/SignWarningWindowEx(  815): recv.cSTACode 0
D/USDKServer(  167): [BOX] [send_to_pos   ]hexdump:02 1E 00 04 6C 05 00 00 
D/USDKServer(  167): [BOX] [send_to_pos   ]hexdump:6D 40 
D/USDKServer(  167): [BOX] read_pos ret_val=9 data=02
D/USDKServer(  167): [BOX] [1 recv raw dat]hexdump:02 1E 00 09 6C 05 00 00 04 
D/USDKServer(  167): [BOX] read_pos ret_val=6 data=00
D/USDKServer(  167): [BOX] [2 recv raw dat]hexdump:00 00 00 00 64 40 
I/USDKServer(  167): [USDK] pos_msg_loop get myFrame=1E cType=0x6C, cCMD=0x05 cSTACode=0x00
I/USDKServer(  167): [USDK] send_and_recv_timeout recv myFrame=1E cType=0x6C, cCMD=0x05 cSTACode=0x00 timeout_ms=500
D/IUSDKService(  815): [USDK] BpUSDKService send_and_recv_timeout cSTX=0x02 cFrame=0x1E cTotleLen16=9 cType=0x6C cCMD=0x05 cSTACode=0x00 cLen16=4 cLrc=0x64 cETX=0x40 ret=0x00
D/SignWarningWindowEx(  815): getSPTrigerSequence recv.cSTACode 0
V/ActivityManager(  699): Broadcast: Intent { act=android.intent.action.DeviceLocked flg=0x10 (has extras) } ordered=false userid=0 callerApp=ProcessRecord{3454b48 815:com.android.systemui/u0a6}
D/hxw:signwindow,imei(  815): phoneType:5 imeiStr:865913037465778
D/hxw:signwindow,imei(  815): phoneType:1 imeiStr:865913037465786
D/SignWarningWindowEx(  815): autoShow no efused
D/SignWarningWindowEx(  815): DEBUG
V/PhoneWindow(  815): DecorView setVisiblity: visibility = 0 ,Parent =ViewRoot{26185054 ,ident = 2}, this =com.android.internal.policy.impl.PhoneWindow$DecorView{4b08209 V.E..... R.....ID 0,0-320,240}
D/MALI    (  815): _egl_make_current:857: [MALI] make current with display 0x1, context 0x40000001, state 0xb8480288
D/MALI    (  815): _egl_make_current:872: [MALI] Map __dpy 0x1 to dpy 0xb83a7b20
D/MALI    (  815): _egl_make_current:906: [MALI] Map __ctx 0x40000001 to ctx 0xb84882d8
D/Surface (  815): Surface::setBuffersDimensions(this=0xb84b4378,w=320,h=240)
I/BufferQueueProducer(  166): [](this:0xb8986380,id:9,api:1,p:815,c:166) queueBuffer: fps=0.16 dur=12226.31 max=11829.65 min=396.65
D/WifiHW  (  699): leave --> reply=RSSI=-32
D/WifiHW  (  699): LINKSPEED=65
D/WifiHW  (  699): NOISE=9999
D/WifiHW  (  699): FREQUENCY=2427
D/WifiHW  (  699): 
I/WifiStateMachine(  699): fetchRssiLinkSpeedAndFrequencyNative, newRssi:-32, newLinkSpeed:65, SSID:"Frankdroid7"
D/WifiStateMachine(  699): mLastSignalLevel:4, newSignalLevel:4
E/WifiConfigStore(  699): updateConfiguration freq=2427 BSSID=1a:19:d6:47:d1:7d RSSI=-33 "Frankdroid7"WPA_PSK
V/ActivityManager(  699): Broadcast sticky: Intent { act=android.net.wifi.RSSI_CHANGED flg=0x4000010 (has extras) } ordered=false userid=-1 callerApp=ProcessRecord{cf3a7d7 699:system/1000}
D/WifiWatchdogStateMachine(  699): RSSI current: 4 new: -32, 4
D/NetworkController(  815): onReceive: intent=Intent { act=android.net.wifi.RSSI_CHANGED flg=0x4000010 (has extras) }
D/NetworkController.WifiSignalController(  815): isDirty : false
D/NetworkController.WifiSignalController(  815): Change in state from: connected=true,enabled=true,level=4,inetCondition=1,iconGroup=IconGroup(Wi-Fi Icons),activityIn=false,activityOut=false,rssi=-35,networkType=null,lastModified=05-26 01:00:54,ssid="Frankdroid7"
D/NetworkController.WifiSignalController(  815): 	to: connected=true,enabled=true,level=4,inetCondition=1,iconGroup=IconGroup(Wi-Fi Icons),activityIn=false,activityOut=false,rssi=-32,networkType=null,lastModified=05-26 01:00:54,ssid="Frankdroid7"
D/NetworkController.WifiSignalController(  815): Wifi notifyListeners: level= 4, wifiActivity= 0
D/SignalClusterView(  815): setWifiIndicators, visible=true, strengthIcon=2130837927, contentDescription=Wifi signal full.
D/SignalClusterView(  815): apply(1), mMobileVisible= true, mIsAirplaneMode= false
D/SignalClusterView(  815): apply(), mNetworkType= Type_3G resId= 2130837879
D/NetworkController.WifiSignalController(  815): Wifi notifyListeners: level= 4, wifiActivity= 0
D/SignalClusterView(  815): setWifiIndicators, visible=true, strengthIcon=2130837927, contentDescription=Wifi signal full.
D/SignalClusterView(  815): apply(1), mMobileVisible= true, mIsAirplaneMode= false
D/SignalClusterView(  815): apply(), mNetworkType= Type_3G resId= 2130837879
D/NetworkController.WifiSignalController(  815): Wifi notifyListeners: level= 4, wifiActivity= 0
D/SignalClusterView(  815): setWifiIndicators, visible=true, strengthIcon=2130837927, contentDescription=Wifi signal full.
D/SignalClusterView(  815): apply(1), mMobileVisible= true, mIsAirplaneMode= false
D/SignalClusterView(  815): apply(), mNetworkType= Type_3G resId= 2130837879
V/SettingsInterface( 1187):  from settings cache , name = multi_sim_data_call , value = 1
D/DefaultStatusBarPlmnPlugin(  815): into supportCustomizeCarrierLabel: false
D/DefaultStatusBarPlmnPlugin(  815): into updateCarrierLabel, slotId=0, isSimInserted=true, isHasSimService=true
D/DefaultStatusBarPlmnPlugin(  815): into updateCarrierLabel, slotId=1, isSimInserted=false, isHasSimService=false
D/MALI    (  815): _egl_make_current:857: [MALI] make current with display 0x1, context 0x40000001, state 0xb8480288
D/MALI    (  815): _egl_make_current:872: [MALI] Map __dpy 0x1 to dpy 0xb83a7b20
D/MALI    (  815): _egl_make_current:906: [MALI] Map __ctx 0x40000001 to ctx 0xb84882d8
D/Surface (  815): Surface::setBuffersDimensions(this=0xb847bb40,w=320,h=27)
I/thermal_repeater(  213): oh, queryMdThermalInfo (0)Bad file number
I/thermal_repeater(  213): [recvMdThermalInfo] ret=15, strLen=127,  2, 32767, -127
E/WifiTrafficPoller(  699): TRAFFIC_STATS_POLL true Token 18 num clients 6
E/WifiTrafficPoller(  699):  packet count Tx=65 Rx=37
E/WifiTrafficPoller(  699): TRAFFIC_STATS_POLL true Token 18 num clients 6
E/WifiTrafficPoller(  699):  packet count Tx=65 Rx=37
E/WifiTrafficPoller(  699): TRAFFIC_STATS_POLL true Token 18 num clients 6
E/WifiTrafficPoller(  699):  packet count Tx=65 Rx=37
E/WifiStateMachine(  699):  ConnectedState (when=-3ms what=131155 arg1=6!CMD_RSSI_POLL 6 0 "Frankdroid7" 1a:19:d6:47:d1:7d rssi=-32 f=2427 sc=60 link=65 tx=0.0, 0.0, 0.0  rx=0.0 bcn=0 [on:0 tx:0 rx:0 period:2999] from screen [on:0 period:-1467174731] gl hn u24 rssi=-27 ag=0 hr ticks 0,0,0 ls-=0 [56,56,56,56,61] brc=0 lrc=0
E/WifiStateMachine(  699):  L2ConnectedState (when=-5ms what=131155 arg1=6!CMD_RSSI_POLL 6 0 "Frankdroid7" 1a:19:d6:47:d1:7d rssi=-32 f=2427 sc=60 link=65 tx=0.0, 0.0, 0.0  rx=0.0 bcn=0 [on:0 tx:0 rx:0 period:2] from screen [on:0 period:-1467174729] gl hn u24 rssi=-27 ag=0 hr ticks 0,0,0 ls-=0 [56,56,56,56,61] brc=0 lrc=0
E/WifiStateMachine(  699):  get link layer stats 0
D/WifiHW  (  699): enter -->wifi_send_command cmd=IFNAME=wlan0 SIGNAL_POLL
D/wpa_supplicant(  938): wlan0: Control interface command 'SIGNAL_POLL'
D/WifiHW  (  699): leave --> reply=RSSI=-32
D/WifiHW  (  699): LINKSPEED=65
D/WifiHW  (  699): NOISE=9999
D/WifiHW  (  699): FREQUENCY=2427
D/WifiHW  (  699): 
I/WifiStateMachine(  699): fetchRssiLinkSpeedAndFrequencyNative, newRssi:-32, newLinkSpeed:65, SSID:"Frankdroid7"
D/WifiStateMachine(  699): mLastSignalLevel:4, newSignalLevel:4
E/WifiConfigStore(  699): updateConfiguration freq=2427 BSSID=1a:19:d6:47:d1:7d RSSI=-32 "Frankdroid7"WPA_PSK
V/ActivityManager(  699): Broadcast sticky: Intent { act=android.net.wifi.RSSI_CHANGED flg=0x4000010 (has extras) } ordered=false userid=-1 callerApp=ProcessRecord{cf3a7d7 699:system/1000}
D/WifiWatchdogStateMachine(  699): RSSI current: 4 new: -32, 4
D/NetworkController(  815): onReceive: intent=Intent { act=android.net.wifi.RSSI_CHANGED flg=0x4000010 (has extras) }
D/NetworkController.WifiSignalController(  815): isDirty : false
D/NetworkController.MobileSignalController(1)(  815): onSignalStrengthsChanged signalStrength=SignalStrength: 14 99 -120 -160 -120 0 -1 99 2147483647 2147483647 2147483647 2147483647 gsm|lte -316 -348 -31 level=3
D/NetworkController.MobileSignalController(1)(  815): updateTelephonySignalStrength: hasService=true ss=SignalStrength: 14 99 -120 -160 -120 0 -1 99 2147483647 2147483647 2147483647 2147483647 gsm|lte -316 -348 -31
D/NetworkController.MobileSignalController(1)(  815): isCdma: mSignalStrength = SignalStrength: 14 99 -120 -160 -120 0 -1 99 2147483647 2147483647 2147483647 2147483647 gsm|lte -316 -348 -31
D/NetworkController.MobileSignalController(1)(  815): isRoaming: mServiceState = 0 0 voice home data home Airtel BeSafe Airtel 62120 Airtel BeSafe Airtel 62120  HSPA HSPA CSS not supported 0 0 RoamInd=0 DefRoamInd=0 EmergOnly=false Ril Voice Regist state: 1 Ril Data Regist state: 1 mProprietaryDataRadioTechnology: 0 mCdmaNetWorkMode: 0
