V/SettingsInterface( 1187):  from settings cache , name = multi_sim_data_call , value = 1
I/NetworkController.MobileSignalController(1)(  815): [CMCC Performance test][SystemUI][Statusbar] show signal end [1673283]
D/NetworkController.MobileSignalController(1)(  815): isDirty : false
V/ActivityManager(  699): Broadcast sticky: Intent { act=android.intent.action.SIG_STR flg=0x20000010 (has extras) } ordered=false userid=-1 callerApp=ProcessRecord{cf3a7d7 699:system/1000}
E/WifiTrafficPoller(  699): TRAFFIC_STATS_POLL true Token 18 num clients 6
E/WifiTrafficPoller(  699):  packet count Tx=65 Rx=37
E/WifiTrafficPoller(  699): TRAFFIC_STATS_POLL true Token 18 num clients 6
E/WifiTrafficPoller(  699):  packet count Tx=65 Rx=37
I/thermal_repeater(  213): oh, queryMdThermalInfo (0)Bad file number
I/thermal_repeater(  213): [recvMdThermalInfo] ret=15, strLen=127,  2, 32767, -127
E/WifiTrafficPoller(  699): TRAFFIC_STATS_POLL true Token 18 num clients 6
E/WifiTrafficPoller(  699):  packet count Tx=65 Rx=37
E/WifiStateMachine(  699):  ConnectedState (when=-4ms what=131155 arg1=6!CMD_RSSI_POLL 6 0 "Frankdroid7" 1a:19:d6:47:d1:7d rssi=-32 f=2427 sc=60 link=65 tx=0.0, 0.0, 0.0  rx=0.0 bcn=0 [on:0 tx:0 rx:0 period:3000] from screen [on:0 period:-1467171702] gl hn u24 rssi=-27 ag=0 hr ticks 0,0,0 ls-=0 [56,56,56,56,61] brc=0 lrc=0
E/WifiStateMachine(  699):  L2ConnectedState (when=-6ms what=131155 arg1=6!CMD_RSSI_POLL 6 0 "Frankdroid7" 1a:19:d6:47:d1:7d rssi=-32 f=2427 sc=60 link=65 tx=0.0, 0.0, 0.0  rx=0.0 bcn=0 [on:0 tx:0 rx:0 period:2] from screen [on:0 period:-1467171700] gl hn u24 rssi=-27 ag=0 hr ticks 0,0,0 ls-=0 [56,56,56,56,61] brc=0 lrc=0
E/WifiStateMachine(  699):  get link layer stats 0
D/WifiHW  (  699): enter -->wifi_send_command cmd=IFNAME=wlan0 SIGNAL_POLL
D/wpa_supplicant(  938): wlan0: Control interface command 'SIGNAL_POLL'
D/WifiHW  (  699): leave --> reply=RSSI=-34
D/WifiHW  (  699): LINKSPEED=65
D/WifiHW  (  699): NOISE=9999
D/WifiHW  (  699): FREQUENCY=2427
D/WifiHW  (  699): 
I/WifiStateMachine(  699): fetchRssiLinkSpeedAndFrequencyNative, newRssi:-34, newLinkSpeed:65, SSID:"Frankdroid7"
D/WifiStateMachine(  699): mLastSignalLevel:4, newSignalLevel:4
E/WifiConfigStore(  699): updateConfiguration freq=2427 BSSID=1a:19:d6:47:d1:7d RSSI=-33 "Frankdroid7"WPA_PSK
V/ActivityManager(  699): Broadcast sticky: Intent { act=android.net.wifi.RSSI_CHANGED flg=0x4000010 (has extras) } ordered=false userid=-1 callerApp=ProcessRecord{cf3a7d7 699:system/1000}
D/WifiWatchdogStateMachine(  699): RSSI current: 4 new: -34, 4
D/NetworkController(  815): onReceive: intent=Intent { act=android.net.wifi.RSSI_CHANGED flg=0x4000010 (has extras) }
D/NetworkController.WifiSignalController(  815): isDirty : false
D/NetworkController.WifiSignalController(  815): Change in state from: connected=true,enabled=true,level=4,inetCondition=1,iconGroup=IconGroup(Wi-Fi Icons),activityIn=false,activityOut=false,rssi=-32,networkType=null,lastModified=05-26 01:01:00,ssid="Frankdroid7"
D/NetworkController.WifiSignalController(  815): 	to: connected=true,enabled=true,level=4,inetCondition=1,iconGroup=IconGroup(Wi-Fi Icons),activityIn=false,activityOut=false,rssi=-34,networkType=null,lastModified=05-26 01:01:00,ssid="Frankdroid7"
D/NetworkController.WifiSignalController(  815): Wifi notifyListeners: level= 4, wifiActivity= 0
D/SignalClusterView(  815): setWifiIndicators, visible=true, strengthIcon=2130837927, contentDescription=Wifi signal full.
D/SignalClusterView(  815): apply(1), mMobileVisible= true, mIsAirplaneMode= false
D/SignalClusterView(  815): apply(), mNetworkType= Type_3G resId= 2130837879
D/NetworkController.WifiSignalController(  815): Wifi notifyListeners: level= 4, wifiActivity= 0
D/SignalClusterView(  815): setWifiIndicators, visible=true, strengthIcon=2130837927, contentDescription=Wifi signal full.
D/SignalClusterView(  815): apply(1), mMobileVisible= true, mIsAirplaneMode= false
D/SignalClusterView(  815): apply(), mNetworkType= Type_3G resId= 2130837879
D/NetworkController.WifiSignalController(  815): Wifi notifyListeners: level= 4, wifiActivity= 0
D/SignalClusterView(  815): setWifiIndicators, visible=true, strengthIcon=2130837927, contentDescription=Wifi signal full.
D/SignalClusterView(  815): apply(1), mMobileVisible= true, mIsAirplaneMode= false
D/SignalClusterView(  815): apply(), mNetworkType= Type_3G resId= 2130837879
V/SettingsInterface( 1187):  from settings cache , name = multi_sim_data_call , value = 1
D/DefaultStatusBarPlmnPlugin(  815): into supportCustomizeCarrierLabel: false
D/DefaultStatusBarPlmnPlugin(  815): into updateCarrierLabel, slotId=0, isSimInserted=true, isHasSimService=true
D/DefaultStatusBarPlmnPlugin(  815): into updateCarrierLabel, slotId=1, isSimInserted=false, isHasSimService=false
D/Surface (  815): Surface::setBuffersDimensions(this=0xb847bb40,w=320,h=27)
D/PerfServiceManager(  699): [PerfService] notifyFrameUpdate - bDuringTouchBoost:false 
I/BufferQueueProducer(  166): [StatusBar](this:0xb897ec70,id:7,api:1,p:815,c:166) queueBuffer: fps=0.32 dur=6177.05 max=6063.83 min=113.22
I/SurfaceFlinger(  166): [Built-in Screen (type:0)] fps:0.485847,dur:6174.79,max:6035.90,min:43.16
E/WifiTrafficPoller(  699): TRAFFIC_STATS_POLL true Token 18 num clients 6
E/WifiTrafficPoller(  699):  packet count Tx=65 Rx=37
E/WifiTrafficPoller(  699): TRAFFIC_STATS_POLL true Token 18 num clients 6
E/WifiTrafficPoller(  699):  packet count Tx=65 Rx=37
E/WifiStateMachine(  699):  ConnectedState (when=-3ms what=131143 arg1=-2 arg2=24) !CMD_START_SCAN -2 24 ic=0 proc(ms):20003 dur:1268 cnt=24 rssi=-34 f=2427 sc=60 link=65 tx=0.0, 0.0, 0.0  rx=0.0 fiv=30000 [on:0 tx:0 rx:0 period:2293] from screen [on:0 period:-1467169371]
E/WifiStateMachine(  699):  L2ConnectedState (when=-5ms what=131143 arg1=-2 arg2=24) !CMD_START_SCAN -2 24 ic=0 proc(ms):20005 dur:1268 cnt=24 rssi=-34 f=2427 sc=60 link=65 tx=0.0, 0.0, 0.0  rx=0.0 fiv=30000 [on:0 tx:0 rx:0 period:2] from screen [on:0 period:-1467169369]
E/WifiStateMachine(  699): WifiStateMachine CMD_START_SCAN source -2 txSuccessRate=0.00 rxSuccessRate=0.00 targetRoamBSSID=any RSSI=-34
E/WifiStateMachine(  699): startDelayedScan send -> 25 milli 20000
E/WifiStateMachine(  699): WifiStateMachine CMD_START_SCAN with age=20007 interval=30000 maxinterval=300000
E/WifiStateMachine(  699): WifiStateMachine CMD_START_SCAN full=false
E/WifiConfigStore(  699): makeChannelList age=3600000 for "Frankdroid7"WPA_PSK max=6 bssids=1
E/WifiConfigStore(  699): has 1a:19:d6:47:d1:7d freq=2427 age=2309 ?=true
E/WifiStateMachine(  699): WifiStateMachine starting scan for "Frankdroid7"WPA_PSK with 2427
E/WifiStateMachine(  699): stopReconnectWifi Wfd=false StopScan=false mDontReconnectAndScan=false
D/WifiHW  (  699): enter -->wifi_send_command cmd=IFNAME=wlan0 SCAN TYPE=ONLY freq=2427
D/wpa_supplicant(  938): wlan0: Control interface command 'SCAN TYPE=ONLY freq=2427'
D/wpa_supplicant(  938): hw.num_modes = 2
D/wpa_supplicant(  938): wlan0: Setting scan request: 0.000000 sec
D/wpa_supplicant(  938): wlan0: Starting AP scan for wildcard SSID
D/wpa_supplicant(  938): WPS: Building WPS IE for Probe Request
D/wpa_supplicant(  938): WPS:  * Version (hardcoded 0x10)
D/wpa_supplicant(  938): WPS:  * Request Type
D/wpa_supplicant(  938): WPS:  * Config Methods (4288)
D/wpa_supplicant(  938): WPS:  * UUID-E
D/wpa_supplicant(  938): WPS:  * Primary Device Type
D/wpa_supplicant(  938): WPS:  * RF Bands (1)
D/wpa_supplicant(  938): WPS:  * Association State
D/wpa_supplicant(  938): WPS:  * Configuration Error (0)
D/wpa_supplicant(  938): WPS:  * Device Password ID (0)
D/wpa_supplicant(  938): WPS:  * Manufacturer
D/wpa_supplicant(  938): WPS:  * Model Name
D/wpa_supplicant(  938): WPS:  * Model Number
D/wpa_supplicant(  938): WPS:  * Device Name
D/wpa_supplicant(  938): WPS:  * Version2 (0x20)
D/wpa_supplicant(  938): P2P: * P2P IE header
D/wpa_supplicant(  938): P2P: * Capability dev=25 group=00
D/wpa_supplicant(  938): P2P: * Listen Channel: Regulatory Class 81 Channel 11
D/wpa_supplicant(  938): wlan0: Limit manual scan to specified channels
D/wpa_supplicant(  938): wlan0: Add radio work 'scan'@0xb842d3e0
D/wpa_supplicant(  938): wlan0: First radio work item in the queue - schedule start immediately
D/wpa_supplicant(  938): wlan0: Starting radio work 'scan'@0xb842d3e0 after 0.000085 second wait
D/wpa_supplicant(  938): wlan0: nl80211: scan request
D/wpa_supplicant(  938): nl80211: Scan SSID - hexdump(len=0): [NULL]
D/wpa_supplicant(  938): nl80211: Scan extra IEs - hexdump(len=144): dd 7b 00 50 f2 04 10 4a 00 01 10 10 3a 00 01 00 10 08 00 02 42 88 10 47 00 10 95 4e 49 7b 4c c2 5e f0 a5 8b 09 8e cd 7f 90 be 10 54 00 08 00 0a 00 50 f2 04 00 05 10 3c 00 01 01 10 02 00 02 00 00 10 09 00 02 00 00 10 12 00 02 00 00 10 21 00 07 54 6f 70 77 69 73 65 10 23 00 05 4d 50 33 35 50 10 24 00 05 4d 50 33 35 50 10 11 00 05 50 32 36 30 33 10 49 00 06 00 37 2a 00 01 20 dd 11 50 6f 9a 09 02 02 00 25 00 06 05 00 4e 47 04 51 0b
D/wpa_supplicant(  938): nl80211: Scan frequency 2427 MHz
D/wpa_supplicant(  938): Scan requested (ret=0) - scan timeout 30 seconds
D/wpa_supplicant(  938): nl80211: Event message available
D/wpa_supplicant(  938): nl80211: Drv Event 33 (NL80211_CMD_TRIGGER_SCAN) received for wlan0
D/wpa_supplicant(  938): wlan0: nl80211: Scan trigger
D/wpa_supplicant(  938): wlan0: Event SCAN_STARTED (49) received
D/wpa_supplicant(  938): wlan0: Own scan request started a scan in 0.000224 seconds
D/WifiHW  (  699): [1] get event: IFNAME=wlan0 <3>CTRL-EVENT-SCAN-STARTED 
D/WifiHW  (  699): [2] get event: IFNAME=wlan0 CTRL-EVENT-SCAN-STARTED 
D/WifiMonitor(  699): Event [IFNAME=wlan0 CTRL-EVENT-SCAN-STARTED ]
E/WifiMonitor(  699): handleEvent unknown: 15  CTRL-EVENT-SCAN-STARTED 
D/WifiHW  (  699): enter -->wifi_wait_on_socket buflen=2048
D/WifiHW  (  699): enter -->wifi_ctrl_recv
D/[BT3.0+HS]PAL(  233): == chip_reset_fd is set ==
D/[BT3.0+HS]PAL(  233): 
D/[BT3.0+HS]PAL(  233): Recv Netlink Packet [212:00000011:00:0:0] [33:]
D/[BT3.0+HS]PAL(  233): 
D/[BT3.0+HS]PAL(  233): Unknown command from wifi driver
D/[BT3.0+HS]PAL(  233): 
D/wpa_supplicant(  938): CTRL_IFACE monitor sent successfully to /data/misc/wifi/sockets/wpa_ctrl_699-2\x00
D/WifiHW  (  699): leave --> reply=OK
D/WifiHW  (  699): 
E/WifiStateMachine(  699): [1,622,030,468,526 ms] noteScanstart no scan source uid -2
D/NetworkController.MobileSignalController(1)(  815): onSignalStrengthsChanged signalStrength=SignalStrength: 14 99 -120 -160 -120 0 -1 99 2147483647 2147483647 2147483647 2147483647 gsm|lte -308 -347 -37 level=3
D/NetworkController.MobileSignalController(1)(  815): updateTelephonySignalStrength: hasService=true ss=SignalStrength: 14 99 -120 -160 -120 0 -1 99 2147483647 2147483647 2147483647 2147483647 gsm|lte -308 -347 -37
D/NetworkController.MobileSignalController(1)(  815): isCdma: mSignalStrength = SignalStrength: 14 99 -120 -160 -120 0 -1 99 2147483647 2147483647 2147483647 2147483647 gsm|lte -308 -347 -37
D/NetworkController.MobileSignalController(1)(  815): isRoaming: mServiceState = 0 0 voice home data home Airtel BeSafe Airtel 62120 Airtel BeSafe Airtel 62120  HSPA HSPA CSS not supported 0 0 RoamInd=0 DefRoamInd=0 EmergOnly=false Ril Voice Regist state: 1 Ril Data Regist state: 1 mProprietaryDataRadioTechnology: 0 mCdmaNetWorkMode: 0
V/SettingsInterface( 1187):  from settings cache , name = multi_sim_data_call , value = 1
I/NetworkController.MobileSignalController(1)(  815): [CMCC Performance test][SystemUI][Statusbar] show signal end [1678417]
D/NetworkController.MobileSignalController(1)(  815): isDirty : false
V/ActivityManager(  699): Broadcast sticky: Intent { act=android.intent.action.SIG_STR flg=0x20000010 (has extras) } ordered=false userid=-1 callerApp=ProcessRecord{cf3a7d7 699:system/1000}
V/SettingsInterface(  699):  from settings cache , name = sys_free_storage_log_interval , value = null
V/SettingsInterface(  699):  from settings cache , name = disk_free_change_reporting_threshold , value = null
E/WifiTrafficPoller(  699): TRAFFIC_STATS_POLL true Token 18 num clients 6
E/WifiTrafficPoller(  699):  packet count Tx=65 Rx=37
E/WifiStateMachine(  699):  ConnectedState (when=-2ms what=131155 arg1=6!CMD_RSSI_POLL 6 0 "Frankdroid7" 1a:19:d6:47:d1:7d rssi=-34 f=2427 sc=60 link=65 tx=0.0, 0.0, 0.0  rx=0.0 bcn=0 [on:0 tx:0 rx:0 period:688] from screen [on:0 period:-1467168672] gl hn u24 rssi=-29 ag=0 hr ticks 0,0,0 ls-=0 [56,56,56,56,61] brc=0 lrc=0
E/WifiStateMachine(  699):  L2ConnectedState (when=-4ms what=131155 arg1=6!CMD_RSSI_POLL 6 0 "Frankdroid7" 1a:19:d6:47:d1:7d rssi=-34 f=2427 sc=60 link=65 tx=0.0, 0.0, 0.0  rx=0.0 bcn=0 [on:0 tx:0 rx:0 period:2] from screen [on:0 period:-1467168670] gl hn u24 rssi=-29 ag=0 hr ticks 0,0,0 ls-=0 [56,56,56,56,61] brc=0 lrc=0
E/WifiStateMachine(  699):  get link layer stats 0
D/WifiHW  (  699): enter -->wifi_send_command cmd=IFNAME=wlan0 SIGNAL_POLL
D/wpa_supplicant(  938): wlan0: Control interface command 'SIGNAL_POLL'
D/WifiHW  (  699): leave --> reply=RSSI=-34
D/WifiHW  (  699): LINKSPEED=65
D/WifiHW  (  699): NOISE=9999
D/WifiHW  (  699): FREQUENCY=2427
D/WifiHW  (  699): 
I/WifiStateMachine(  699): fetchRssiLinkSpeedAndFrequencyNative, newRssi:-34, newLinkSpeed:65, SSID:"Frankdroid7"
D/WifiStateMachine(  699): mLastSignalLevel:4, newSignalLevel:4
E/WifiConfigStore(  699): updateConfiguration freq=2427 BSSID=1a:19:d6:47:d1:7d RSSI=-33 "Frankdroid7"WPA_PSK
V/ActivityManager(  699): Broadcast sticky: Intent { act=android.net.wifi.RSSI_CHANGED flg=0x4000010 (has extras) } ordered=false userid=-1 callerApp=ProcessRecord{cf3a7d7 699:system/1000}
D/WifiWatchdogStateMachine(  699): RSSI current: 4 new: -34, 4
D/NetworkController(  815): onReceive: intent=Intent { act=android.net.wifi.RSSI_CHANGED flg=0x4000010 (has extras) }
D/NetworkController.WifiSignalController(  815): isDirty : false
D/[BT3.0+HS]PAL(  233): == chip_reset_fd is set ==
D/[BT3.0+HS]PAL(  233): 
D/[BT3.0+HS]PAL(  233): invalid reply message
D/[BT3.0+HS]PAL(  233): 
D/[BT3.0+HS]PAL(  233): == chip_reset_fd is set ==
D/[BT3.0+HS]PAL(  233): 
D/[BT3.0+HS]PAL(  233): Recv Netlink Packet [212:00000011:00:0:0] [34:]
D/[BT3.0+HS]PAL(  233): 
D/[BT3.0+HS]PAL(  233): Unknown command from wifi driver
D/[BT3.0+HS]PAL(  233): 
D/wifi2agps(  207): scan result, found 2 APs
D/agps    (  207): [WIFI2AGPS] wifi2agps_scanned
D/wpa_supplicant(  938): RTM_NEWLINK: ifi_index=10 ifname=wlan0 wext ifi_family=0 ifi_flags=0x11043 ([UP][RUNNING][LOWER_UP])
D/wpa_supplicant(  938): nl80211: Event message available
D/wpa_supplicant(  938): nl80211: Drv Event 34 (NL80211_CMD_NEW_SCAN_RESULTS) received for wlan0
D/wpa_supplicant(  938): wlan0: nl80211: New scan results available
D/wpa_supplicant(  938): nl80211: Scan included frequencies: 2427
D/wpa_supplicant(  938): wlan0: Event SCAN_RESULTS (3) received
D/wpa_supplicant(  938): wlan0: Scan completed in 1.252434 seconds
D/wpa_supplicant(  938): nl80211: Associated on 2427 MHz
D/wpa_supplicant(  938): nl80211: Associated with 1a:19:d6:47:d1:7d
D/wpa_supplicant(  938): nl80211: Received scan results (2 BSSes)
D/wpa_supplicant(  938): nl80211: Scan results indicate BSS status with 1a:19:d6:47:d1:7d as associated
D/wpa_supplicant(  938): wlan0: BSS: Start scan result update 22
D/wpa_supplicant(  938): BSS: last_scan_res_used=2/32
D/wpa_supplicant(  938): wlan0: Scan-only results received
D/wpa_supplicant(  938): CTRL_IFACE monitor sent successfully to /data/misc/wifi/sockets/wpa_ctrl_699-2\x00
D/wpa_supplicant(  938): wlan0: Radio work 'scan'@0xb842d3e0 done in 1.254456 seconds
I/Netd    (  185): Get netlink event, ifname: wlan0 action: 4
D/SocketClient(  185): SocketClient sendData done: 600 Iface linkstate wlan0 up
D/agps    (  205): [agps][n][WIFI] wifi_scanned  count=23 timestamp=1521749 num=2
D/WifiHW  (  699): [1] get event: IFNAME=wlan0 <3>CTRL-EVENT-SCAN-RESULTS 
D/WifiHW  (  699): [2] get event: IFNAME=wlan0 CTRL-EVENT-SCAN-RESULTS 
D/WifiHW  (  699): enter -->wifi_wait_on_socket buflen=2048
D/WifiHW  (  699): enter -->wifi_ctrl_recv
D/NetdConnector(  699): RCV <- {600 Iface linkstate wlan0 up}
I/Netd    (  185): Get netlink event, ifname: wlan0 action: 4
D/SocketClient(  185): SocketClient sendData done: 600 Iface linkstate wlan0 up
D/NetworkManagementService(  699): onEvent:600 Iface linkstate wlan0 up:5
D/Tethering(  699): interfaceLinkStateChanged wlan0, true
D/Tethering(  699): interfaceStatusChanged wlan0, true
D/NetdConnector(  699): RCV <- {600 Iface linkstate wlan0 up}
D/wpa_supplicant(  938): RTM_NEWLINK: ifi_index=10 ifname=wlan0 wext ifi_family=0 ifi_flags=0x11043 ([UP][RUNNING][LOWER_UP])
D/NetworkManagementService(  699): onEvent:600 Iface linkstate wlan0 up:5
D/Tethering(  699): interfaceLinkStateChanged wlan0, true
D/Tethering(  699): interfaceStatusChanged wlan0, true
E/WifiStateMachine(  699):  ConnectedState (when=-6ms what=147461!SCAN_RESULTS_EVENT 0 0 found=3 known=1 got=3 bcn=0 con=1
E/WifiStateMachine(  699):  L2ConnectedState (when=-7ms what=147461!SCAN_RESULTS_EVENT 0 0 found=3 known=1 got=3 bcn=0 con=1
E/WifiStateMachine(  699):  ConnectModeState (when=-8ms what=147461!SCAN_RESULTS_EVENT 0 0 found=3 known=1 got=3 bcn=0 con=1
E/WifiStateMachine(  699):  DriverStartedState (when=-8ms what=147461!SCAN_RESULTS_EVENT 0 0 found=3 known=1 got=3 bcn=0 con=1
E/WifiStateMachine(  699):  SupplicantStartedState (when=-9ms what=147461!SCAN_RESULTS_EVENT 0 0 found=3 known=1 got=3 bcn=0 con=1
E/WifiStateMachine(  699): [1,622,030,469,789 ms] noteScanEnd no scan source onTime=0
D/WifiHW  (  699): enter -->wifi_send_command cmd=IFNAME=wlan0 BSS RANGE=0- MASK=0x21987
D/wpa_supplicant(  938): wlan0: Control interface command 'BSS RANGE=0- MASK=0x21987'
D/WifiHW  (  699): leave --> reply=id=0
D/WifiHW  (  699): bssid=1a:19:d6:47:d1:7d
D/WifiHW  (  699): freq=2427
D/WifiHW  (  699): level=-33
D/WifiHW  (  699): tsf=0000001679408903
D/WifiHW  (  699): flags=[WPA2-PSK-CCMP][ESS]
D/WifiHW  (  699): ssid=Frankdroid7
D/WifiHW  (  699): ====
D/WifiHW  (  699): id=10
D/WifiHW  (  699): bssid=62:4c:7d:6d:9c:ec
D/WifiHW  (  699): freq=2412
D/WifiHW  (  699): level=-86
D/WifiHW  (  699): tsf=0000001679409077
D/WifiHW  (  699): flags=[WPA2-PSK-CCMP][ESS]
D/WifiHW  (  699): ssid=TECNO SPARK 4
D/WifiHW  (  699): ====
D/WifiHW  (  699): id=11
D/WifiHW  (  699): bssid=fa:28:06:d2:d9:ae
D/WifiHW  (  699): freq=2437
D/WifiHW  (  699): level=-89
D/WifiHW  (  699): tsf=0000001658600955
D/WifiHW  (  699): flags=[WPA2-PSK-CCMP][ESS]
D/WifiHW  (  699): ssid=SamT
D/WifiHW  (  699): ####
D/WifiNative-wlan0(  699): scan result len: 4096
E/WifiStateMachine(  699): wifi setScanResults statecom.android.server.wifi.WifiStateMachine$ConnectedState@119cfaa4 sup_state=COMPLETED debouncing=false mConnectionRequests=1 selection=<none>
E/WifiConfigStore(  699): updateSavedNetworkHistory(): try "Frankdroid7"WPA_PSK SSID="Frankdroid7" Frankdroid7 [WPA2-PSK-CCMP][ESS] ajst=0
E/WifiConfigStore(  699):         got known scan result 1a:19:d6:47:d1:7d key : "Frankdroid7"WPA_PSK num: 1 rssi=-33 freq=2427
V/SettingsInterface(  699):  from settings cache , name = network_scorer_app , value = null
D/WifiHW  (  699): enter -->wifi_send_command cmd=IFNAME=wlan0 STATUS-NO_EVENTS
D/wpa_supplicant(  938): wlan0: Control interface command 'STATUS-NO_EVENTS'
D/WifiHW  (  699): leave --> reply=bssid=1a:19:d6:47:d1:7d
D/WifiHW  (  699): freq=2427
D/WifiHW  (  699): ssid=Frankdroid7
D/WifiHW  (  699): id=0
D/WifiHW  (  699): mode=station
D/WifiHW  (  699): pairwise_cipher=CCMP
D/WifiHW  (  699): group_cipher=CCMP
D/WifiHW  (  699): key_mgmt=WPA2-PSK
D/WifiHW  (  699): wpa_state=COMPLETED
D/WifiHW  (  699): ip_address=192.168.43.45
D/WifiHW  (  699): p2p_device_address=ce:5f:bf:e4:1d:ab
D/WifiHW  (  699): address=cc:5f:bf:e4:1d:ab
D/WifiHW  (  699): uuid=954e497b-4cc2-5ef0-a58b-098ecd7f90be
D/WifiHW  (  699): 
E/WifiAutoJoinController (  699): status: bssid=1a:19:d6:47:d1:7d
E/WifiAutoJoinController (  699): freq=2427
E/WifiAutoJoinController (  699): ssid=Frankdroid7
E/WifiAutoJoinController (  699): id=0
E/WifiAutoJoinController (  699): mode=station
E/WifiAutoJoinController (  699): pairwise_cipher=CCMP
E/WifiAutoJoinController (  699): group_cipher=CCMP
E/WifiAutoJoinController (  699): key_mgmt=WPA2-PSK
E/WifiAutoJoinController (  699): wpa_state=COMPLETED
E/WifiAutoJoinController (  699): ip_address=192.168.43.45
E/WifiAutoJoinController (  699): p2p_device_address=ce:5f:bf:e4:1d:ab
E/WifiAutoJoinController (  699): address=cc:5f:bf:e4:1d:ab
E/WifiAutoJoinController (  699): uuid=954e497b-4cc2-5ef0-a58b-098ecd7f90be
E/WifiAutoJoinController (  699): attemptAutoJoin() num recent config 1 current="Frankdroid7"WPA_PSK ---> suppNetId=0
E/WifiAutoJoinController (  699): Done attemptAutoJoin status=0
E/WifiConfigStore(  699):  writeKnownNetworkHistory() num networks:1 needWrite=false
E/WifiStateMachine(  699): mIsFullScanOngoing: false, mSendScanResultsBroadcast: false
E/WifiTrafficPoller(  699): TRAFFIC_STATS_POLL true Token 18 num clients 6
E/WifiTrafficPoller(  699):  packet count Tx=65 Rx=37
I/thermal_repeater(  213): oh, queryMdThermalInfo (0)Bad file number
I/thermal_repeater(  213): [recvMdThermalInfo] ret=15, strLen=127,  2, 32767, -127
E/WifiTrafficPoller(  699): TRAFFIC_STATS_POLL true Token 18 num clients 6
E/WifiTrafficPoller(  699):  packet count Tx=65 Rx=37
W/Watchdog(  699): SWT Watchdog after wait current time:1523997
D/AES     (  699): AEEIOCTL_GET/SET_SF_STATE IOCTL,cmd= 1074294797, lParam=0. 
W/Watchdog(  699): **Get SF Time **1
D/AES     (  699): AEEIOCTL_RT_MON_Kick IOCTL,cmd= -2147192822, lParam=300. 
W/Watchdog(  699): SWT Watchdog before synchronized:1523998
W/Watchdog(  699): SWT Watchdog after synchronized:1523998
W/Watchdog(  699): SWT Watchdog before wait timeout:30000
W/Watchdog(  699): SWT Watchdog before wait current time:1523998
W/Watchdog(  699): SWT Watchdog before wait start:1523998
W/Watchdog(  699): SWT Watchdog before wait CHECK_INTERVAL:30000
D/InputReader(  699): InputReader::monitor: lock
D/InputReader(  699): InputReader::monitor: wait 
D/InputReader(  699): InputReader::monitor: unlock
D/InputReader(  699): InputReader::monitor: done
E/WifiTrafficPoller(  699): TRAFFIC_STATS_POLL true Token 18 num clients 6
E/WifiTrafficPoller(  699):  packet count Tx=65 Rx=37
E/WifiStateMachine(  699):  ConnectedState (when=-3ms what=131155 arg1=6!CMD_RSSI_POLL 6 0 "Frankdroid7" 1a:19:d6:47:d1:7d rssi=-34 f=2427 sc=60 link=65 tx=0.0, 0.0, 0.0  rx=0.0 bcn=0 [on:0 tx:0 rx:0 period:2999] from screen [on:0 period:-1467165662] gl hn u24 rssi=-29 ag=0 hr ticks 0,0,0 ls-=0 [56,56,56,56,61] brc=0 lrc=0
E/WifiStateMachine(  699):  L2ConnectedState (when=-5ms what=131155 arg1=6!CMD_RSSI_POLL 6 0 "Frankdroid7" 1a:19:d6:47:d1:7d rssi=-34 f=2427 sc=60 link=65 tx=0.0, 0.0, 0.0  rx=0.0 bcn=0 [on:0 tx:0 rx:0 period:2] from screen [on:0 period:-1467165660] gl hn u24 rssi=-29 ag=0 hr ticks 0,0,0 ls-=0 [56,56,56,56,61] brc=0 lrc=0
E/WifiStateMachine(  699):  get link layer stats 0
D/WifiHW  (  699): enter -->wifi_send_command cmd=IFNAME=wlan0 SIGNAL_POLL
D/wpa_supplicant(  938): wlan0: Control interface command 'SIGNAL_POLL'
D/WifiHW  (  699): leave --> reply=RSSI=-30
D/WifiHW  (  699): LINKSPEED=65
D/WifiHW  (  699): NOISE=9999
D/WifiHW  (  699): FREQUENCY=2427
D/WifiHW  (  699): 
I/WifiStateMachine(  699): fetchRssiLinkSpeedAndFrequencyNative, newRssi:-30, newLinkSpeed:65, SSID:"Frankdroid7"
D/WifiStateMachine(  699): mLastSignalLevel:4, newSignalLevel:4
E/WifiConfigStore(  699): updateConfiguration freq=2427 BSSID=1a:19:d6:47:d1:7d RSSI=-31 "Frankdroid7"WPA_PSK
V/ActivityManager(  699): Broadcast sticky: Intent { act=android.net.wifi.RSSI_CHANGED flg=0x4000010 (has extras) } ordered=false userid=-1 callerApp=ProcessRecord{cf3a7d7 699:system/1000}
D/WifiWatchdogStateMachine(  699): RSSI current: 4 new: -30, 4
D/NetworkController(  815): onReceive: intent=Intent { act=android.net.wifi.RSSI_CHANGED flg=0x4000010 (has extras) }
D/NetworkController.WifiSignalController(  815): isDirty : false
D/NetworkController.WifiSignalController(  815): Change in state from: connected=true,enabled=true,level=4,inetCondition=1,iconGroup=IconGroup(Wi-Fi Icons),activityIn=false,activityOut=false,rssi=-34,networkType=null,lastModified=05-26 01:01:06,ssid="Frankdroid7"
D/NetworkController.WifiSignalController(  815): 	to: connected=true,enabled=true,level=4,inetCondition=1,iconGroup=IconGroup(Wi-Fi Icons),activityIn=false,activityOut=false,rssi=-30,networkType=null,lastModified=05-26 01:01:06,ssid="Frankdroid7"
D/NetworkController.WifiSignalController(  815): Wifi notifyListeners: level= 4, wifiActivity= 0
D/SignalClusterView(  815): setWifiIndicators, visible=true, strengthIcon=2130837927, contentDescription=Wifi signal full.
D/SignalClusterView(  815): apply(1), mMobileVisible= true, mIsAirplaneMode= false
D/SignalClusterView(  815): apply(), mNetworkType= Type_3G resId= 2130837879
D/NetworkController.WifiSignalController(  815): Wifi notifyListeners: level= 4, wifiActivity= 0
D/SignalClusterView(  815): setWifiIndicators, visible=true, strengthIcon=2130837927, contentDescription=Wifi signal full.
D/SignalClusterView(  815): apply(1), mMobileVisible= true, mIsAirplaneMode= false
D/SignalClusterView(  815): apply(), mNetworkType= Type_3G resId= 2130837879
D/NetworkController.WifiSignalController(  815): Wifi notifyListeners: level= 4, wifiActivity= 0
D/SignalClusterView(  815): setWifiIndicators, visible=true, strengthIcon=2130837927, contentDescription=Wifi signal full.
D/SignalClusterView(  815): apply(1), mMobileVisible= true, mIsAirplaneMode= false
D/SignalClusterView(  815): apply(), mNetworkType= Type_3G resId= 2130837879
V/SettingsInterface( 1187):  from settings cache , name = multi_sim_data_call , value = 1
D/DefaultStatusBarPlmnPlugin(  815): into supportCustomizeCarrierLabel: false
D/DefaultStatusBarPlmnPlugin(  815): into updateCarrierLabel, slotId=0, isSimInserted=true, isHasSimService=true
D/DefaultStatusBarPlmnPlugin(  815): into updateCarrierLabel, slotId=1, isSimInserted=false, isHasSimService=false
D/Surface (  815): Surface::setBuffersDimensions(this=0xb847bb40,w=320,h=27)
D/PerfServiceManager(  699): [PerfService] notifyFrameUpdate - bDuringTouchBoost:false 
I/BufferQueueProducer(  166): [StatusBar](this:0xb897ec70,id:7,api:1,p:815,c:166) queueBuffer: fps=0.17 dur=6046.48 max=6046.48 min=6046.48
I/SurfaceFlinger(  166): [Built-in Screen (type:0)] fps:0.165380,dur:6046.67,max:6046.67,min:6046.67
E/WifiTrafficPoller(  699): TRAFFIC_STATS_POLL true Token 18 num clients 6
E/WifiTrafficPoller(  699):  packet count Tx=65 Rx=37
E/WifiTrafficPoller(  699): TRAFFIC_STATS_POLL true Token 18 num clients 6
E/WifiTrafficPoller(  699):  packet count Tx=65 Rx=37
W/ADB_SERVICES(  253): create_local_service_socket() name=shell:getprop
W/ADB_SERVICES(  253): service_to_fd() name=shell:getprop
W/ADB_SERVICES(  253): read_meminfo() mem_free=25180
W/ADB_SERVICES(  253): create_subproc ret_fd=64 pid=2060
W/ADB_SERVICES(  253): LS(99): bound to 'shell:getprop' via 64
W/ADB_SERVICES( 2060): adb: unable to update oom_score_adj
D/ADB_SERVICES(  253):  closing because is_eof=1 r=1 s->fde.force_eof=0
W/ADB_SERVICES(  253): entered. LS(99) fd=64
E/WifiTrafficPoller(  699): TRAFFIC_STATS_POLL true Token 18 num clients 6
E/WifiTrafficPoller(  699):  packet count Tx=65 Rx=37
E/WifiStateMachine(  699):  ConnectedState (when=-4ms what=131155 arg1=6!CMD_RSSI_POLL 6 0 "Frankdroid7" 1a:19:d6:47:d1:7d rssi=-30 f=2427 sc=60 link=65 tx=0.0, 0.0, 0.0  rx=0.0 bcn=0 [on:0 tx:0 rx:0 period:2993] from screen [on:0 period:-1467162630] gl hn u24 rssi=-25 ag=0 hr ticks 0,0,0 ls-=0 [56,56,56,56,61] brc=0 lrc=0
E/WifiStateMachine(  699):  L2ConnectedState (when=-5ms what=131155 arg1=6!CMD_RSSI_POLL 6 0 "Frankdroid7" 1a:19:d6:47:d1:7d rssi=-30 f=2427 sc=60 link=65 tx=0.0, 0.0, 0.0  rx=0.0 bcn=0 [on:0 tx:0 rx:0 period:2] from screen [on:0 period:-1467162628] gl hn u24 rssi=-25 ag=0 hr ticks 0,0,0 ls-=0 [56,56,56,56,61] brc=0 lrc=0
E/WifiStateMachine(  699):  get link layer stats 0
D/WifiHW  (  699): enter -->wifi_send_command cmd=IFNAME=wlan0 SIGNAL_POLL
D/wpa_supplicant(  938): wlan0: Control interface command 'SIGNAL_POLL'
D/WifiHW  (  699): leave --> reply=RSSI=-30
D/WifiHW  (  699): LINKSPEED=65
D/WifiHW  (  699): NOISE=9999
D/WifiHW  (  699): FREQUENCY=2427
D/WifiHW  (  699): 
I/WifiStateMachine(  699): fetchRssiLinkSpeedAndFrequencyNative, newRssi:-30, newLinkSpeed:65, SSID:"Frankdroid7"
D/WifiStateMachine(  699): mLastSignalLevel:4, newSignalLevel:4
E/WifiConfigStore(  699): updateConfiguration freq=2427 BSSID=1a:19:d6:47:d1:7d RSSI=-30 "Frankdroid7"WPA_PSK
V/ActivityManager(  699): Broadcast sticky: Intent { act=android.net.wifi.RSSI_CHANGED flg=0x4000010 (has extras) } ordered=false userid=-1 callerApp=ProcessRecord{cf3a7d7 699:system/1000}
D/NetworkController(  815): onReceive: intent=Intent { act=android.net.wifi.RSSI_CHANGED flg=0x4000010 (has extras) }
D/NetworkController.WifiSignalController(  815): isDirty : false
D/WifiWatchdogStateMachine(  699): RSSI current: 4 new: -30, 4
W/ADB_SERVICES(  253): create_local_service_socket() name=shell:logcat -v time -t 1
W/ADB_SERVICES(  253): service_to_fd() name=shell:logcat -v time -t 1
W/ADB_SERVICES(  253): read_meminfo() mem_free=25052
W/ADB_SERVICES(  253): create_subproc ret_fd=64 pid=2061
W/ADB_SERVICES(  253): LS(100): bound to 'shell:logcat -v time -t 1' via 64
W/ADB_SERVICES( 2061): adb: unable to update oom_score_adj
D/ADB_SERVICES(  253):  closing because is_eof=1 r=1 s->fde.force_eof=0
W/ADB_SERVICES(  253): entered. LS(100) fd=64
I/thermal_repeater(  213): oh, queryMdThermalInfo (0)Bad file number
W/ADB_SERVICES(  253): create_local_service_socket() name=shell:logcat -v time -t 1
W/ADB_SERVICES(  253): service_to_fd() name=shell:logcat -v time -t 1
W/ADB_SERVICES(  253): read_meminfo() mem_free=24976
W/ADB_SERVICES(  253): create_subproc ret_fd=64 pid=2062
W/ADB_SERVICES(  253): LS(101): bound to 'shell:logcat -v time -t 1' via 64
W/ADB_SERVICES( 2062): adb: unable to update oom_score_adj
I/thermal_repeater(  213): [recvMdThermalInfo] ret=15, strLen=127,  2, 32767, -127
D/ADB_SERVICES(  253):  closing because is_eof=1 r=1 s->fde.force_eof=0
W/ADB_SERVICES(  253): entered. LS(101) fd=64
W/ADB_SERVICES(  253): create_local_service_socket() name=shell:logcat -v time -T '05-26 13:01:15.401'
W/ADB_SERVICES(  253): service_to_fd() name=shell:logcat -v time -T '05-26 13:01:15.401'
W/ADB_SERVICES(  253): read_meminfo() mem_free=24984
W/ADB_SERVICES(  253): create_subproc ret_fd=64 pid=2063
W/ADB_SERVICES(  253): LS(102): bound to 'shell:logcat -v time -T '05-26 13:01:15.401'' via 64
W/ADB_SERVICES( 2063): adb: unable to update oom_score_adj
E/WifiTrafficPoller(  699): TRAFFIC_STATS_POLL true Token 18 num clients 6
E/WifiTrafficPoller(  699):  packet count Tx=65 Rx=37
E/WifiTrafficPoller(  699): TRAFFIC_STATS_POLL true Token 18 num clients 6
E/WifiTrafficPoller(  699):  packet count Tx=65 Rx=37
E/WifiTrafficPoller(  699): TRAFFIC_STATS_POLL true Token 18 num clients 6
E/WifiTrafficPoller(  699):  packet count Tx=65 Rx=37
E/WifiStateMachine(  699):  ConnectedState (when=-4ms what=131155 arg1=6!CMD_RSSI_POLL 6 0 "Frankdroid7" 1a:19:d6:47:d1:7d rssi=-30 f=2427 sc=60 link=65 tx=0.0, 0.0, 0.0  rx=0.0 bcn=0 [on:0 tx:0 rx:0 period:3000] from screen [on:0 period:-1467159602] gl hn u24 rssi=-25 ag=0 hr ticks 0,0,0 ls-=0 [56,56,56,56,61] brc=0 lrc=0
E/WifiStateMachine(  699):  L2ConnectedState (when=-6ms what=131155 arg1=6!CMD_RSSI_POLL 6 0 "Frankdroid7" 1a:19:d6:47:d1:7d rssi=-30 f=2427 sc=60 link=65 tx=0.0, 0.0, 0.0  rx=0.0 bcn=0 [on:0 tx:0 rx:0 period:2] from screen [on:0 period:-1467159600] gl hn u24 rssi=-25 ag=0 hr ticks 0,0,0 ls-=0 [56,56,56,56,61] brc=0 lrc=0
E/WifiStateMachine(  699):  get link layer stats 0
D/WifiHW  (  699): enter -->wifi_send_command cmd=IFNAME=wlan0 SIGNAL_POLL
D/wpa_supplicant(  938): wlan0: Control interface command 'SIGNAL_POLL'
D/WifiHW  (  699): leave --> reply=RSSI=-31
D/WifiHW  (  699): LINKSPEED=65
D/WifiHW  (  699): NOISE=9999
D/WifiHW  (  699): FREQUENCY=2427
D/WifiHW  (  699): 
I/WifiStateMachine(  699): fetchRssiLinkSpeedAndFrequencyNative, newRssi:-31, newLinkSpeed:65, SSID:"Frankdroid7"
D/WifiStateMachine(  699): mLastSignalLevel:4, newSignalLevel:4
E/WifiConfigStore(  699): updateConfiguration freq=2427 BSSID=1a:19:d6:47:d1:7d RSSI=-30 "Frankdroid7"WPA_PSK
V/ActivityManager(  699): Broadcast sticky: Intent { act=android.net.wifi.RSSI_CHANGED flg=0x4000010 (has extras) } ordered=false userid=-1 callerApp=ProcessRecord{cf3a7d7 699:system/1000}
D/WifiWatchdogStateMachine(  699): RSSI current: 4 new: -31, 4
D/NetworkController(  815): onReceive: intent=Intent { act=android.net.wifi.RSSI_CHANGED flg=0x4000010 (has extras) }
D/NetworkController.WifiSignalController(  815): isDirty : false
D/NetworkController.WifiSignalController(  815): Change in state from: connected=true,enabled=true,level=4,inetCondition=1,iconGroup=IconGroup(Wi-Fi Icons),activityIn=false,activityOut=false,rssi=-30,networkType=null,lastModified=05-26 01:01:12,ssid="Frankdroid7"
D/NetworkController.WifiSignalController(  815): 	to: connected=true,enabled=true,level=4,inetCondition=1,iconGroup=IconGroup(Wi-Fi Icons),activityIn=false,activityOut=false,rssi=-31,networkType=null,lastModified=05-26 01:01:12,ssid="Frankdroid7"
D/NetworkController.WifiSignalController(  815): Wifi notifyListeners: level= 4, wifiActivity= 0
D/SignalClusterView(  815): setWifiIndicators, visible=true, strengthIcon=2130837927, contentDescription=Wifi signal full.
D/SignalClusterView(  815): apply(1), mMobileVisible= true, mIsAirplaneMode= false
D/SignalClusterView(  815): apply(), mNetworkType= Type_3G resId= 2130837879
D/NetworkController.WifiSignalController(  815): Wifi notifyListeners: level= 4, wifiActivity= 0
D/SignalClusterView(  815): setWifiIndicators, visible=true, strengthIcon=2130837927, contentDescription=Wifi signal full.
D/SignalClusterView(  815): apply(1), mMobileVisible= true, mIsAirplaneMode= false
D/SignalClusterView(  815): apply(), mNetworkType= Type_3G resId= 2130837879
D/NetworkController.WifiSignalController(  815): Wifi notifyListeners: level= 4, wifiActivity= 0
D/SignalClusterView(  815): setWifiIndicators, visible=true, strengthIcon=2130837927, contentDescription=Wifi signal full.
D/SignalClusterView(  815): apply(1), mMobileVisible= true, mIsAirplaneMode= false
D/SignalClusterView(  815): apply(), mNetworkType= Type_3G resId= 2130837879
V/SettingsInterface( 1187):  from settings cache , name = multi_sim_data_call , value = 1
D/DefaultStatusBarPlmnPlugin(  815): into supportCustomizeCarrierLabel: false
D/DefaultStatusBarPlmnPlugin(  815): into updateCarrierLabel, slotId=0, isSimInserted=true, isHasSimService=true
D/DefaultStatusBarPlmnPlugin(  815): into updateCarrierLabel, slotId=1, isSimInserted=false, isHasSimService=false
D/Surface (  815): Surface::setBuffersDimensions(this=0xb847bb40,w=320,h=27)
D/PerfServiceManager(  699): [PerfService] notifyFrameUpdate - bDuringTouchBoost:false 
I/BufferQueueProducer(  166): [StatusBar](this:0xb897ec70,id:7,api:1,p:815,c:166) queueBuffer: fps=0.16 dur=6061.40 max=6061.40 min=6061.40
I/SurfaceFlinger(  166): [Built-in Screen (type:0)] fps:0.164966,dur:6061.86,max:6061.86,min:6061.86
W/ADB_SERVICES(  253): create_local_service_socket() name=shell:am force-stop com.play.flutter_playground
W/ADB_SERVICES(  253): service_to_fd() name=shell:am force-stop com.play.flutter_playground
W/ADB_SERVICES(  253): read_meminfo() mem_free=24604
W/ADB_SERVICES(  253): create_subproc ret_fd=66 pid=2065
W/ADB_SERVICES(  253): LS(103): bound to 'shell:am force-stop com.play.flutter_playground' via 66
W/ADB_SERVICES( 2065): adb: unable to update oom_score_adj
E/WifiTrafficPoller(  699): TRAFFIC_STATS_POLL true Token 18 num clients 6
E/WifiTrafficPoller(  699):  packet count Tx=65 Rx=37
D/AndroidRuntime( 2065): >>>>>> START com.android.internal.os.RuntimeInit uid 2000 <<<<<<
D/AndroidRuntime( 2065): wait_boot_oat_32 : done
D/AndroidRuntime( 2065): CheckJNI is OFF
D/AndroidRuntime( 2065): language=-Duser.language=en region=-Duser.region=US
E/WifiTrafficPoller(  699): TRAFFIC_STATS_POLL true Token 18 num clients 6
E/WifiTrafficPoller(  699):  packet count Tx=65 Rx=37
D/AndroidRuntime( 2065): Calling main entry com.android.commands.am.Am
W/ActivityManager(  699): Invalid packageName: com.play.flutter_playground
D/AndroidRuntime( 2065): Shutting down VM
I/thermal_repeater(  213): oh, queryMdThermalInfo (0)Bad file number
I/thermal_repeater(  213): [recvMdThermalInfo] ret=15, strLen=127,  2, 32767, -127
D/ADB_SERVICES(  253):  closing because is_eof=1 r=-1 s->fde.force_eof=0
W/ADB_SERVICES(  253): entered. LS(103) fd=66
W/ADB_SERVICES(  253): create_local_service_socket() name=shell:pm list packages com.play.flutter_playground
W/ADB_SERVICES(  253): service_to_fd() name=shell:pm list packages com.play.flutter_playground
W/ADB_SERVICES(  253): read_meminfo() mem_free=8456
W/ADB_SERVICES(  253): create_subproc ret_fd=66 pid=2077
W/ADB_SERVICES(  253): LS(104): bound to 'shell:pm list packages com.play.flutter_playground' via 66
W/ADB_SERVICES( 2077): adb: unable to update oom_score_adj
D/AndroidRuntime( 2077): >>>>>> START com.android.internal.os.RuntimeInit uid 2000 <<<<<<
D/AndroidRuntime( 2077): wait_boot_oat_32 : done
D/AndroidRuntime( 2077): CheckJNI is OFF
D/AndroidRuntime( 2077): language=-Duser.language=en region=-Duser.region=US
D/AndroidRuntime( 2077): Calling main entry com.android.commands.pm.Pm
I/art     ( 2077): System.exit called, status: 0
I/AndroidRuntime( 2077): VM exiting with result code 0.
D/ADB_SERVICES(  253):  closing because is_eof=1 r=-1 s->fde.force_eof=0
W/ADB_SERVICES(  253): entered. LS(104) fd=66
W/ADB_SERVICES(  253): create_local_service_socket() name=sync:
W/ADB_SERVICES(  253): service_to_fd() name=sync:
W/ADB_SERVICES(  253): LS(105): bound to 'sync:' via 66
E/WifiTrafficPoller(  699): TRAFFIC_STATS_POLL true Token 18 num clients 6
E/WifiTrafficPoller(  699):  packet count Tx=65 Rx=37
E/WifiStateMachine(  699):  ConnectedState (when=-3ms what=131155 arg1=6!CMD_RSSI_POLL 6 0 "Frankdroid7" 1a:19:d6:47:d1:7d rssi=-31 f=2427 sc=60 link=65 tx=0.0, 0.0, 0.0  rx=0.0 bcn=0 [on:0 tx:0 rx:0 period:2983] from screen [on:0 period:-1467156569] gl hn u24 rssi=-26 ag=0 hr ticks 0,0,0 ls-=0 [56,56,56,56,61] brc=0 lrc=0
E/WifiStateMachine(  699):  L2ConnectedState (when=-5ms what=131155 arg1=6!CMD_RSSI_POLL 6 0 "Frankdroid7" 1a:19:d6:47:d1:7d rssi=-31 f=2427 sc=60 link=65 tx=0.0, 0.0, 0.0  rx=0.0 bcn=0 [on:0 tx:0 rx:0 period:3] from screen [on:0 period:-1467156566] gl hn u24 rssi=-26 ag=0 hr ticks 0,0,0 ls-=0 [56,56,56,56,61] brc=0 lrc=0
E/WifiStateMachine(  699):  get link layer stats 0
D/WifiHW  (  699): enter -->wifi_send_command cmd=IFNAME=wlan0 SIGNAL_POLL
D/wpa_supplicant(  938): wlan0: Control interface command 'SIGNAL_POLL'
D/WifiHW  (  699): leave --> reply=RSSI=-31
D/WifiHW  (  699): LINKSPEED=65
D/WifiHW  (  699): NOISE=9999
D/WifiHW  (  699): FREQUENCY=2427
D/WifiHW  (  699): 
I/WifiStateMachine(  699): fetchRssiLinkSpeedAndFrequencyNative, newRssi:-31, newLinkSpeed:65, SSID:"Frankdroid7"
D/WifiStateMachine(  699): mLastSignalLevel:4, newSignalLevel:4
E/WifiConfigStore(  699): updateConfiguration freq=2427 BSSID=1a:19:d6:47:d1:7d RSSI=-30 "Frankdroid7"WPA_PSK
V/ActivityManager(  699): Broadcast sticky: Intent { act=android.net.wifi.RSSI_CHANGED flg=0x4000010 (has extras) } ordered=false userid=-1 callerApp=ProcessRecord{cf3a7d7 699:system/1000}
D/WifiWatchdogStateMachine(  699): RSSI current: 4 new: -31, 4
D/NetworkController(  815): onReceive: intent=Intent { act=android.net.wifi.RSSI_CHANGED flg=0x4000010 (has extras) }
D/NetworkController.WifiSignalController(  815): isDirty : false
E/WifiTrafficPoller(  699): TRAFFIC_STATS_POLL true Token 18 num clients 6
E/WifiTrafficPoller(  699):  packet count Tx=65 Rx=37
E/WifiTrafficPoller(  699): TRAFFIC_STATS_POLL true Token 18 num clients 6
E/WifiTrafficPoller(  699):  packet count Tx=65 Rx=37
E/WifiTrafficPoller(  699): TRAFFIC_STATS_POLL true Token 18 num clients 6
E/WifiTrafficPoller(  699):  packet count Tx=65 Rx=37
E/WifiStateMachine(  699):  ConnectedState (when=-4ms what=131155 arg1=6!CMD_RSSI_POLL 6 0 "Frankdroid7" 1a:19:d6:47:d1:7d rssi=-31 f=2427 sc=60 link=65 tx=0.0, 0.0, 0.0  rx=0.0 bcn=0 [on:0 tx:0 rx:0 period:3003] from screen [on:0 period:-1467153539] gl hn u24 rssi=-26 ag=0 hr ticks 0,0,0 ls-=0 [56,56,56,56,61] brc=0 lrc=0
E/WifiStateMachine(  699):  L2ConnectedState (when=-8ms what=131155 arg1=6!CMD_RSSI_POLL 6 0 "Frankdroid7" 1a:19:d6:47:d1:7d rssi=-31 f=2427 sc=60 link=65 tx=0.0, 0.0, 0.0  rx=0.0 bcn=0 [on:0 tx:0 rx:0 period:2] from screen [on:0 period:-1467153537] gl hn u24 rssi=-26 ag=0 hr ticks 0,0,0 ls-=0 [56,56,56,56,61] brc=0 lrc=0
E/WifiStateMachine(  699):  get link layer stats 0
D/WifiHW  (  699): enter -->wifi_send_command cmd=IFNAME=wlan0 SIGNAL_POLL
D/wpa_supplicant(  938): wlan0: Control interface command 'SIGNAL_POLL'
D/WifiHW  (  699): leave --> reply=RSSI=-35
D/WifiHW  (  699): LINKSPEED=65
D/WifiHW  (  699): NOISE=9999
D/WifiHW  (  699): FREQUENCY=2427
D/WifiHW  (  699): 
I/WifiStateMachine(  699): fetchRssiLinkSpeedAndFrequencyNative, newRssi:-35, newLinkSpeed:65, SSID:"Frankdroid7"
D/WifiStateMachine(  699): mLastSignalLevel:4, newSignalLevel:4
E/WifiConfigStore(  699): updateConfiguration freq=2427 BSSID=1a:19:d6:47:d1:7d RSSI=-32 "Frankdroid7"WPA_PSK
V/ActivityManager(  699): Broadcast sticky: Intent { act=android.net.wifi.RSSI_CHANGED flg=0x4000010 (has extras) } ordered=false userid=-1 callerApp=ProcessRecord{cf3a7d7 699:system/1000}
D/WifiWatchdogStateMachine(  699): RSSI current: 4 new: -35, 4
D/NetworkController(  815): onReceive: intent=Intent { act=android.net.wifi.RSSI_CHANGED flg=0x4000010 (has extras) }
D/NetworkController.WifiSignalController(  815): isDirty : false
D/NetworkController.WifiSignalController(  815): Change in state from: connected=true,enabled=true,level=4,inetCondition=1,iconGroup=IconGroup(Wi-Fi Icons),activityIn=false,activityOut=false,rssi=-31,networkType=null,lastModified=05-26 01:01:18,ssid="Frankdroid7"
D/NetworkController.WifiSignalController(  815): 	to: connected=true,enabled=true,level=4,inetCondition=1,iconGroup=IconGroup(Wi-Fi Icons),activityIn=false,activityOut=false,rssi=-35,networkType=null,lastModified=05-26 01:01:18,ssid="Frankdroid7"
D/NetworkController.WifiSignalController(  815): Wifi notifyListeners: level= 4, wifiActivity= 0
D/SignalClusterView(  815): setWifiIndicators, visible=true, strengthIcon=2130837927, contentDescription=Wifi signal full.
D/SignalClusterView(  815): apply(1), mMobileVisible= true, mIsAirplaneMode= false
D/SignalClusterView(  815): apply(), mNetworkType= Type_3G resId= 2130837879
D/NetworkController.WifiSignalController(  815): Wifi notifyListeners: level= 4, wifiActivity= 0
D/SignalClusterView(  815): setWifiIndicators, visible=true, strengthIcon=2130837927, contentDescription=Wifi signal full.
D/SignalClusterView(  815): apply(1), mMobileVisible= true, mIsAirplaneMode= false
D/SignalClusterView(  815): apply(), mNetworkType= Type_3G resId= 2130837879
D/NetworkController.WifiSignalController(  815): Wifi notifyListeners: level= 4, wifiActivity= 0
D/SignalClusterView(  815): setWifiIndicators, visible=true, strengthIcon=2130837927, contentDescription=Wifi signal full.
D/SignalClusterView(  815): apply(1), mMobileVisible= true, mIsAirplaneMode= false
D/SignalClusterView(  815): apply(), mNetworkType= Type_3G resId= 2130837879
V/SettingsInterface( 1187):  from settings cache , name = multi_sim_data_call , value = 1
D/DefaultStatusBarPlmnPlugin(  815): into supportCustomizeCarrierLabel: false
D/DefaultStatusBarPlmnPlugin(  815): into updateCarrierLabel, slotId=0, isSimInserted=true, isHasSimService=true
D/DefaultStatusBarPlmnPlugin(  815): into updateCarrierLabel, slotId=1, isSimInserted=false, isHasSimService=false
D/Surface (  815): Surface::setBuffersDimensions(this=0xb847bb40,w=320,h=27)
D/PerfServiceManager(  699): [PerfService] notifyFrameUpdate - bDuringTouchBoost:false 
I/BufferQueueProducer(  166): [StatusBar](this:0xb897ec70,id:7,api:1,p:815,c:166) queueBuffer: fps=0.16 dur=6087.27 max=6087.27 min=6087.27
I/SurfaceFlinger(  166): [Built-in Screen (type:0)] fps:0.164071,dur:6094.91,max:6094.91,min:6094.91
E/WifiTrafficPoller(  699): TRAFFIC_STATS_POLL true Token 18 num clients 6
E/WifiTrafficPoller(  699):  packet count Tx=65 Rx=37
D/ADB_SERVICES(  253): adb fdevent_process list (63) (13) (64) (4) (20) (53) (24) (33) (14) (37) (43) (26) (57) (28) (65) (30) (31) (32) (51) (34) (23) (36) (49) (38) (61) (40) (41) (42) (27) (44) (45) (46) (55) (48) (47) (50) (21) (52) (19) (54) (25) (56) (29) (58) (59) (60) (35) (62) (39) (66) 
D/ADB_SERVICES(  253): adb socket read list (63) (64) (13) (24) (14) (26) (28) (30) (32) (34) (36) (38) (40) (42) (44) (46) (48) (50) (52) (54) (56) (58) (60) (62) (66) 
D/ADB_SERVICES(  253): read_data=663684
D/ADB_SERVICES(  253): max_read_time=0.000243 max_send_time=0.000334 
D/ADB_SERVICES(  253): adb local_socket_ready list (63) (64) (13) (24) (14) (26) (28) (30) (32) (34) (36) (38) (40) (42) (44) (46) (48) (50) (52) (54) (56) (58) (60) (62) (66) 
I/thermal_repeater(  213): oh, queryMdThermalInfo (0)Bad file number
I/thermal_repeater(  213): [recvMdThermalInfo] ret=15, strLen=127,  2, 32767, -127
E/WifiTrafficPoller(  699): TRAFFIC_STATS_POLL true Token 18 num clients 6
E/WifiTrafficPoller(  699):  packet count Tx=65 Rx=37
D/ADB_SERVICES(  253): adb socket write list (64) (13) (14) (24) (26) (28) (30) (32) (34) (36) (38) (40) (42) (44) (46) (48) (50) (52) (54) (56) (58) (60) (62) (63) (66) 
D/ADB_SERVICES(  253): write_data=90052159
E/WifiTrafficPoller(  699): TRAFFIC_STATS_POLL true Token 18 num clients 6
E/WifiTrafficPoller(  699):  packet count Tx=65 Rx=37
E/WifiStateMachine(  699):  ConnectedState (when=-3ms what=131155 arg1=6!CMD_RSSI_POLL 6 0 "Frankdroid7" 1a:19:d6:47:d1:7d rssi=-35 f=2427 sc=60 link=65 tx=0.0, 0.0, 0.0  rx=0.0 bcn=0 [on:0 tx:0 rx:0 period:2985] from screen [on:0 period:-1467150509] gl hn u24 rssi=-30 ag=0 hr ticks 0,0,0 ls-=0 [56,56,56,56,61] brc=0 lrc=0
E/WifiStateMachine(  699):  L2ConnectedState (when=-4ms what=131155 arg1=6!CMD_RSSI_POLL 6 0 "Frankdroid7" 1a:19:d6:47:d1:7d rssi=-35 f=2427 sc=60 link=65 tx=0.0, 0.0, 0.0  rx=0.0 bcn=0 [on:0 tx:0 rx:0 period:1] from screen [on:0 period:-1467150508] gl hn u24 rssi=-30 ag=0 hr ticks 0,0,0 ls-=0 [56,56,56,56,61] brc=0 lrc=0
E/WifiStateMachine(  699):  get link layer stats 0
D/WifiHW  (  699): enter -->wifi_send_command cmd=IFNAME=wlan0 SIGNAL_POLL
D/wpa_supplicant(  938): wlan0: Control interface command 'SIGNAL_POLL'
D/WifiHW  (  699): leave --> reply=RSSI=-35
D/WifiHW  (  699): LINKSPEED=65
D/WifiHW  (  699): NOISE=9999
D/WifiHW  (  699): FREQUENCY=2427
D/WifiHW  (  699): 
I/WifiStateMachine(  699): fetchRssiLinkSpeedAndFrequencyNative, newRssi:-35, newLinkSpeed:65, SSID:"Frankdroid7"
D/WifiStateMachine(  699): mLastSignalLevel:4, newSignalLevel:4
E/WifiConfigStore(  699): updateConfiguration freq=2427 BSSID=1a:19:d6:47:d1:7d RSSI=-33 "Frankdroid7"WPA_PSK
V/ActivityManager(  699): Broadcast sticky: Intent { act=android.net.wifi.RSSI_CHANGED flg=0x4000010 (has extras) } ordered=false userid=-1 callerApp=ProcessRecord{cf3a7d7 699:system/1000}
D/WifiWatchdogStateMachine(  699): RSSI current: 4 new: -35, 4
D/NetworkController(  815): onReceive: intent=Intent { act=android.net.wifi.RSSI_CHANGED flg=0x4000010 (has extras) }
D/NetworkController.WifiSignalController(  815): isDirty : false
E/WifiTrafficPoller(  699): TRAFFIC_STATS_POLL true Token 18 num clients 6
E/WifiTrafficPoller(  699):  packet count Tx=65 Rx=37
D/ADB_SERVICES(  253):  closing because is_eof=1 r=0 s->fde.force_eof=0
W/ADB_SERVICES(  253): entered. LS(105) fd=66
W/ADB_SERVICES(  253): create_local_service_socket() name=shell:pm 'install' '-t' '-r' '/data/local/tmp/app.apk'
W/ADB_SERVICES(  253): service_to_fd() name=shell:pm 'install' '-t' '-r' '/data/local/tmp/app.apk'
W/ADB_SERVICES(  253): read_meminfo() mem_free=2924
W/ADB_SERVICES(  253): create_subproc ret_fd=66 pid=2091
W/ADB_SERVICES(  253): LS(106): bound to 'shell:pm 'install' '-t' '-r' '/data/local/tmp/app.apk'' via 66
W/ADB_SERVICES( 2091): adb: unable to update oom_score_adj
E/WifiStateMachine(  699):  ConnectedState (when=-2ms what=131143 arg1=-2 arg2=25) !CMD_START_SCAN -2 25 ic=0 proc(ms):20003 dur:1263 cnt=25 rssi=-35 f=2427 sc=60 link=65 tx=0.0, 0.0, 0.0  rx=0.0 list=2427 [on:0 tx:0 rx:0 period:1122] from screen [on:0 period:-1467149362]
E/WifiStateMachine(  699):  L2ConnectedState (when=-7ms what=131143 arg1=-2 arg2=25) !CMD_START_SCAN -2 25 ic=0 proc(ms):20007 dur:1263 cnt=25 rssi=-35 f=2427 sc=60 link=65 tx=0.0, 0.0, 0.0  rx=0.0 list=2427 [on:0 tx:0 rx:0 period:1] from screen [on:0 period:-1467149361]
E/WifiStateMachine(  699): WifiStateMachine CMD_START_SCAN source -2 txSuccessRate=0.00 rxSuccessRate=0.00 targetRoamBSSID=any RSSI=-35
E/WifiStateMachine(  699): startDelayedScan send -> 26 milli 20000
E/WifiStateMachine(  699): WifiStateMachine CMD_START_SCAN with age=40017 interval=30000 maxinterval=300000
E/WifiStateMachine(  699): WifiStateMachine CMD_START_SCAN try full band scan age=40017 interval=30000 maxinterval=300000
E/WifiStateMachine(  699): WifiStateMachine CMD_START_SCAN full=true
E/WifiStateMachine(  699): WifiStateMachine CMD_START_SCAN bump interval =45000
E/WifiStateMachine(  699): stopReconnectWifi Wfd=false StopScan=false mDontReconnectAndScan=false
D/WifiHW  (  699): enter -->wifi_send_command cmd=IFNAME=wlan0 SCAN TYPE=ONLY
D/wpa_supplicant(  938): wlan0: Control interface command 'SCAN TYPE=ONLY'
D/wpa_supplicant(  938): hw.num_modes = 2
D/wpa_supplicant(  938): wlan0: Setting scan request: 0.000000 sec
D/wpa_supplicant(  938): wlan0: Starting AP scan for wildcard SSID
D/wpa_supplicant(  938): WPS: Building WPS IE for Probe Request
D/wpa_supplicant(  938): WPS:  * Version (hardcoded 0x10)
